0 0
0.5 0.00661359516066413
1 0.0153010838980986
1.5 0.0265900356621796
2 0.0409934125788425
2.5 0.0589987507124758
3 0.0809424273696581
3.5 0.10695049512941
4 0.136786876008781
4.5 0.169820992035788
5 0.205056679730948
5.5 0.241268482461037
6 0.277150168308123
6.5 0.311508160775147
7 0.343394653471278
7.5 0.372174880365047
8 0.397529647172417
8.5 0.419429792932988
9 0.438010738296919
9.5 0.453550630593677
10 0.466394554534025
10.5 0.476908440165272
11 0.485448060037351
11.5 0.492340636216701
12 0.497875823178667
12.5 0.502280750293831
13 0.505796057745544
13.5 0.508594693529318
14 0.510818543913316
14.5 0.512583010622336
15 0.513981331338941
15.5 0.515114626418844
16 0.516005877419233
16.5 0.51670626101212
17 0.517256332742107
17.5 0.51768815415112
18 0.518027024117079
18.5 0.518292875889364
19 0.518501396965156
19.5 0.518664922270269
20 0.51879314376847
20.5 0.518893672534434
21 0.518972482927173
21.5 0.519034262958042
22 0.519082690273869
22.5 0.519120649307985
23 0.519150401993565
23.5 0.519173721879729
24 0.519191999440669
24.5 0.519206324731271
25 0.519217552241432
25.5 0.519226351770082
26 0.519233248324666
26.5 0.519238653408699
27 0.519242889553204
27.5 0.519246209549122
28 0.519248811524192
28.5 0.519250850761516
29 0.519252448963528
29.5 0.519253701513313
30 0.519254683166016
30.5 0.519255452509681
31 0.519256055461511
31.5 0.519256528008105
32 0.519256898353103
Total steps: 294
