0 0
0.5 0.00569445116210938
1 0.0129659977275632
1.5 0.0221821069962961
2 0.0337526803836315
2.5 0.0481080479323034
3 0.0656594542564246
3.5 0.0867392981203028
4 0.111523440445023
4.5 0.139946459335709
5 0.171630859677078
5.5 0.205857790015229
6 0.241603020550878
6.5 0.277644374075555
7 0.312720659566213
7.5 0.345700687504296
8 0.3757168677255
8.5 0.402233472833608
9 0.425045127174755
9.5 0.444222687527632
10 0.460033110316133
10.5 0.472857448737143
11 0.483122341501845
11.5 0.491251036223387
12 0.497633379050817
12.5 0.50261091184085
13 0.506472423589613
13.5 0.509455865636847
14 0.511753583597623
14.5 0.513518848851004
15 0.514872488472533
15.5 0.515908981645323
16 0.516701751650944
16.5 0.517307592518516
17 0.517770279688537
17.5 0.518123463292774
18 0.518392957118323
18.5 0.518598532606181
19 0.518755315211658
19.5 0.518874865665373
20 0.518966014004487
20.5 0.519035501030973
21 0.519088470576403
21.5 0.519128846644745
22 0.519159621991205
22.5 0.519183078722954
23 0.519200956812006
23.5 0.519214582747885
24 0.519224967717288
24.5 0.519232882504643
25 0.51923891461925
25.5 0.519243511858436
26 0.519247015522576
26.5 0.519249685737384
27 0.519251720757398
27.5 0.519253271680334
28 0.519254453662784
28.5 0.519255354468816
29 0.519256040985542
29.5 0.51925656418904
30 0.519256962929138
30.5 0.51925726681395
31 0.51925749840829
31.5 0.519257674909129
32 0.519257809422522
Total steps: 256
