0 0
1 0.0192582403567252
2 0.0529162266315973
3 0.104141534745075
4 0.1702874430019
5 0.242734657804685
6 0.311457618885597
7 0.369643138334959
8 0.414938447027211
9 0.448167921797622
10 0.471573226912988
11 0.487613195999765
12 0.498407105791871
13 0.505583950194729
14 0.510318321622417
15 0.513425387069632
16 0.515457632445867
17 0.516783954217788
18 0.517648327177092
19 0.518211121487506
20 0.518577336048563
21 0.518815540977524
22 0.51897044220017
23 0.519071155485739
24 0.519136629920679
25 0.519179192334711
26 0.519206859261351
27 0.519224843112435
28 0.519236532616877
29 0.519244130700311
30 0.519249069352905
31 0.519252279394026
32 0.519254365859581
Total steps: 32
