0 0
0.0625 0.000645134438809927
0.125 0.00131099563299395
0.1875 0.00199818950752217
0.25 0.00270733564219862
0.3125 0.00343906729621375
0.375 0.00419403140902948
0.4375 0.00497288857572165
0.5 0.00577631299482153
0.5625 0.00660499238662687
0.625 0.00745962787986599
0.6875 0.00834093386452419
0.75 0.00924963780856765
0.8125 0.0101864800362293
0.875 0.011152213465451
0.9375 0.012147603302015
1 0.0131734266878413
1.0625 0.0142304723008747
1.125 0.0153195399039437
1.1875 0.016441439839941
1.25 0.0175969924706482
1.3125 0.0187870275565139
1.375 0.0200123835747021
1.4375 0.0212739069727321
1.5 0.022572451355067
1.5625 0.0239088766000516
1.625 0.0252840479046696
1.6875 0.0266988347546745
1.75 0.0281541098177526
1.8125 0.0296507477575139
1.875 0.0311896239662621
1.9375 0.0327716132146774
2 0.0343975882167555
2.0625 0.0360684181085955
2.125 0.037784966839899
2.1875 0.0395480914773473
2.25 0.0413586404193689
2.3125 0.0432174515221824
2.375 0.0451253501374126
2.4375 0.047083147062022
2.5 0.0490916364017903
2.5625 0.05115159335009
2.625 0.0532637718842644
2.6875 0.0554289023825095
2.75 0.0576476891647815
2.8125 0.0599208079619157
2.875 0.0622489033178306
2.9375 0.0646325859304024
3 0.0670724299373379
3.0625 0.0695689701541356
3.125 0.0721226992719928
3.1875 0.0747340650243115
3.25 0.0774034673312314
3.3125 0.0801312554324209
3.375 0.0829177250191219
3.4375 0.0857631153772096
3.5 0.0886676065537663
3.5625 0.0916313165603661
3.625 0.0946542986269229
3.6875 0.0977365385205667
3.75 0.100877951944551
3.8125 0.104078382032663
3.875 0.107337596955002
3.9375 0.11065528765128
4 0.114031065707999
4.0625 0.117464461395932
4.125 0.120954921884314
4.1875 0.124501809647962
4.25 0.128104401083257
4.3125 0.131761885348486
4.375 0.135473363443426
4.4375 0.13923784754236
4.5 0.143054260593789
4.5625 0.146921436199086
4.625 0.150838118781157
4.6875 0.154802964052836
4.75 0.158814539793267
4.8125 0.16287132693893
4.875 0.166971720994264
4.9375 0.171114033764962
5 0.175296495415133
5.0625 0.179517256847489
5.125 0.183774392403644
5.1875 0.188065902879512
5.25 0.192389718848615
5.3125 0.196743704284028
5.375 0.201125660467482
5.4375 0.205533330172133
5.5 0.20996440210345
5.5625 0.214416515580737
5.625 0.218887265439999
5.6875 0.22337420713715
5.75 0.22787486202901
5.8125 0.232386722808171
5.875 0.236907259066599
5.9375 0.24143392296186
6 0.245964154959036
6.0625 0.250495389620856
6.125 0.255025061418215
6.1875 0.259550610533117
6.25 0.26406948862623
6.3125 0.268579164541538
6.375 0.2730771299212
6.4375 0.277560904704442
6.5 0.282028042485352
6.5625 0.286476135705602
6.625 0.290902820659483
6.6875 0.295305782290175
6.75 0.299682758757813
6.8125 0.304031545761726
6.875 0.308350000601091
6.9375 0.312636045960245
7 0.316887673406884
7.0625 0.321102946593492
7.125 0.325280004154399
7.1875 0.329417062292947
7.25 0.333512417055295
7.3125 0.337564446289422
7.375 0.341571611289784
7.4375 0.345532458130012
7.5 0.34944561868775
7.5625 0.353309811367452
7.625 0.357123841528464
7.6875 0.360886601627187
7.75 0.364597071083382
7.8125 0.368254315881839
7.875 0.371857487921678
7.9375 0.375405824126377
8 0.378898645328408
8.0625 0.382335354942917
8.125 0.385715437445355
8.1875 0.389038456668311
8.25 0.392304053932951
8.3125 0.3955119460306
8.375 0.398661923069922
8.4375 0.401753846205045
8.5 0.40478764525973
8.5625 0.407763316262348
8.625 0.410680918906067
8.6875 0.413540573948112
8.75 0.416342460561509
8.8125 0.419086813652071
8.875 0.421773921152808
8.9375 0.424404121307249
9 0.426977799952497
9.0625 0.429495387812133
9.125 0.431957357808346
9.1875 0.434364222401978
9.25 0.436716530968422
9.3125 0.439014867216615
9.375 0.441259846657646
9.4375 0.443452114128838
9.5 0.445592341378469
9.5625 0.447681224715651
9.625 0.449719482729297
9.6875 0.451707854079464
9.75 0.453647095363831
9.8125 0.455537979061537
9.875 0.457381291556071
9.9375 0.459177831238469
10 0.460928406691627
10.0625 0.462633834956118
10.125 0.464294939877548
10.1875 0.465912550535137
10.25 0.467487499750893
10.3125 0.469020622678488
10.375 0.470512755470659
10.4375 0.471964734023769
10.5 0.473377392797944
10.5625 0.474751563711034
10.625 0.476088075104505
10.6875 0.477387750779228
10.75 0.478651409099042
10.8125 0.479879862159876
10.875 0.481073915022147
10.9375 0.482234365004093
11 0.48336200103369
11.0625 0.484457603056746
11.125 0.485521941498786
11.1875 0.486555776778336
11.25 0.487559858869214
11.3125 0.488534926909482
11.375 0.489481708854733
11.4375 0.490400921173418
11.5 0.491293268581982
11.5625 0.492159443817603
11.625 0.493000127446418
11.6875 0.493815987705128
11.75 0.494607680374006
11.8125 0.495375848679313
11.875 0.49612112322327
11.9375 0.496844121939757
12 0.497545450073987
12.0625 0.498225700184482
12.125 0.498885452165748
12.1875 0.499525273290091
12.25 0.50014571826713
12.3125 0.500747329319574
12.375 0.501330636273957
12.4375 0.501896156665044
12.5 0.502444395852705
12.5625 0.502975847150122
12.625 0.503490991962247
12.6875 0.503990299933478
12.75 0.504474229103611
12.8125 0.504943226071139
12.875 0.50539772616306
12.9375 0.505838153610387
13 0.506264921728601
13.0625 0.506678433102358
13.125 0.507079079773776
13.1875 0.507467243433692
13.25 0.50784329561533
13.3125 0.508207597889828
13.375 0.508560502063132
13.4375 0.508902350373814
13.5 0.509233475691374
13.5625 0.509554201714642
13.625 0.50986484316991
13.6875 0.510165706008479
13.75 0.510457087603305
13.8125 0.510739276944459
13.875 0.511012554833175
13.9375 0.511277194074219
14 0.511533459666402
14.0625 0.511781608991031
14.125 0.512021891998138
14.1875 0.512254551390329
14.25 0.512479822804124
14.3125 0.512697934988667
14.375 0.512909109981706
14.4375 0.513113563282746
14.5 0.513311504023308
14.5625 0.513503135134211
14.625 0.513688653509846
14.6875 0.51386825016938
14.75 0.514042110414859
14.8125 0.514210413986188
14.875 0.514373335212961
14.9375 0.514531043163149
15 0.514683701788617
15.0625 0.514831470067485
15.125 0.514974502143352
15.1875 0.515112947461374
15.25 0.515246950901224
15.3125 0.515376652906968
15.375 0.515502189613858
15.4375 0.515623692972099
15.5 0.515741290867601
15.5625 0.515855107239759
15.625 0.515965262196312
15.6875 0.516071872125295
15.75 0.516175049804155
15.8125 0.516274904506048
15.875 0.51637154210339
15.9375 0.51646506516868
16 0.516555573072674
16.0625 0.516643162079925
16.125 0.516727925441771
16.1875 0.516809953486794
16.25 0.516889333708823
16.3125 0.51696615085251
16.375 0.51704048699655
16.4375 0.517112421634582
16.5 0.517182031753825
16.5625 0.517249391911509
16.625 0.517314574309129
16.6875 0.517377648864606
16.75 0.517438683282369
16.8125 0.517497743121428
16.875 0.51755489186149
16.9375 0.517610190967148
17 0.517663699950209
17.0625 0.517715476430194
17.125 0.517765576193068
17.1875 0.517814053248239
17.25 0.51786095988387
17.3125 0.517906346720548
17.375 0.517950262763364
17.4375 0.517992755452428
17.5 0.518033870711878
17.5625 0.518073652997417
17.625 0.51811214534241
17.6875 0.518149389402598
17.75 0.518185425499453
17.8125 0.518220292662216
17.875 0.518254028668656
17.9375 0.518286670084589
18 0.518318252302183
18.0625 0.518348809577093
18.125 0.518378375064453
18.1875 0.518406980853763
18.25 0.518434658002699
18.3125 0.518461436569877
18.375 0.518487345646604
18.4375 0.518512413387651
18.5 0.518536667041056
18.5625 0.518560132977016
18.625 0.51858283671587
18.6875 0.518604802955207
18.75 0.518626055596135
18.8125 0.518646617768724
18.875 0.518666511856649
18.9375 0.518685759521061
19 0.518704381723715
19.0625 0.518722398749364
19.125 0.518739830227447
19.1875 0.518756695153095
19.25 0.518773011907481
19.3125 0.518788798277515
19.375 0.518804071474922
19.4375 0.51881884815472
19.5 0.518833144433108
19.5625 0.518846975904786
19.625 0.518860357659728
19.6875 0.518873304299422
19.75 0.518885829952592
19.8125 0.518897948290417
19.875 0.518909672541276
19.9375 0.518921015505011
20 0.51893198956674
20.0625 0.518942606710234
20.125 0.518952878530857
20.1875 0.5189628162481
20.25 0.518972430717713
20.3125 0.518981732443445
20.375 0.518990731588416
20.4375 0.518999437986113
20.5 0.519007861151046
20.5625 0.519016010289056
20.625 0.51902389430729
20.6875 0.519031521823861
20.75 0.519038901177196
20.8125 0.519046040435084
20.875 0.51905294740343
20.9375 0.519059629634731
21 0.519066094436282
21.0625 0.519072348878108
21.125 0.519078399800653
21.1875 0.519084253822212
21.25 0.519089917346128
21.3125 0.519095396567755
21.375 0.519100697481201
21.4375 0.519105825885845
21.5 0.519110787392652
21.5625 0.51911558743028
21.625 0.519120231250993
21.6875 0.519124723936378
21.75 0.519129070402883
21.8125 0.519133275407171
21.875 0.519137343551305
21.9375 0.519141279287765
22 0.519145086924297
22.0625 0.519148770628616
22.125 0.519152334432948
22.1875 0.519155782238424
22.25 0.519159117819344
22.3125 0.519162344827286
22.375 0.519165466795098
22.4375 0.519168487140746
22.5 0.51917140917105
22.5625 0.519174236085294
22.625 0.519176970978715
22.6875 0.519179616845883
22.75 0.519182176583978
22.8125 0.519184652995944
22.875 0.519187048793557
22.9375 0.519189366600388
23 0.519191608954663
23.0625 0.519193778312043
23.125 0.519195877048305
23.1875 0.519197907461937
23.25 0.519199871776652
23.3125 0.519201772143816
23.375 0.519203610644803
23.4375 0.51920538929327
23.5 0.519207110037353
23.5625 0.519208774761806
23.625 0.519210385290055
23.6875 0.519211943386194
23.75 0.519213450756916
23.8125 0.519214909053378
23.875 0.519216319873005
23.9375 0.519217684761242
24 0.519219005213242
24.0625 0.519220282675499
24.125 0.519221518547437
24.1875 0.519222714182936
24.25 0.519223870891812
24.3125 0.519224989941258
24.375 0.519226072557222
24.4375 0.519227119925752
24.5 0.519228133194297
24.5625 0.519229113472957
24.625 0.519230061835703
24.6875 0.519230979321551
24.75 0.519231866935696
24.8125 0.519232725650617
24.875 0.51923355640714
24.9375 0.519234360115466
25 0.51923513765617
25.0625 0.519235889881163
25.125 0.519236617614628
25.1875 0.519237321653917
25.25 0.519238002770429
25.3125 0.519238661710451
25.375 0.519239299195979
25.4375 0.519239915925506
25.5 0.519240512574785
25.5625 0.519241089797574
25.625 0.519241648226347
25.6875 0.519242188472989
25.75 0.519242711129467
25.8125 0.519243216768477
25.875 0.519243705944072
25.9375 0.519244179192265
26 0.519244637031621
26.0625 0.519245079963826
26.125 0.519245508474229
26.1875 0.519245923032382
26.25 0.519246324092547
26.3125 0.519246712094201
26.375 0.51924708746251
26.4375 0.519247450608802
26.5 0.51924780193101
26.5625 0.519248141814113
26.625 0.519248470630557
26.6875 0.519248788740663
26.75 0.519249096493018
26.8125 0.519249394224865
26.875 0.519249682262463
26.9375 0.51924996092145
27 0.519250230507189
27.0625 0.5192504913151
27.125 0.519250743630986
27.1875 0.519250987731342
27.25 0.519251223883664
27.3125 0.519251452346737
27.375 0.519251673370922
27.4375 0.519251887198427
27.5 0.519252094063575
27.5625 0.519252294193062
27.625 0.519252487806197
27.6875 0.519252675115156
27.75 0.519252856325201
27.8125 0.519253031634914
27.875 0.519253201236411
27.9375 0.519253365315552
28 0.519253524052145
28.0625 0.519253677620147
28.125 0.519253826187847
28.1875 0.519253969918058
28.25 0.519254108968288
28.3125 0.519254243490921
28.375 0.519254373633377
28.4375 0.519254499538277
28.5 0.519254621343597
28.5625 0.519254739182821
28.625 0.519254853185088
28.6875 0.519254963475332
28.75 0.519255070174418
28.8125 0.519255173399276
28.875 0.519255273263029
28.9375 0.519255369875117
29 0.519255463341417
29.0625 0.519255553764357
29.125 0.519255641243032
29.1875 0.519255725873309
29.25 0.519255807747934
29.3125 0.519255886956634
29.375 0.519255963586213
29.4375 0.519256037720649
29.5 0.519256109441187
29.5625 0.519256178826424
29.625 0.5192562459524
29.6875 0.51925631089268
29.75 0.519256373718429
29.8125 0.519256434498501
29.875 0.519256493299505
29.9375 0.51925655018588
30 0.519256605219968
30.0625 0.519256658462083
30.125 0.519256709970572
30.1875 0.519256759801884
30.25 0.519256808010629
30.3125 0.51925685464964
30.375 0.51925689977003
30.4375 0.519256943421245
30.5 0.519256985651125
30.5625 0.519257026505948
30.625 0.519257066030489
30.6875 0.519257104268063
30.75 0.519257141260575
30.8125 0.519257177048565
30.875 0.519257211671254
30.9375 0.519257245166585
31 0.519257277571267
31.0625 0.519257308920812
31.125 0.519257339249577
31.1875 0.519257368590799
31.25 0.519257396976635
31.3125 0.519257424438192
31.375 0.519257451005566
31.4375 0.519257476707873
31.5 0.51925750157328
31.5625 0.519257525629039
31.625 0.519257548901511
31.6875 0.519257571416201
31.75 0.519257593197785
31.8125 0.519257614270132
31.875 0.519257634656337
31.9375 0.519257654378741
32 0.519257673458957
Total steps: 512
