0 0
1 0.0132168761236874
2 0.0344536343817585
3 0.0669743160175137
4 0.113394597526398
5 0.173649370198357
6 0.243211619810001
7 0.313662144439858
8 0.376175572566301
9 0.425342873386387
10 0.4603473152469
11 0.483470160750645
12 0.497971155732518
13 0.506762753024498
14 0.511981931213073
15 0.515041236538957
16 0.516821067085567
17 0.517851983604732
18 0.518447587442412
19 0.51879118363944
20 0.51898923040213
21 0.519103327051005
22 0.519169040542705
23 0.519206881756764
24 0.519228670621779
25 0.519241215907673
26 0.519248438829807
27 0.519252597337238
28 0.519254991521258
29 0.519256369920357
30 0.519257163500772
31 0.51925762038487
32 0.519257883424175
Total steps: 32
