0 0
0.0625 0.000634907837842784
0.125 0.00128991865815156
0.1875 0.0019656136146948
0.25 0.00266258696734451
0.3125 0.00338144612353834
0.375 0.00412281165908362
0.4375 0.00488731731662456
0.5 0.00567560998003534
0.5625 0.00648834962290997
0.625 0.00732620922927213
0.6875 0.00818987468451846
0.75 0.00908004463456954
0.8125 0.00999743031111482
0.875 0.0109427553207743
0.9375 0.0119167553959358
1 0.0129201781049673
1.0625 0.0139537825194466
1.125 0.0150183388360007
1.1875 0.0161146279503065
1.25 0.0172434409807661
1.3125 0.018405578739343
1.375 0.0196018511470323
1.4375 0.0208330765914253
1.5 0.0221000812238403
1.5625 0.0234036981935103
1.625 0.0247447668163542
1.6875 0.0261241316759015
1.75 0.0275426416540225
1.8125 0.0290011488891922
1.875 0.0305005076601376
1.9375 0.0320415731928341
2 0.0336252003889919
2.0625 0.0352522424743357
2.125 0.0369235495652047
2.1875 0.0386399671522268
2.25 0.0404023345000884
2.3125 0.0422114829627273
2.375 0.044068234213588
2.4375 0.0459733983909617
2.5 0.0479277721588107
2.5625 0.0499321366839184
2.625 0.0519872555306636
2.6875 0.0540938724752248
2.75 0.056252709241537
2.8125 0.0584644631619088
2.875 0.0607298047657885
2.9375 0.0630493753008071
3 0.0654237841908745
3.0625 0.0678536064367967
3.125 0.0703393799655709
3.1875 0.0728816029352603
3.25 0.0754807310030726
3.3125 0.078137174565019
3.375 0.0808512959762877
3.4375 0.0836234067622153
3.5 0.08645376483048
3.5625 0.0893425716958733
3.625 0.0922899697297123
3.6875 0.0952960394466263
3.75 0.098360796842087
3.8125 0.101484190794641
3.875 0.104666100547327
3.9375 0.107906333283229
4 0.111204621810486
4.0625 0.114560622372394
4.125 0.117973912598435
4.1875 0.121443989612141
4.25 0.124970268311739
4.3125 0.12855207983932
4.375 0.132188670254074
4.4375 0.135879199424685
4.5 0.139622740155474
4.5625 0.143418277560192
4.625 0.147264708696522
4.6875 0.151160842473404
4.75 0.155105399842165
4.8125 0.159097014281174
4.875 0.163134232582372
4.9375 0.167215515946464
5 0.171339241391938
5.0625 0.17550370348132
5.125 0.179707116366178
5.1875 0.183947616150498
5.25 0.188223263569993
5.3125 0.192532046982871
5.375 0.196871885665474
5.4375 0.201240633404111
5.5 0.205636082372295
5.5625 0.210055967280509
5.625 0.214497969783653
5.6875 0.218959723129351
5.75 0.223438817028443
5.8125 0.227932802727307
5.875 0.232439198260019
5.9375 0.236955493856948
6 0.241479157485145
6.0625 0.246007640494784
6.125 0.250538383345064
6.1875 0.25506882138235
6.25 0.259596390642863
6.3125 0.264118533652055
6.375 0.268632705192827
6.4375 0.273136378015
6.5 0.277627048458932
6.5625 0.282102241966873
6.625 0.286559518456589
6.6875 0.290996477532843
6.75 0.295410763513687
6.8125 0.299800070249943
6.875 0.304162145717892
6.9375 0.308494796366929
7 0.312795891205855
7.0625 0.317063365613363
7.125 0.321295224860386
7.1875 0.325489547333993
7.25 0.329644487454662
7.3125 0.333758278280835
7.375 0.337829233796776
7.4375 0.341855750881795
7.5 0.345836310960899
7.5625 0.34976948133886
7.625 0.353653916221526
7.6875 0.357488357429931
7.75 0.361271634814393
7.8125 0.365002666377264
7.875 0.368680458114385
7.9375 0.372304103586499
8 0.37587278323297
8.0625 0.379385763441093
8.125 0.382842395385066
8.1875 0.386242113649338
8.25 0.389584434651568
8.3125 0.392868954880765
8.375 0.396095348966441
8.4375 0.399263367594712
8.5 0.402372835287238
8.5625 0.40542364805882
8.625 0.408415770969206
8.6875 0.41134923558435
8.75 0.414224137361976
8.8125 0.417040632975813
8.875 0.419798937592299
8.9375 0.422499322113021
9 0.42514211039542
9.0625 0.427727676463703
9.125 0.430256441721104
9.1875 0.432728872173982
9.25 0.435145475677427
9.3125 0.437506799211354
9.375 0.439813426195276
9.4375 0.442065973849194
9.5 0.444265090607341
9.5625 0.446411453590768
9.625 0.448505766144079
9.6875 0.450548755440911
9.75 0.452541170162174
9.8125 0.454483778250355
9.875 0.456377364742678
9.9375 0.458222729685312
10 0.460020686130303
10.0625 0.461772058216433
10.125 0.463477679334703
10.1875 0.465138390378799
10.25 0.466755038080424
10.3125 0.468328473429076
10.375 0.469859550175538
10.4375 0.471349123417996
10.5 0.472798048269539
10.5625 0.474207178605447
10.625 0.475577365888589
10.6875 0.476909458070987
10.75 0.478204298569498
10.8125 0.479462725313439
10.875 0.480685569861853
10.9375 0.48187365658804
11 0.483027801928935
11.0625 0.484148813696827
11.125 0.485237490450912
11.1875 0.486294620926153
11.25 0.4873209835169
11.3125 0.488317345812754
11.375 0.489284464184155
11.4375 0.490223083415236
11.5 0.491133936381475
11.5625 0.49201774376978
11.625 0.492875213838637
11.6875 0.493707042216049
11.75 0.494513911733027
11.8125 0.495296492290495
11.875 0.496055440757483
11.9375 0.496791400898612
12 0.497505003328915
12.0625 0.498196865494104
12.125 0.498867591674512
12.1875 0.499517773010944
12.25 0.500147987550817
12.3125 0.500758800313
12.375 0.501350763369843
12.4375 0.501924415944974
12.5 0.502480284525496
12.5625 0.503018882987302
12.625 0.503540712732274
12.6875 0.504046262836217
12.75 0.504536010206439
12.8125 0.505010419747944
12.875 0.50546994453726
12.9375 0.505915026003011
13 0.506346094112362
13.0625 0.506763567562546
13.125 0.50716785397672
13.1875 0.507559350103448
13.25 0.507938442019167
13.3125 0.508305505333023
13.375 0.508660905393511
13.4375 0.509004997496415
13.5 0.509338127093524
13.5625 0.509660630001734
13.625 0.50997283261207
13.6875 0.510275052098285
13.75 0.510567596624676
13.8125 0.510850765552793
13.875 0.511124849646776
13.9375 0.511390131277024
14 0.51164688462198
14.0625 0.511895375867813
14.125 0.512135863405799
14.1875 0.512368598027229
14.25 0.512593823115688
14.3125 0.512811774836586
14.375 0.513022682323787
14.4375 0.513226767863271
14.5 0.513424247073705
14.5625 0.513615329083881
14.625 0.513800216706925
14.6875 0.513979106611241
14.75 0.514152189488157
14.8125 0.514319650216224
14.875 0.514481668022155
14.9375 0.514638416638384
15 0.514790064457255
15.0625 0.514936774681814
15.125 0.515078705473246
15.1875 0.515216010094932
15.25 0.515348837053176
15.3125 0.515477330234614
15.375 0.515601629040321
15.4375 0.515721868516669
15.5 0.515838179482957
15.5625 0.515950688655853
15.625 0.516059518770695
15.6875 0.516164788699693
15.75 0.516266613567068
15.8125 0.516365104861187
15.875 0.516460370543748
15.9375 0.51655251515605
16 0.516641639922409
16.0625 0.516727842850774
16.125 0.516811218830597
16.1875 0.516891859728005
16.25 0.51696985447834
16.3125 0.517045289176111
16.375 0.517118247162415
16.4375 0.517188809109893
16.5 0.517257053105266
16.5625 0.517323054729503
16.625 0.51738688713569
16.6875 0.51744862112464
16.75 0.51750832521831
16.8125 0.517566065731063
16.875 0.517621906838849
16.9375 0.517675910646337
17 0.517728137252061
17.0625 0.517778644811635
17.125 0.51782748959907
17.1875 0.517874726066257
17.25 0.517920406900666
17.3125 0.517964583081298
17.375 0.518007303932944
17.4375 0.518048617178792
17.5 0.518088568991437
17.5625 0.51812720404233
17.625 0.518164565549704
17.6875 0.518200695325039
17.75 0.518235633818081
17.8125 0.518269420160486
17.875 0.518302092208097
17.9375 0.518333686581913
18 0.518364238707794
18.0625 0.518393782854907
18.125 0.518422352172992
18.1875 0.518449978728448
18.25 0.518476693539289
18.3125 0.518502526609002
18.375 0.518527506959338
18.4375 0.518551662662077
18.5 0.518575020869771
18.5625 0.518597607845535
18.625 0.518619448991876
18.6875 0.518640568878623
18.75 0.518660991269948
18.8125 0.518680739150553
18.875 0.518699834751001
18.9375 0.518718299572245
19 0.518736154409378
19.0625 0.518753419374619
19.125 0.518770113919561
19.1875 0.518786256856705
19.25 0.518801866380312
19.3125 0.518816960086571
19.375 0.518831554993126
19.4375 0.518845667557978
19.5 0.518859313697768
19.5625 0.518872508805474
19.625 0.518885267767543
19.6875 0.51889760498046
19.75 0.518909534366786
19.8125 0.518921069390674
19.875 0.518932223072888
19.9375 0.518943008005328
20 0.518953436365093
20.0625 0.518963519928071
20.125 0.51897327008211
20.1875 0.518982697839741
20.25 0.518991813850499
20.3125 0.519000628412841
20.375 0.519009151485668
20.4375 0.519017392699485
20.5 0.519025361367186
20.5625 0.519033066494493
20.625 0.519040516790052
20.6875 0.519047720675203
20.75 0.519054686293423
20.8125 0.519061421519468
20.875 0.519067933968217
20.9375 0.51907423100322
21 0.519080319744969
21.0625 0.519086207078901
21.125 0.519091899663138
21.1875 0.519097403935969
21.25 0.519102726123095
21.3125 0.519107872244629
21.375 0.519112848121869
21.4375 0.519117659383854
21.5 0.519122311473691
21.5625 0.519126809654696
21.625 0.519131159016309
21.6875 0.519135364479835
21.75 0.519139430803985
21.8125 0.519143362590239
21.875 0.51914716428803
21.9375 0.519150840199764
22 0.519154394485664
22.0625 0.519157831168468
22.125 0.519161154137962
22.1875 0.519164367155366
22.25 0.519167473857584
22.3125 0.519170477761299
22.375 0.519173382266947
22.4375 0.519176190662552
22.5 0.51917890612744
22.5625 0.519181531735828
22.625 0.51918407046029
22.6875 0.519186525175122
22.75 0.519188898659577
22.8125 0.519191193601017
22.875 0.51919341259794
22.9375 0.519195558162916
23 0.519197632725429
23.0625 0.519199638634616
23.125 0.519201578161933
23.1875 0.519203453503708
23.25 0.519205266783634
23.3125 0.519207020055165
23.375 0.519208715303836
23.4375 0.519210354449512
23.5 0.519211939348555
23.5625 0.519213471795922
23.625 0.519214953527201
23.6875 0.519216386220566
23.75 0.51921777149868
23.8125 0.519219110930526
23.875 0.519220406033185
23.9375 0.519221658273552
24 0.519222869069994
24.0625 0.519224039793955
24.125 0.519225171771505
24.1875 0.519226266284847
24.25 0.519227324573758
24.3125 0.519228347837003
24.375 0.519229337233681
24.4375 0.519230293884542
24.5 0.519231218873256
24.5625 0.519232113247638
24.625 0.519232978020832
24.6875 0.519233814172462
24.75 0.519234622649738
24.8125 0.519235404368524
24.875 0.519236160214385
24.9375 0.519236891043579
25 0.519237597684033
25.0625 0.519238280936277
25.125 0.519238941574351
25.1875 0.519239580346685
25.25 0.519240197976938
25.3125 0.519240795164824
25.375 0.519241372586902
25.4375 0.519241930897346
25.5 0.519242470728676
25.5625 0.519242992692486
25.625 0.519243497380127
25.6875 0.519243985363382
25.75 0.519244457195111
25.8125 0.51924491340988
25.875 0.519245354524563
25.9375 0.519245781038928
26 0.519246193436205
26.0625 0.519246592183631
26.125 0.519246977732979
26.1875 0.519247350521073
26.25 0.519247710970281
26.3125 0.519248059488989
26.375 0.519248396472071
26.4375 0.519248722301331
26.5 0.519249037345937
26.5625 0.519249341962839
26.625 0.519249636497173
26.6875 0.519249921282655
26.75 0.519250196641953
26.8125 0.519250462887058
26.875 0.519250720319634
26.9375 0.519250969231363
27 0.519251209904271
27.0625 0.51925144261105
27.125 0.519251667615368
27.1875 0.519251885172167
27.25 0.51925209552795
27.3125 0.51925229892106
27.375 0.519252495581954
27.4375 0.519252685733461
27.5 0.519252869591034
27.5625 0.519253047362995
27.625 0.519253219250771
27.6875 0.519253385449123
27.75 0.519253546146366
27.8125 0.519253701524582
27.875 0.519253851759826
27.9375 0.519253997022326
28 0.519254137476676
28.0625 0.519254273282021
28.125 0.519254404592241
28.1875 0.519254531556122
28.25 0.519254654317523
28.3125 0.519254773015544
28.375 0.519254887784681
28.4375 0.519254998754978
28.5 0.519255106052174
28.5625 0.519255209797847
28.625 0.519255310109552
28.6875 0.519255407100948
28.75 0.51925550088194
28.8125 0.519255591558789
28.875 0.519255679234239
28.9375 0.519255764007639
29 0.519255845975042
29.0625 0.519255925229328
29.125 0.519256001860299
29.1875 0.519256075954788
29.25 0.51925614759675
29.3125 0.519256216867363
29.375 0.519256283845119
29.4375 0.51925634860591
29.5 0.519256411223119
29.5625 0.519256471767696
29.625 0.519256530308244
29.6875 0.5192565869111
29.75 0.519256641640397
29.8125 0.519256694558152
29.875 0.519256745724327
29.9375 0.519256795196897
30 0.519256843031921
30.0625 0.519256889283602
30.125 0.519256934004348
30.1875 0.519256977244834
30.25 0.519257019054056
30.3125 0.519257059479388
30.375 0.519257098566638
30.4375 0.519257136360095
30.5 0.519257172902584
30.5625 0.519257208235513
30.625 0.519257242398917
30.6875 0.519257275431509
30.75 0.519257307370718
30.8125 0.519257338252734
30.875 0.519257368112551
30.9375 0.519257396984003
31 0.519257424899807
31.0625 0.519257451891594
31.125 0.519257477989948
31.1875 0.519257503224443
31.25 0.519257527623673
31.3125 0.519257551215284
31.375 0.519257574026008
31.4375 0.519257596081693
31.5 0.519257617407331
31.5625 0.519257638027087
31.625 0.519257657964325
31.6875 0.519257677241638
31.75 0.519257695880869
31.8125 0.519257713903137
31.875 0.519257731328865
31.9375 0.519257748177797
32 0.519257764469027
Total steps: 512
