0 0
0.125 0.00515957282633858
0.25 0.0117960864089161
0.375 0.0202836851006792
0.5 0.0310592003250738
0.625 0.0446113831994738
0.75 0.0614535305474176
0.875 0.0820724153709416
1 0.106848048454308
1.125 0.135945024245237
1.25 0.169188852904598
1.375 0.2059586546509
1.5 0.245143610568427
1.625 0.285210581742605
1.75 0.324400970186485
1.875 0.361019139914925
2 0.393721768529374
2.125 0.421707332159926
2.25 0.444751372141743
2.375 0.463105209277375
2.5 0.477324760009707
2.625 0.488099525257481
2.75 0.496124018755539
2.875 0.502022057606342
3 0.506314673117807
3.125 0.509416267306122
3.25 0.511645470422561
3.375 0.513241537630365
3.5 0.514381147128552
3.625 0.515193235877838
3.75 0.515771116792585
3.875 0.516181922539083
4 0.516473748433035
4.125 0.516680948609118
4.25 0.51682801024295
4.375 0.516932361371146
4.5 0.517006392737393
4.625 0.517058907114259
4.75 0.517096154931043
4.875 0.517122572640683
5 0.517141308320399
5.125 0.517154595399636
5.25 0.517164018189613
5.375 0.517170700433858
5.5 0.5171754391436
5.625 0.517178799569113
5.75 0.517181182579239
5.875 0.517182872458568
6 0.517184070810048
6.125 0.517184920600466
6.25 0.517185523213885
6.375 0.517185950545781
6.5 0.517186253579877
6.625 0.517186468470493
6.75 0.517186620855853
6.875 0.517186728916838
7 0.517186805546079
7.125 0.517186859886131
7.25 0.517186898420261
7.375 0.517186925745943
7.5 0.517186945123386
7.625 0.517186958864499
7.75 0.517186968608724
7.875 0.51718697551864
8 0.517186980418663
8.125 0.517186983893412
8.25 0.517186986357459
8.375 0.517186988104786
8.5 0.517186989343868
8.625 0.517186990222537
8.75 0.517186990845626
8.875 0.517186991287477
9 0.517186991600807
9.125 0.517186991822998
9.25 0.51718699198056
9.375 0.517186992092293
9.5 0.517186992171525
9.625 0.517186992227711
9.75 0.517186992267555
9.875 0.517186992295808
10 0.517186992315844
10.125 0.517186992330052
10.25 0.517186992340127
10.375 0.517186992347272
10.5 0.517186992352338
10.625 0.517186992355931
10.75 0.517186992358478
10.875 0.517186992360285
11 0.517186992361566
11.125 0.517186992362475
11.25 0.517186992363119
11.375 0.517186992363576
11.5 0.5171869923639
11.625 0.517186992364129
11.75 0.517186992364293
11.875 0.517186992364408
12 0.51718699236449
12.125 0.517186992364549
12.25 0.51718699236459
12.375 0.517186992364619
12.5 0.51718699236464
12.625 0.517186992364654
12.75 0.517186992364665
12.875 0.517186992364672
13 0.517186992364677
13.125 0.51718699236468
13.25 0.517186992364683
13.375 0.517186992364685
13.5 0.517186992364686
13.625 0.517186992364687
13.75 0.517186992364688
13.875 0.517186992364689
14 0.517186992364689
14.125 0.517186992364689
14.25 0.517186992364689
14.375 0.517186992364689
14.5 0.517186992364689
14.625 0.517186992364689
14.75 0.517186992364689
14.875 0.517186992364689
15 0.517186992364689
15.125 0.517186992364689
15.25 0.517186992364689
15.375 0.517186992364689
15.5 0.517186992364689
15.625 0.517186992364689
15.75 0.517186992364689
15.875 0.517186992364689
16 0.517186992364689
16.125 0.517186992364689
16.25 0.517186992364689
16.375 0.517186992364689
16.5 0.517186992364689
16.625 0.517186992364689
16.75 0.517186992364689
16.875 0.517186992364689
17 0.517186992364689
17.125 0.517186992364689
17.25 0.517186992364689
17.375 0.517186992364689
17.5 0.517186992364689
17.625 0.517186992364689
17.75 0.517186992364689
17.875 0.517186992364689
18 0.517186992364689
18.125 0.517186992364689
18.25 0.517186992364689
18.375 0.517186992364689
18.5 0.517186992364689
18.625 0.517186992364689
18.75 0.517186992364689
18.875 0.517186992364689
19 0.517186992364689
19.125 0.517186992364689
19.25 0.517186992364689
19.375 0.517186992364689
19.5 0.517186992364689
19.625 0.517186992364689
19.75 0.517186992364689
19.875 0.517186992364689
20 0.517186992364689
20.125 0.517186992364689
20.25 0.517186992364689
20.375 0.517186992364689
20.5 0.517186992364689
20.625 0.517186992364689
20.75 0.517186992364689
20.875 0.517186992364689
21 0.517186992364689
21.125 0.517186992364689
21.25 0.517186992364689
21.375 0.517186992364689
21.5 0.517186992364689
21.625 0.517186992364689
21.75 0.517186992364689
21.875 0.517186992364689
22 0.517186992364689
22.125 0.517186992364689
22.25 0.517186992364689
22.375 0.517186992364689
22.5 0.517186992364689
22.625 0.517186992364689
22.75 0.517186992364689
22.875 0.517186992364689
23 0.517186992364689
23.125 0.517186992364689
23.25 0.517186992364689
23.375 0.517186992364689
23.5 0.517186992364689
23.625 0.517186992364689
23.75 0.517186992364689
23.875 0.517186992364689
24 0.517186992364689
24.125 0.517186992364689
24.25 0.517186992364689
24.375 0.517186992364689
24.5 0.517186992364689
24.625 0.517186992364689
24.75 0.517186992364689
24.875 0.517186992364689
25 0.517186992364689
25.125 0.517186992364689
25.25 0.517186992364689
25.375 0.517186992364689
25.5 0.517186992364689
25.625 0.517186992364689
25.75 0.517186992364689
25.875 0.517186992364689
26 0.517186992364689
26.125 0.517186992364689
26.25 0.517186992364689
26.375 0.517186992364689
26.5 0.517186992364689
26.625 0.517186992364689
26.75 0.517186992364689
26.875 0.517186992364689
27 0.517186992364689
27.125 0.517186992364689
27.25 0.517186992364689
27.375 0.517186992364689
27.5 0.517186992364689
27.625 0.517186992364689
27.75 0.517186992364689
27.875 0.517186992364689
28 0.517186992364689
28.125 0.517186992364689
28.25 0.517186992364689
28.375 0.517186992364689
28.5 0.517186992364689
28.625 0.517186992364689
28.75 0.517186992364689
28.875 0.517186992364689
29 0.517186992364689
29.125 0.517186992364689
29.25 0.517186992364689
29.375 0.517186992364689
29.5 0.517186992364689
29.625 0.517186992364689
29.75 0.517186992364689
29.875 0.517186992364689
30 0.517186992364689
30.125 0.517186992364689
30.25 0.517186992364689
30.375 0.517186992364689
30.5 0.517186992364689
30.625 0.517186992364689
30.75 0.517186992364689
30.875 0.517186992364689
31 0.517186992364689
31.125 0.517186992364689
31.25 0.517186992364689
31.375 0.517186992364689
31.5 0.517186992364689
31.625 0.517186992364689
31.75 0.517186992364689
31.875 0.517186992364689
32 0.517186992364689
Total steps: 256
