0 0
0.5 0.00570498660794377
1 0.013791325326022
1.5 0.0251271011737761
2 0.0407743474380255
2.5 0.0619179458165687
3 0.0896798811354535
3.5 0.124783839144217
4 0.167101244769808
4.5 0.215238044574193
5 0.266441268970342
5.5 0.317056952585162
6 0.363465055438729
6.5 0.40304704643059
7 0.434683361240275
7.5 0.4586234529958
8 0.475970871710458
8.5 0.488137130990562
9 0.496470551253547
9.5 0.502084976137387
10 0.505824956454107
10.5 0.508297369508041
11 0.509923542034689
11.5 0.510989533972026
12 0.511686773671861
12.5 0.512142161681681
13 0.512439307664282
13.5 0.512633079012705
14 0.51275938793046
14.5 0.512841700126339
15 0.512895331617162
15.5 0.512930271947515
16 0.512953033533235
16.5 0.512967860674181
17 0.512977518934206
17.5 0.512983810107187
18 0.512987907981782
18.5 0.512990577187156
19 0.512992315800069
19.5 0.512993448258414
20 0.51299418589177
20.5 0.512994666352824
21 0.512994979303142
21.5 0.512995183144509
22 0.512995315917293
22.5 0.512995402399284
23 0.512995458729605
23.5 0.512995495420534
24 0.512995519319283
24.5 0.512995534885806
25 0.512995545025107
25.5 0.512995551629371
26 0.512995555931078
26.5 0.512995558733008
27 0.512995560558053
27.5 0.512995561746802
28 0.512995562521097
28.5 0.512995563025436
29 0.512995563353939
29.5 0.51299556356791
30 0.512995563707281
30.5 0.512995563798061
31 0.51299556385719
31.5 0.512995563895705
32 0.512995563920791
Total steps: 64
