0 0
1 0.0192154044948502
2 0.0527880602139046
3 0.10391990572213
4 0.170012792962527
5 0.242455847986408
6 0.311202323108213
7 0.369428635760694
8 0.414794113322604
9 0.448045678034223
10 0.471503316288573
11 0.48758515325395
12 0.498407979675629
13 0.505551391030801
14 0.510271462316288
15 0.513376245860037
16 0.515449815171587
17 0.516748241732034
18 0.517604469079284
19 0.518208219702878
20 0.51854488891453
21 0.518773601527555
22 0.518969554498031
23 0.519086320047575
24 0.519155871966438
25 0.519197291293411
26 0.519221953793028
27 0.519236637492407
28 0.519245379529421
29 0.519250584007123
30 0.519253682383229
31 0.519255526917103
32 0.519256625003387
Total steps: 203
