0 0
1 0.0183171913605599
2 0.0490001828919705
3 0.0968426167642523
4 0.160970874333652
5 0.233177533768401
6 0.30290982910918
7 0.363226852048284
8 0.411443806042202
9 0.44756593612072
10 0.47311164234841
11 0.490303017264096
12 0.501423598610173
13 0.50841114181713
14 0.512714986101257
15 0.515331541491461
16 0.516909271390697
17 0.51785579631882
18 0.51842189331898
19 0.51875983440904
20 0.518961348737565
21 0.519081431491726
22 0.519152960480804
23 0.5191955575987
24 0.519220921542145
25 0.51923602292305
26 0.519245013647909
27 0.519250366185769
28 0.519253552708681
29 0.519255449719175
30 0.519256579046085
31 0.519257251353633
32 0.519257651588871
Total steps: 129
