0 0
0.5 0.006539921796875
1 0.0151167099416246
1.5 0.0262292565166027
2 0.0404059254180294
2.5 0.0581438013621215
3 0.0798166957722544
3.5 0.105561917985625
4 0.135173708179326
4.5 0.168045028696707
5 0.203194821538238
5.5 0.239388396984946
6 0.275318069189433
6.5 0.309786475674003
7 0.34184165240116
7.5 0.370841255392921
8 0.396451827153397
8.5 0.418604329809506
9 0.437429169295527
9.5 0.453188675855301
10 0.466217934011262
10.5 0.476878793983267
11 0.485527723074917
11.5 0.492495795331618
12 0.498078142362177
12.5 0.502530103659042
13 0.506067697803751
13.5 0.508870586744779
14 0.511086247013301
14.5 0.512834512266287
15 0.514211989008695
15.5 0.51529608103485
16 0.516148509280197
16.5 0.516818304967391
17 0.51734430440954
17.5 0.517757198214882
18 0.518081196219653
18.5 0.518335369117483
19 0.518534722806456
19.5 0.518691054573876
20 0.518813632894206
20.5 0.518909735631806
21 0.518985075193396
21.5 0.51904413379536
22 0.51909042749269
22.5 0.519126713887638
23 0.519155155397532
23.5 0.519177447507747
24 0.519194919468597
24.5 0.51920861332569
25 0.519219345926566
25.5 0.519227757558921
26 0.519234350095412
26.5 0.519239516904514
27 0.519243566302101
27.5 0.519246739936962
28 0.519249227203617
28.5 0.519251176540217
29 0.519252704284338
29.5 0.519253901614305
30 0.519254839989783
30.5 0.519255575416001
31 0.519256151785911
31.5 0.519256603499633
32 0.519256957517437
Total steps: 256
