0 0
0.125 0.00125
0.25 0.0025779296875
0.375 0.00398821957778454
0.5 0.00548549506447099
0.625 0.00707457717398764
0.75 0.00876048204208803
0.875 0.0105484189140173
1 0.0124437864534452
1.125 0.0144521671291232
1.25 0.0165793194328523
1.375 0.0188311676682985
1.5 0.0212137890380983
1.625 0.0237333977473103
1.75 0.0263963258354382
1.875 0.0292090004479517
2 0.0321779172625526
2.125 0.0353096097965427
2.25 0.0386106143408286
2.375 0.0420874302946584
2.5 0.0457464757144736
2.625 0.0495940379415913
2.75 0.0536362192380218
2.875 0.0578788774386295
3 0.0623275617218493
3.125 0.0669874437106911
3.25 0.0718632442407476
3.375 0.0769591562716937
3.5 0.0822787645719182
3.625 0.0878249629702279
3.75 0.0935998701407769
3.875 0.0996047450632792
4 0.105839903474844
4.125 0.112304636796076
4.25 0.118997135165094
4.375 0.125914416340725
4.5 0.133052262331717
4.625 0.140405165663501
4.75 0.147966287199345
4.875 0.155727427380859
5 0.16367901263733
5.125 0.171810098529922
5.25 0.180108390943434
5.375 0.18856028631637
5.5 0.197150931514179
5.625 0.205864303509202
5.75 0.214683308546111
5.875 0.223589899959205
6 0.232565213286184
6.125 0.241589716812714
6.25 0.250643375204803
6.375 0.259705823463346
6.5 0.268756548087209
6.625 0.27777507207519
6.75 0.286741140246593
6.875 0.295634901323265
7 0.304437083295917
7.125 0.313129158791196
7.25 0.321693497454986
7.375 0.33011350275782
7.5 0.338373731092304
7.625 0.346459991548907
7.75 0.354359425302705
7.875 0.362060564096516
8 0.369553367843312
8.125 0.376829241872978
8.25 0.383881034798718
8.375 0.390703018363871
8.5 0.397290850941783
8.625 0.403641526595389
8.75 0.409753311758569
8.875 0.41562567168134
9 0.421259188791353
9.125 0.426655475073169
9.25 0.431817080464003
9.375 0.436747399120447
9.5 0.441450575235665
9.625 0.445931409890907
9.75 0.450195270218177
9.875 0.454248001940961
10 0.458095846153851
10.125 0.46174536100554
10.25 0.46520334876712
10.375 0.468476788602047
10.5 0.471572775207314
10.625 0.47449846336818
10.75 0.477261018361346
10.875 0.479867572053016
11 0.482325184467823
11.125 0.484640810550572
11.25 0.486821271803593
11.375 0.488873232456259
11.5 0.490803179808246
11.625 0.492617408382526
11.75 0.494322007526244
11.875 0.495922852106038
12 0.497425595957542
12.125 0.498835667765674
12.25 0.500158269071625
12.375 0.501398374123511
12.5 0.502560731309518
12.625 0.503649865934568
12.75 0.50467008412349
12.875 0.505625477655057
13 0.50651992955176
13.125 0.507357120269605
13.25 0.508140534350422
13.375 0.508873467416082
13.5 0.509559033399579
13.625 0.510200171922163
13.75 0.510799655738623
13.875 0.51136009818445
14 0.511883960569077
14.125 0.512373559468658
14.25 0.512831073880127
14.375 0.513258552205504
14.5 0.513657919041837
14.625 0.514030981757653
14.75 0.514379436841664
14.875 0.514704876013575
15 0.515008792090404
15.125 0.515292584604752
15.25 0.515557565173969
15.375 0.515804962621328
15.5 0.516035927852062
15.625 0.516251538488549
15.75 0.516452803270109
15.875 0.516640666223796
16 0.516816010613263
16.125 0.516979662673316
16.25 0.517132395138171
16.375 0.517274930571639
16.5 0.51740794450763
16.625 0.517532068409405
16.75 0.517647892455978
16.875 0.517755968163962
17 0.517856810853035
17.125 0.51795090196299
17.25 0.518038691230142
17.375 0.518120598730596
17.5 0.51819701679764
17.625 0.518268311820246
17.75 0.518334825929385
17.875 0.518396878578566
18 0.518454768024726
18.125 0.518508772715325
18.25 0.518559152587189
18.375 0.518606150282395
18.5 0.518649992286204
18.625 0.518690889991782
18.75 0.51872904069621
18.875 0.518764628532022
19 0.518797825338277
19.125 0.518828791474954
19.25 0.518857676584218
19.375 0.518884620301935
19.5 0.518909752922571
19.625 0.518933196020461
19.75 0.518955063030239
19.875 0.518975459789039
20 0.518994485042948
20.125 0.519012230920008
20.25 0.519028783371938
20.375 0.519044222586615
20.5 0.51905862337321
20.625 0.519072055521774
20.75 0.519084584138935
20.875 0.519096269961282
21 0.519107169647898
21.125 0.51911733605341
21.25 0.51912681848285
21.375 0.519135662929512
21.5 0.519143912296948
21.625 0.519151606606135
21.75 0.519158783188802
21.875 0.519165476867842
22 0.519171720125656
22.125 0.51917754326123
22.25 0.519182974536711
22.375 0.519188040314157
22.5 0.519192765183135
22.625 0.519197172079767
22.75 0.5192012823978
22.875 0.519205116092222
23 0.519208691775944
23.125 0.519212026809979
23.25 0.519215137387587
23.375 0.51921803861276
23.5 0.519220744573447
23.625 0.519223268409862
23.75 0.519225622378201
23.875 0.519227817910085
24 0.519229865668007
24.125 0.519231775597055
24.25 0.519233556973162
24.375 0.519235218448109
24.5 0.519236768091509
24.625 0.519238213429964
24.75 0.519239561483594
24.875 0.51924081880011
25 0.51924199148659
25.125 0.519243085239132
25.25 0.519244105370496
25.375 0.519245056835901
25.5 0.51924594425708
25.625 0.51924677194472
25.75 0.519247543919388
25.875 0.51924826393106
26 0.519248935477324
26.125 0.519249561820365
26.25 0.519250146002808
26.375 0.519250690862491
26.5 0.51925119904625
26.625 0.51925167302277
26.75 0.519252115094574
26.875 0.519252527409212
27 0.519252911969681
27.125 0.519253270644161
27.25 0.519253605175089
27.375 0.519253917187616
27.5 0.519254208197507
27.625 0.519254479618499
27.75 0.51925473276917
27.875 0.519254968879345
28 0.519255189096068
28.125 0.519255394489173
28.25 0.519255586056483
28.375 0.519255764728656
28.5 0.519255931373704
28.625 0.519256086801214
28.75 0.519256231766276
28.875 0.519256366973154
29 0.519256493078706
29.125 0.519256610695576
29.25 0.519256720395167
29.375 0.519256822710422
29.5 0.519256918138408
29.625 0.519257007142734
29.75 0.519257090155801
29.875 0.519257167580905
30 0.519257239794194
30.125 0.519257307146495
30.25 0.519257369965023
30.375 0.519257428554962
30.5 0.519257483200959
30.625 0.519257534168494
30.75 0.519257581705182
30.875 0.519257626041967
31 0.519257667394247
31.125 0.519257705962924
31.25 0.519257741935372
31.375 0.519257775486355
31.5 0.519257806778872
31.625 0.519257835964951
31.75 0.519257863186385
31.875 0.519257888575423
32 0.519257912255411
Total steps: 256
