0 0
0.015625 0.00015625
0.03125 0.000313720321655273
0.046875 0.000472419723848827
0.0625 0.000632357015747716
0.078125 0.000793541056880193
0.09375 0.000955980757208804
0.109375 0.00111968507719937
0.125 0.00128466302788574
0.140625 0.00145092367093023
0.15625 0.00161847611867971
0.171875 0.0017873295342171
0.1875 0.00195749313140842
0.203125 0.00212897617494506
0.21875 0.00230178798038129
0.234375 0.00247593791416698
0.25 0.00265143539367524
0.265625 0.0028282898872251
0.28125 0.00300651091409895
0.296875 0.00318610804455477
0.3125 0.00336709089983299
0.328125 0.00354946915215781
0.34375 0.00373325252473308
0.359375 0.00391845079173234
0.375 0.00410507377828326
0.390625 0.00429313136044602
0.40625 0.00448263346518579
0.421875 0.00467359007033906
0.4375 0.00486601120457381
0.453125 0.00505990694734325
0.46875 0.00525528742883318
0.484375 0.00545216282990282
0.5 0.00565054338201888
0.515625 0.0058504393671829
0.53125 0.00605186111785169
0.546875 0.00625481901685069
0.5625 0.00645932349728025
0.578125 0.00666538504241458
0.59375 0.00687301418559339
0.609375 0.00708222151010591
0.625 0.00729301764906739
0.640625 0.00750541328528777
0.65625 0.00771941915113247
0.671875 0.00793504602837521
0.6875 0.00815230474804264
0.703125 0.0083712061902507
0.71875 0.00859176128403267
0.734375 0.00881398100715852
0.75 0.00903787638594578
0.765625 0.00926345849506149
0.78125 0.00949073845731525
0.796875 0.00971972744344326
0.8125 0.00995043667188305
0.828125 0.010182877408539
0.84375 0.0104170609665382
0.859375 0.0106529987059771
0.875 0.0108907020336577
0.890625 0.0111301824028147
0.90625 0.0113714513128317
0.921875 0.0116145203089481
0.9375 0.0118594009819554
0.953125 0.0121061049678824
0.96875 0.0123546439476707
0.984375 0.0126050296468388
1 0.012857273835136
1.015625 0.0131113883261844
1.03125 0.0133673849771102
1.046875 0.0136252756881638
1.0625 0.0138850724023279
1.078125 0.0141467871049146
1.09375 0.01441043182315
1.109375 0.0146760186257476
1.125 0.014943559622469
1.140625 0.0152130669636728
1.15625 0.0154845528398509
1.171875 0.015758029481152
1.1875 0.0160335091568934
1.203125 0.0163110041750584
1.21875 0.0165905268817823
1.234375 0.0168720896608242
1.25 0.0171557049330255
1.265625 0.0174413851557562
1.28125 0.0177291428223457
1.296875 0.0180189904615013
1.3125 0.0183109406367122
1.328125 0.0186050059456396
1.34375 0.0189011990194925
1.359375 0.0191995325223889
1.375 0.0195000191507032
1.390625 0.0198026716323981
1.40625 0.0201075027263422
1.421875 0.0204145252216122
1.4375 0.0207237519367807
1.453125 0.0210351957191878
1.46875 0.0213488694441979
1.484375 0.0216647860144409
1.5 0.0219829583590373
1.515625 0.0223033994328077
1.53125 0.0226261222154662
1.546875 0.0229511397107978
1.5625 0.0232784649458193
1.578125 0.0236081109699236
1.59375 0.0239400908540079
1.609375 0.0242744176895845
1.625 0.0246111045878755
1.640625 0.0249501646788896
1.65625 0.0252916111104825
1.671875 0.0256354570473993
1.6875 0.0259817156703004
1.703125 0.0263304001747688
1.71875 0.0266815237703004
1.734375 0.0270350996792761
1.75 0.0273911411359162
1.765625 0.0277496613852167
1.78125 0.0281106736818669
1.796875 0.0284741912891495
1.8125 0.0288402274778214
1.828125 0.0292087955249767
1.84375 0.0295799087128903
1.859375 0.0299535803278431
1.875 0.0303298236589285
1.890625 0.0307086519968392
1.90625 0.0310900786326354
1.921875 0.0314741168564937
1.9375 0.0318607799564367
1.953125 0.0322500812170428
1.96875 0.0326420339181367
1.984375 0.0330366513334611
2 0.0334339467293267
2.015625 0.0338339333632449
2.03125 0.0342366244825385
2.046875 0.034642033322934
2.0625 0.0350501731071328
2.078125 0.0354610570433629
2.09375 0.0358746983239105
2.109375 0.0362911101236312
2.125 0.0367103055984407
2.140625 0.0371322978837859
2.15625 0.0375571000930947
2.171875 0.0379847253162063
2.1875 0.0384151866177806
2.203125 0.038848497035687
2.21875 0.0392846695793732
2.234375 0.0397237172282126
2.25 0.0401656529298326
2.265625 0.0406104895984207
2.28125 0.0410582401130111
2.296875 0.0415089173157506
2.3125 0.0419625340101436
2.328125 0.0424191029592767
2.34375 0.0428786368840231
2.359375 0.0433411484612259
2.375 0.0438066503218614
2.390625 0.0442751550491819
2.40625 0.0447466751768375
2.421875 0.0452212231869787
2.4375 0.0456988115083375
2.453125 0.046179452514289
2.46875 0.0466631585208925
2.484375 0.0471499417849128
2.5 0.0476398145018212
2.515625 0.0481327888037766
2.53125 0.0486288767575869
2.546875 0.0491280903626507
2.5625 0.0496304415488796
2.578125 0.0501359421745999
2.59375 0.0506446040244369
2.609375 0.0511564388071779
2.625 0.0516714581536179
2.640625 0.0521896736143849
2.65625 0.0527110966577476
2.671875 0.0532357386674041
2.6875 0.0537636109402515
2.703125 0.0542947246841389
2.71875 0.0548290910156005
2.734375 0.0553667209575724
2.75 0.0559076254370911
2.765625 0.0564518152829744
2.78125 0.056999301223486
2.796875 0.0575500938839825
2.8125 0.058104203784544
2.828125 0.0586616413375883
2.84375 0.0592224168454692
2.859375 0.0597865404980585
2.875 0.0603540223703132
2.890625 0.060924872419827
2.90625 0.0614991004843667
2.921875 0.0620767162793948
2.9375 0.062657729395577
2.953125 0.0632421492962767
2.96875 0.0638299853150349
2.984375 0.064421246653038
3 0.0650159423765722
3.015625 0.0656140814144655
3.03125 0.0662156725555182
3.046875 0.066820724445921
3.0625 0.0674292455866629
3.078125 0.0680412443309277
3.09375 0.0686567288814802
3.109375 0.0692757072880433
3.125 0.0698981874446646
3.140625 0.0705241770870752
3.15625 0.0711536837900397
3.171875 0.071786714964698
3.1875 0.0724232778558999
3.203125 0.0730633795395337
3.21875 0.0737070269198466
3.234375 0.0743542267267616
3.25 0.0750049855131873
3.265625 0.0756593096523242
3.28125 0.0763172053349663
3.296875 0.0769786785667998
3.3125 0.0776437351656984
3.328125 0.0783123807590167
3.34375 0.0789846207808817
3.359375 0.0796604604694839
3.375 0.0803399048643672
3.390625 0.0810229588037198
3.40625 0.0817096269216659
3.421875 0.082399913645559
3.4375 0.0830938231932775
3.453125 0.0837913595705238
3.46875 0.0844925265681267
3.484375 0.0851973277593485
3.5 0.0859057664971976
3.515625 0.0866178459117465
3.53125 0.0873335689074571
3.546875 0.0880529381605136
3.5625 0.0887759561161629
3.578125 0.0895026249860652
3.59375 0.0902329467456532
3.609375 0.0909669231315036
3.625 0.0917045556387183
3.640625 0.0924458455183193
3.65625 0.0931907937746562
3.671875 0.0939394011628277
3.6875 0.0946916681861181
3.703125 0.0954475950934491
3.71875 0.0962071818768492
3.734375 0.0969704282689388
3.75 0.0977373337404358
3.765625 0.0985078974976785
3.78125 0.0992821184801695
3.796875 0.100059995358141
3.8125 0.100841526530141
3.828125 0.101626710120643
3.84375 0.10241554397768
3.859375 0.103208025670502
3.875 0.104004152487259
3.890625 0.104803921432713
3.90625 0.105607329225973
3.921875 0.106414372298266
3.9375 0.107225046790727
3.953125 0.108039348552229
3.96875 0.108857273137237
3.984375 0.109678815803702
4 0.110503971510979
4.015625 0.111332734917788
4.03125 0.112165100380204
4.046875 0.113001061949685
4.0625 0.11384061337114
4.078125 0.114683748081028
4.09375 0.115530459205506
4.109375 0.116380739558608
4.125 0.117234581640469
4.140625 0.118091977635591
4.15625 0.118952919411152
4.171875 0.119817398515358
4.1875 0.120685406175837
4.203125 0.121556933298089
4.21875 0.122431970463967
4.234375 0.123310507930221
4.25 0.124192535627082
4.265625 0.125078043156896
4.28125 0.12596701979281
4.296875 0.126859454477512
4.3125 0.127755335822018
4.328125 0.128654652104518
4.34375 0.12955739126927
4.359375 0.130463540925554
4.375 0.131373088346678
4.390625 0.132286020469047
4.40625 0.133202323891281
4.421875 0.134121984873399
4.4375 0.135044989336061
4.453125 0.135971322859862
4.46875 0.1369009706847
4.484375 0.137833917709199
4.5 0.138770148490192
4.515625 0.139709647242272
4.53125 0.140652397837406
4.546875 0.141598383804613
4.5625 0.142547588329711
4.578125 0.143499994255121
4.59375 0.144455584079751
4.609375 0.145414339958939
4.625 0.146376243704467
4.640625 0.147341276784642
4.65625 0.148309420324451
4.671875 0.149280655105783
4.6875 0.150254961567722
4.703125 0.151232319806912
4.71875 0.152212709577994
4.734375 0.153196110294118
4.75 0.154182501027521
4.765625 0.155171860510188
4.78125 0.156164167134577
4.796875 0.157159398954428
4.8125 0.158157533685639
4.828125 0.159158548707221
4.84375 0.160162421062331
4.859375 0.161169127459372
4.875 0.162178644273179
4.890625 0.163190947546278
4.90625 0.164206012990217
4.921875 0.165223815986982
4.9375 0.166244331590485
4.953125 0.16726753452813
4.96875 0.168293399202457
4.984375 0.169321899692865
5 0.170353009757409
5.015625 0.171386702834679
5.03125 0.172422952045754
5.046875 0.173461730196234
5.0625 0.174503009778351
5.078125 0.175546762973155
5.09375 0.176592961652783
5.109375 0.1776415773828
5.125 0.178692581424618
5.140625 0.179745944737995
5.15625 0.180801637983608
5.171875 0.181859631525706
5.1875 0.182919895434834
5.203125 0.183982399490639
5.21875 0.185047113184748
5.234375 0.186114005723723
5.25 0.187183046032087
5.265625 0.188254202755434
5.28125 0.1893274442636
5.296875 0.190402738653919
5.3125 0.191480053754545
5.328125 0.192559357127848
5.34375 0.193640616073886
5.359375 0.19472379763394
5.375 0.195808868594128
5.390625 0.19689579548908
5.40625 0.197984544605694
5.421875 0.199075081986946
5.4375 0.200167373435779
5.453125 0.201261384519056
5.46875 0.202357080571572
5.484375 0.203454426700139
5.5 0.204553387787736
5.515625 0.205653928497712
5.53125 0.20675601327806
5.546875 0.207859606365754
5.5625 0.208964671791134
5.578125 0.210071173382365
5.59375 0.211179074769943
5.609375 0.21228833939126
5.625 0.21339893049523
5.640625 0.214510811146966
5.65625 0.215623944232506
5.671875 0.216738292463598
5.6875 0.217853818382532
5.703125 0.218970484367023
5.71875 0.220088252635141
5.734375 0.221207085250291
5.75 0.222326944126232
5.765625 0.223447791032147
5.78125 0.224569587597756
5.796875 0.22569229531846
5.8125 0.22681587556054
5.828125 0.227940289566383
5.84375 0.229065498459751
5.859375 0.230191463251084
5.875 0.231318144842832
5.890625 0.23244550403483
5.90625 0.233573501529696
5.921875 0.234702097938258
5.9375 0.235831253785016
5.953125 0.236960929513621
5.96875 0.238091085492384
5.984375 0.23922168201981
6 0.240352679330146
6.015625 0.241484037598957
6.03125 0.242615716948713
6.046875 0.243747677454398
6.0625 0.244879879149129
6.078125 0.246012282029792
6.09375 0.247144846062689
6.109375 0.248277531189189
6.125 0.249410297331395
6.140625 0.250543104397813
6.15625 0.251675912289026
6.171875 0.25280868090337
6.1875 0.253941370142613
6.203125 0.255073939917635
6.21875 0.256206350154099
6.234375 0.257338560798127
6.25 0.258470531821961
6.265625 0.259602223229628
6.28125 0.260733595062582
6.296875 0.261864607405348
6.3125 0.262995220391147
6.328125 0.264125394207506
6.34375 0.265255089101857
6.359375 0.266384265387115
6.375 0.267512883447235
6.390625 0.268640903742757
6.40625 0.269768286816314
6.421875 0.270894993298132
6.4375 0.272020983911492
6.453125 0.273146219478173
6.46875 0.274270660923858
6.484375 0.27539426928352
6.5 0.276517005706763
6.515625 0.277638831463143
6.53125 0.278759707947446
6.546875 0.279879596684926
6.5625 0.280998459336519
6.578125 0.282116257704
6.59375 0.283232953735111
6.609375 0.284348509528643
6.625 0.285462887339473
6.640625 0.28657604958356
6.65625 0.287687958842886
6.671875 0.288798577870359
6.6875 0.289907869594659
6.703125 0.291015797125041
6.71875 0.292122323756075
6.734375 0.293227412972347
6.75 0.294331028453092
6.765625 0.295433134076785
6.78125 0.296533693925659
6.796875 0.297632672290184
6.8125 0.298730033673473
6.828125 0.299825742795633
6.84375 0.300919764598052
6.859375 0.302012064247635
6.875 0.303102607140958
6.890625 0.304191358908377
6.90625 0.30527828541806
6.921875 0.306363352779954
6.9375 0.307446527349695
6.953125 0.308527775732436
6.96875 0.309607064786621
6.984375 0.310684361627676
7 0.311759633631642
7.015625 0.312832848438731
7.03125 0.31390397395681
7.046875 0.314972978364819
7.0625 0.316039830116106
7.078125 0.317104497941704
7.09375 0.318166950853516
7.109375 0.319227158147443
7.125 0.320285089406425
7.140625 0.321340714503411
7.15625 0.322394003604257
7.171875 0.323444927170541
7.1875 0.324493455962305
7.203125 0.325539561040724
7.21875 0.326583213770689
7.234375 0.327624385823322
7.25 0.328663049178409
7.265625 0.329699176126752
7.28125 0.330732739272451
7.296875 0.3317637115351
7.3125 0.332792066151913
7.328125 0.333817776679761
7.34375 0.334840816997144
7.359375 0.335861161306069
7.375 0.336878784133869
7.390625 0.337893660334922
7.40625 0.338905765092312
7.421875 0.339915073919396
7.4375 0.340921562661303
7.453125 0.341925207496353
7.46875 0.342925984937396
7.484375 0.343923871833075
7.5 0.34491884536901
7.515625 0.345910883068914
7.53125 0.346899962795616
7.546875 0.347886062752025
7.5625 0.348869161482008
7.578125 0.349849237871193
7.59375 0.350826271147702
7.609375 0.351800240882803
7.625 0.352771126991493
7.640625 0.353738909733007
7.65625 0.354703569711248
7.671875 0.35566508787515
7.6875 0.356623445518968
7.703125 0.357578624282494
7.71875 0.358530606151205
7.734375 0.359479373456337
7.75 0.360424908874893
7.765625 0.36136719542958
7.78125 0.362306216488676
7.796875 0.363241955765832
7.8125 0.364174397319806
7.828125 0.365103525554129
7.84375 0.366029325216707
7.859375 0.36695178139936
7.875 0.36787087953729
7.890625 0.368786605408494
7.90625 0.369698945133112
7.921875 0.370607885172706
7.9375 0.37151341232949
7.953125 0.372415513745491
7.96875 0.373314176901654
7.984375 0.374209389616889
8 0.375101140047061
8.015625 0.375989416683919
8.03125 0.376874208353976
8.046875 0.377755504217328
8.0625 0.378633293766425
8.078125 0.379507566824781
8.09375 0.380378313545642
8.109375 0.381245524410596
8.125 0.38210919022813
8.140625 0.38296930213215
8.15625 0.383825851580438
8.171875 0.384678830353075
8.1875 0.385528230550806
8.203125 0.386374044593364
8.21875 0.387216265217759
8.234375 0.388054885476504
8.25 0.388889898735818
8.265625 0.389721298673773
8.28125 0.390549079278412
8.296875 0.391373234845819
8.3125 0.39219375997815
8.328125 0.393010649581639
8.34375 0.393823898864549
8.359375 0.394633503335102
8.375 0.395439458799368
8.390625 0.39624176135912
8.40625 0.397040407409661
8.421875 0.397835393637611
8.4375 0.398626717018673
8.453125 0.399414374815365
8.46875 0.400198364574717
8.484375 0.400978684125952
8.5 0.401755331578134
8.515625 0.402528305317784
8.53125 0.403297604006485
8.546875 0.404063226578452
8.5625 0.404825172238081
8.578125 0.405583440457478
8.59375 0.406338030973969
8.609375 0.407088943787581
8.625 0.407836179158514
8.640625 0.408579737604587
8.65625 0.409319619898669
8.671875 0.410055827066096
8.6875 0.410788360382068
8.703125 0.411517221369031
8.71875 0.41224241179405
8.734375 0.412963933666163
8.75 0.413681789233727
8.765625 0.414395980981746
8.78125 0.4151065116292
8.796875 0.415813384126351
8.8125 0.416516601652047
8.828125 0.41721616761102
8.84375 0.417912085631168
8.859375 0.41860435956084
8.875 0.419292993466106
8.890625 0.419977991628033
8.90625 0.420659358539941
8.921875 0.421337098904671
8.9375 0.422011217631842
8.953125 0.422681719835104
8.96875 0.423348610829398
8.984375 0.424011896128203
9 0.424671581440795
9.015625 0.425327672669497
9.03125 0.425980175906939
9.046875 0.426629097433311
9.0625 0.427274443713622
9.078125 0.427916221394966
9.09375 0.428554437303787
9.109375 0.429189098443148
9.125 0.42982021199001
9.140625 0.430447785292507
9.15625 0.431071825867242
9.171875 0.431692341396572
9.1875 0.432309339725913
9.203125 0.432922828861049
9.21875 0.433532816965447
9.234375 0.434139312357583
9.25 0.434742323508278
9.265625 0.43534185903804
9.28125 0.43593792771442
9.296875 0.436530538449378
9.3125 0.437119700296656
9.328125 0.43770542244917
9.34375 0.438287714236407
9.359375 0.438866585121838
9.375 0.439442044700345
9.390625 0.440014102695653
9.40625 0.44058276895779
9.421875 0.441148053460546
9.4375 0.441709966298956
9.453125 0.442268517686795
9.46875 0.442823717954084
9.484375 0.443375577544621
9.5 0.443924107013516
9.515625 0.444469317024751
9.53125 0.44501121834875
9.546875 0.44554982185997
9.5625 0.44608513853451
9.578125 0.446617179447727
9.59375 0.447145955771884
9.609375 0.447671478773802
9.625 0.448193759812543
9.640625 0.448712810337095
9.65625 0.449228641884094
9.671875 0.449741266075548
9.6875 0.450250694616587
9.703125 0.450756939293237
9.71875 0.4512600119702
9.734375 0.451759924588665
9.75 0.452256689164133
9.765625 0.452750317784264
9.78125 0.453240822606738
9.796875 0.453728215857147
9.8125 0.454212509826892
9.828125 0.454693716871113
9.84375 0.455171849406637
9.859375 0.455646919909935
9.875 0.456118940915115
9.890625 0.456587925011928
9.90625 0.457053884843792
9.921875 0.45751683310584
9.9375 0.457976782542992
9.953125 0.45843374594804
9.96875 0.45888773615976
9.984375 0.459338766061042
10 0.459786848577042
10.015625 0.460231996673357
10.03125 0.460674223354212
10.046875 0.461113541660682
10.0625 0.461549964668924
10.078125 0.461983505488433
10.09375 0.462414177260321
10.109375 0.462841993155615
10.125 0.463266966373577
10.140625 0.463689110140043
10.15625 0.464108437705786
10.171875 0.464524962344898
10.1875 0.464938697353194
10.203125 0.465349656046633
10.21875 0.465757851759767
10.234375 0.466163297844205
10.25 0.466566007667097
10.265625 0.466965994609646
10.28125 0.467363272065631
10.296875 0.467757853439958
10.3125 0.468149752147227
10.328125 0.468538981610323
10.34375 0.468925555259022
10.359375 0.469309486528624
10.375 0.469690788858601
10.390625 0.470069475691268
10.40625 0.470445560470471
10.421875 0.470819056640297
10.4375 0.471189977643804
10.453125 0.471558336921772
10.46875 0.471924147911467
10.484375 0.472287424045432
10.5 0.472648178750295
10.515625 0.473006425445595
10.53125 0.473362177542626
10.546875 0.473715448443304
10.5625 0.474066251539051
10.578125 0.474414600209695
10.59375 0.474760507822394
10.609375 0.475103987730573
10.625 0.475445053272882
10.640625 0.475783717772175
10.65625 0.476119994534503
10.671875 0.476453896848124
10.6875 0.476785437982535
10.703125 0.47711463118752
10.71875 0.477441489692216
10.734375 0.477766026704194
10.75 0.47808825540856
10.765625 0.47840818896707
10.78125 0.47872584051727
10.796875 0.47904122317164
10.8125 0.479354350016765
10.828125 0.479665234112521
10.84375 0.479973888491272
10.859375 0.480280326157088
10.875 0.480584560084978
10.890625 0.480886603220141
10.90625 0.481186468477226
10.921875 0.481484168739617
10.9375 0.481779716858726
10.953125 0.482073125653302
10.96875 0.482364407908763
10.984375 0.482653576376532
11 0.482940643773395
11.015625 0.48322562278087
11.03125 0.483508526044596
11.046875 0.483789366173729
11.0625 0.484068155740355
11.078125 0.484344907278923
11.09375 0.484619633285679
11.109375 0.484892346218131
11.125 0.485163058494508
11.140625 0.48543178249325
11.15625 0.485698530552501
11.171875 0.485963314969617
11.1875 0.486226148000688
11.203125 0.486487041860075
11.21875 0.486746008719954
11.234375 0.487003060709878
11.25 0.487258209916349
11.265625 0.487511468382401
11.28125 0.487762848107195
11.296875 0.488012361045632
11.3125 0.488260019107968
11.328125 0.488505834159447
11.34375 0.488749818019945
11.359375 0.488991982463624
11.375 0.489232339218595
11.390625 0.489470899966595
11.40625 0.489707676342676
11.421875 0.489942679934901
11.4375 0.490175922284052
11.453125 0.490407414883348
11.46875 0.490637169178178
11.484375 0.490865196565833
11.5 0.49109150839526
11.515625 0.491316115966818
11.53125 0.491539030532047
11.546875 0.491760263293448
11.5625 0.491979825404265
11.578125 0.492197727968285
11.59375 0.492413982039645
11.609375 0.49262859862264
11.625 0.492841588671552
11.640625 0.493052963090482
11.65625 0.493262732733184
11.671875 0.493470908402921
11.6875 0.493677500852319
11.703125 0.493882520783231
11.71875 0.494085978846612
11.734375 0.494287885642401
11.75 0.494488251719407
11.765625 0.494687087575207
11.78125 0.49488440365605
11.796875 0.495080210356769
11.8125 0.495274518020698
11.828125 0.4954673369396
11.84375 0.495658677353597
11.859375 0.495848549451111
11.875 0.49603696336881
11.890625 0.496223929191564
11.90625 0.4964094569524
11.921875 0.496593556632469
11.9375 0.496776238161021
11.953125 0.496957511415382
11.96875 0.497137386220937
11.984375 0.497315872351123
12 0.497492979527423
12.015625 0.49766871741937
12.03125 0.497843095644555
12.046875 0.498016123768639
12.0625 0.498187811305369
12.078125 0.498358167716611
12.09375 0.498527202412368
12.109375 0.498694924750822
12.125 0.498861344038372
12.140625 0.499026469529675
12.15625 0.4991903104277
12.171875 0.499352875883777
12.1875 0.49951417499766
12.203125 0.499674216817586
12.21875 0.499833010340344
12.234375 0.499990564511348
12.25 0.500146888224712
12.265625 0.500301990323329
12.28125 0.500455879598957
12.296875 0.500608564792306
12.3125 0.50076005459313
12.328125 0.500910357640324
12.34375 0.501059482522024
12.359375 0.501207437775708
12.375 0.501354231888305
12.390625 0.501499873296302
12.40625 0.501644370385864
12.421875 0.501787731492944
12.4375 0.501929964903407
12.453125 0.502071078853153
12.46875 0.502211081528244
12.484375 0.502349981065031
12.5 0.502487785550288
12.515625 0.502624503021349
12.53125 0.502760141466243
12.546875 0.502894708823836
12.5625 0.503028212983976
12.578125 0.503160661787634
12.59375 0.50329206302706
12.609375 0.503422424445927
12.625 0.503551753739489
12.640625 0.503680058554733
12.65625 0.50380734649054
12.671875 0.503933625097844
12.6875 0.504058901879792
12.703125 0.504183184291911
12.71875 0.504306479742274
12.734375 0.504428795591666
12.75 0.504550139153756
12.765625 0.504670517695269
12.78125 0.504789938436157
12.796875 0.504908408549777
12.8125 0.505025935163068
12.828125 0.505142525356727
12.84375 0.505258186165393
12.859375 0.505372924577823
12.875 0.505486747537082
12.890625 0.505599661940722
12.90625 0.505711674640968
12.921875 0.505822792444911
12.9375 0.505933022114687
12.953125 0.506042370367675
12.96875 0.506150843876683
12.984375 0.50625844927014
13 0.506365193132291
13.015625 0.506471082003389
13.03125 0.506576122379889
13.046875 0.506680320714647
13.0625 0.506783683417113
13.078125 0.506886216853531
13.09375 0.506987927347135
13.109375 0.507088821178351
13.125 0.507188904584994
13.140625 0.507288183762468
13.15625 0.507386664863972
13.171875 0.507484354000693
13.1875 0.507581257242019
13.203125 0.507677380615732
13.21875 0.507772730108217
13.234375 0.507867311664663
13.25 0.50796113118927
13.265625 0.50805419454545
13.28125 0.508146507556036
13.296875 0.508238076003483
13.3125 0.508328905630077
13.328125 0.508419002138139
13.34375 0.508508371190232
13.359375 0.508597018409366
13.375 0.508684949379206
13.390625 0.508772169644279
13.40625 0.508858684710179
13.421875 0.508944500043775
13.4375 0.509029621073417
13.453125 0.509114053189144
13.46875 0.509197801742892
13.484375 0.5092808720487
13.5 0.509363269382913
13.515625 0.509444998984398
13.53125 0.509526066054741
13.546875 0.509606475758462
13.5625 0.509686233223216
13.578125 0.509765343540003
13.59375 0.509843811763371
13.609375 0.509921642911625
13.625 0.509998841967033
13.640625 0.51007541387603
13.65625 0.510151363549424
13.671875 0.510226695862602
13.6875 0.510301415655734
13.703125 0.510375527733978
13.71875 0.510449036867685
13.734375 0.510521947792602
13.75 0.510594265210076
13.765625 0.510665993787258
13.78125 0.510737138157303
13.796875 0.510807702919577
13.8125 0.510877692639855
13.828125 0.510947111850526
13.84375 0.511015965050789
13.859375 0.511084256706861
13.875 0.511151991252171
13.890625 0.511219173087562
13.90625 0.511285806581491
13.921875 0.511351896070226
13.9375 0.511417445858046
13.953125 0.511482460217438
13.96875 0.511546943389292
13.984375 0.5116108995831
14 0.511674332977152
14.015625 0.511737247718729
14.03125 0.511799647924301
14.046875 0.511861537679719
14.0625 0.511922921040406
14.078125 0.511983802031557
14.09375 0.512044184648324
14.109375 0.512104072856012
14.125 0.512163470590266
14.140625 0.512222381757267
14.15625 0.512280810233917
14.171875 0.512338759868027
14.1875 0.512396234478509
14.203125 0.512453237855564
14.21875 0.512509773760863
14.234375 0.512565845927738
14.25 0.512621458061367
14.265625 0.512676613838957
14.28125 0.512731316909927
14.296875 0.512785570896095
14.3125 0.512839379391858
14.328125 0.512892745964372
14.34375 0.512945674153736
14.359375 0.512998167473171
14.375 0.513050229409199
14.390625 0.51310186342182
14.40625 0.513153072944695
14.421875 0.513203861385316
14.4375 0.513254232125189
14.453125 0.513304188520004
14.46875 0.513353733899814
14.484375 0.513402871569205
14.5 0.513451604807472
14.515625 0.51349993686879
14.53125 0.513547870982386
14.546875 0.513595410352709
14.5625 0.513642558159599
14.578125 0.51368931755846
14.59375 0.513735691680421
14.609375 0.513781683632513
14.625 0.513827296497825
14.640625 0.513872533335679
14.65625 0.513917397181789
14.671875 0.513961891048426
14.6875 0.514006017924584
14.703125 0.514049780776141
14.71875 0.514093182546017
14.734375 0.514136226154341
14.75 0.514178914498605
14.765625 0.514221250453829
14.78125 0.514263236872714
14.796875 0.514304876585801
14.8125 0.514346172401628
14.828125 0.514387127106888
14.84375 0.514427743466578
14.859375 0.514468024224159
14.875 0.514507972101705
14.890625 0.514547589800059
14.90625 0.514586879998981
14.921875 0.514625845357299
14.9375 0.514664488513064
14.953125 0.514702812083691
14.96875 0.514740818666113
14.984375 0.514778510836925
15 0.514815891152534
15.015625 0.514852962149301
15.03125 0.514889726343688
15.046875 0.5149261862324
15.0625 0.51496234429253
15.078125 0.514998202981702
15.09375 0.515033764738209
15.109375 0.515069031981158
15.125 0.515104007110604
15.140625 0.515138692507696
15.15625 0.515173090534811
15.171875 0.515207203535689
15.1875 0.515241033835576
15.203125 0.515274583741355
15.21875 0.515307855541681
15.234375 0.515340851507116
15.25 0.515373573890264
15.265625 0.5154060249259
15.28125 0.515438206831104
15.296875 0.51547012180539
15.3125 0.515501772030837
15.328125 0.51553315967222
15.34375 0.515564286877133
15.359375 0.515595155776125
15.375 0.515625768482816
15.390625 0.515656127094034
15.40625 0.51568623368993
15.421875 0.515716090334113
15.4375 0.515745699073762
15.453125 0.515775061939759
15.46875 0.515804180946804
15.484375 0.515833058093542
15.5 0.515861695362677
15.515625 0.515890094721097
15.53125 0.515918258119991
15.546875 0.515946187494966
15.5625 0.515973884766168
15.578125 0.516001351838392
15.59375 0.516028590601207
15.609375 0.516055602929063
15.625 0.516082390681407
15.640625 0.516108955702802
15.65625 0.516135299823033
15.671875 0.516161424857222
15.6875 0.51618733260594
15.703125 0.516213024855317
15.71875 0.516238503377151
15.734375 0.516263769929018
15.75 0.516288826254381
15.765625 0.516313674082694
15.78125 0.516338315129516
15.796875 0.516362751096609
15.8125 0.51638698367205
15.828125 0.516411014530333
15.84375 0.516434845332473
15.859375 0.516458477726108
15.875 0.516481913345606
15.890625 0.516505153812163
15.90625 0.516528200733906
15.921875 0.516551055705993
15.9375 0.516573720310712
15.953125 0.516596196117583
15.96875 0.516618484683452
15.984375 0.516640587552594
16 0.516662506256807
16.015625 0.516684242315507
16.03125 0.516705797235829
16.046875 0.516727172512717
16.0625 0.516748369629019
16.078125 0.516769390055586
16.09375 0.516790235251357
16.109375 0.516810906663459
16.125 0.516831405727294
16.140625 0.516851733866632
16.15625 0.5168718924937
16.171875 0.516891883009275
16.1875 0.516911706802772
16.203125 0.516931365252328
16.21875 0.516950859724899
16.234375 0.516970191576339
16.25 0.51698936215149
16.265625 0.51700837278427
16.28125 0.517027224797756
16.296875 0.517045919504269
16.3125 0.517064458205458
16.328125 0.517082842192387
16.34375 0.517101072745612
16.359375 0.517119151135271
16.375 0.517137078621158
16.390625 0.51715485645281
16.40625 0.517172485869587
16.421875 0.517189968100747
16.4375 0.517207304365533
16.453125 0.517224495873247
16.46875 0.51724154382333
16.484375 0.517258449405438
16.5 0.517275213799523
16.515625 0.517291838175904
16.53125 0.51730832369535
16.546875 0.51732467150915
16.5625 0.517340882759189
16.578125 0.517356958578026
16.59375 0.517372900088962
16.609375 0.517388708406118
16.625 0.517404384634508
16.640625 0.517419929870105
16.65625 0.517435345199922
16.671875 0.517450631702075
16.6875 0.517465790445859
16.703125 0.517480822491814
16.71875 0.5174957288918
16.734375 0.517510510689061
16.75 0.517525168918293
16.765625 0.517539704605719
16.78125 0.517554118769148
16.796875 0.517568412418049
16.8125 0.517582586553613
16.828125 0.51759664216882
16.84375 0.517610580248507
16.859375 0.51762440176943
16.875 0.51763810770033
16.890625 0.517651699001995
16.90625 0.517665176627329
16.921875 0.517678541521408
16.9375 0.517691794621548
16.953125 0.517704936857365
16.96875 0.517717969150837
16.984375 0.517730892416364
17 0.517743707560832
17.015625 0.517756415483669
17.03125 0.517769017076909
17.046875 0.517781513225247
17.0625 0.517793904806103
17.078125 0.517806192689677
17.09375 0.517818377739006
17.109375 0.517830460810025
17.125 0.517842442751624
17.140625 0.517854324405699
17.15625 0.517866106607218
17.171875 0.517877790184266
17.1875 0.51788937595811
17.203125 0.517900864743247
17.21875 0.517912257347463
17.234375 0.517923554571884
17.25 0.517934757211034
17.265625 0.517945866052882
17.28125 0.5179568818789
17.296875 0.517967805464114
17.3125 0.517978637577157
17.328125 0.517989378980318
17.34375 0.518000030429595
17.359375 0.518010592674748
17.375 0.518021066459343
17.390625 0.518031452520812
17.40625 0.518041751590493
17.421875 0.518051964393685
17.4375 0.518062091649696
17.453125 0.51807213407189
17.46875 0.518082092367736
17.484375 0.518091967238856
17.5 0.518101759381075
17.515625 0.518111469484462
17.53125 0.518121098233382
17.546875 0.51813064630654
17.5625 0.518140114377029
17.578125 0.51814950311237
17.59375 0.518158813174567
17.609375 0.518168045220142
17.625 0.518177199900186
17.640625 0.5181862778604
17.65625 0.51819527974114
17.671875 0.518204206177462
17.6875 0.518213057799161
17.703125 0.518221835230817
17.71875 0.518230539091839
17.734375 0.518239169996503
17.75 0.518247728553997
17.765625 0.51825621536846
17.78125 0.518264631039025
17.796875 0.518272976159861
17.8125 0.51828125132021
17.828125 0.51828945710443
17.84375 0.518297594092033
17.859375 0.518305662857727
17.875 0.518313663971454
17.890625 0.518321597998426
17.90625 0.518329465499169
17.921875 0.518337267029558
17.9375 0.518345003140857
17.953125 0.518352674379753
17.96875 0.518360281288397
17.984375 0.518367824404441
18 0.518375304261073
18.015625 0.518382721387054
18.03125 0.518390076306755
18.046875 0.518397369540193
18.0625 0.518404601603067
18.078125 0.51841177300679
18.09375 0.51841888425853
18.109375 0.51842593586124
18.125 0.518432928313693
18.140625 0.51843986211052
18.15625 0.51844673774224
18.171875 0.518453555695296
18.1875 0.518460316452085
18.203125 0.518467020490999
18.21875 0.518473668286447
18.234375 0.518480260308897
18.25 0.518486797024905
18.265625 0.518493278897144
18.28125 0.518499706384442
18.296875 0.518506079941808
18.3125 0.518512400020469
18.328125 0.518518667067895
18.34375 0.518524881527833
18.359375 0.518531043840341
18.375 0.51853715444181
18.390625 0.518543213765002
18.40625 0.518549222239076
18.421875 0.51855518028962
18.4375 0.518561088338676
18.453125 0.518566946804775
18.46875 0.518572756102962
18.484375 0.518578516644826
18.5 0.518584228838527
18.515625 0.518589893088827
18.53125 0.518595509797117
18.546875 0.518601079361442
18.5625 0.518606602176534
18.578125 0.518612078633833
18.59375 0.518617509121521
18.609375 0.518622894024542
18.625 0.518628233724634
18.640625 0.518633528600352
18.65625 0.518638779027098
18.671875 0.518643985377142
18.6875 0.518649148019653
18.703125 0.51865426732072
18.71875 0.518659343643382
18.734375 0.51866437734765
18.75 0.518669368790531
18.765625 0.518674318326057
18.78125 0.518679226305308
18.796875 0.518684093076433
18.8125 0.518688918984678
18.828125 0.51869370437241
18.84375 0.518698449579138
18.859375 0.518703154941541
18.875 0.518707820793486
18.890625 0.518712447466055
18.90625 0.518717035287567
18.921875 0.518721584583603
18.9375 0.518726095677023
18.953125 0.518730568887994
18.96875 0.518735004534012
18.984375 0.51873940292992
19 0.518743764387933
19.015625 0.518748089217662
19.03125 0.518752377726128
19.046875 0.518756630217793
19.0625 0.518760846994574
19.078125 0.518765028355867
19.09375 0.518769174598568
19.109375 0.518773286017093
19.125 0.518777362903399
19.140625 0.518781405547004
19.15625 0.518785414235006
19.171875 0.518789389252108
19.1875 0.518793330880631
19.203125 0.518797239400539
19.21875 0.518801115089455
19.234375 0.518804958222684
19.25 0.51880876907323
19.265625 0.518812547911813
19.28125 0.518816295006894
19.296875 0.518820010624687
19.3125 0.518823695029183
19.328125 0.518827348482165
19.34375 0.518830971243228
19.359375 0.518834563569798
19.375 0.518838125717145
19.390625 0.518841657938409
19.40625 0.518845160484611
19.421875 0.518848633604673
19.4375 0.518852077545437
19.453125 0.51885549255168
19.46875 0.518858878866129
19.484375 0.518862236729487
19.5 0.518865566380437
19.515625 0.51886886805567
19.53125 0.518872141989896
19.546875 0.518875388415861
19.5625 0.518878607564364
19.578125 0.518881799664275
19.59375 0.518884964942545
19.609375 0.51888810362423
19.625 0.518891215932501
19.640625 0.518894302088663
19.65625 0.518897362312167
19.671875 0.518900396820629
19.6875 0.518903405829843
19.703125 0.518906389553798
19.71875 0.518909348204691
19.734375 0.518912281992943
19.75 0.518915191127214
19.765625 0.518918075814417
19.78125 0.518920936259734
19.796875 0.518923772666627
19.8125 0.518926585236858
19.828125 0.518929374170496
19.84375 0.518932139665938
19.859375 0.518934881919917
19.875 0.518937601127522
19.890625 0.518940297482206
19.90625 0.518942971175803
19.921875 0.518945622398539
19.9375 0.51894825133905
19.953125 0.518950858184388
19.96875 0.518953443120043
19.984375 0.518956006329947
20 0.518958547996495
20.015625 0.518961068300551
20.03125 0.518963567421467
20.046875 0.518966045537091
20.0625 0.518968502823781
20.078125 0.518970939456417
20.09375 0.518973355608416
20.109375 0.51897575145174
20.125 0.518978127156912
20.140625 0.518980482893024
20.15625 0.518982818827752
20.171875 0.518985135127369
20.1875 0.518987431956752
20.203125 0.518989709479397
20.21875 0.518991967857432
20.234375 0.518994207251622
20.25 0.518996427821389
20.265625 0.518998629724816
20.28125 0.519000813118662
20.296875 0.519002978158373
20.3125 0.519005124998091
20.328125 0.519007253790665
20.34375 0.519009364687665
20.359375 0.519011457839389
20.375 0.519013533394876
20.390625 0.519015591501913
20.40625 0.519017632307052
20.421875 0.519019655955613
20.4375 0.519021662591699
20.453125 0.519023652358206
20.46875 0.519025625396828
20.484375 0.519027581848076
20.5 0.519029521851279
20.515625 0.519031445544598
20.53125 0.519033353065039
20.546875 0.519035244548454
20.5625 0.51903712012956
20.578125 0.519038979941941
20.59375 0.519040824118063
20.609375 0.51904265278928
20.625 0.519044466085844
20.640625 0.519046264136915
20.65625 0.519048047070571
20.671875 0.519049815013813
20.6875 0.519051568092579
20.703125 0.51905330643175
20.71875 0.519055030155159
20.734375 0.519056739385599
20.75 0.519058434244837
20.765625 0.519060114853613
20.78125 0.51906178133166
20.796875 0.519063433797701
20.8125 0.519065072369466
20.828125 0.519066697163698
20.84375 0.519068308296157
20.859375 0.519069905881636
20.875 0.519071490033962
20.890625 0.519073060866007
20.90625 0.519074618489698
20.921875 0.51907616301602
20.9375 0.519077694555029
20.953125 0.519079213215856
20.96875 0.519080719106718
20.984375 0.519082212334921
21 0.519083693006874
21.015625 0.519085161228089
21.03125 0.519086617103196
21.046875 0.519088060735945
21.0625 0.519089492229217
21.078125 0.519090911685026
21.09375 0.519092319204535
21.109375 0.519093714888052
21.125 0.519095098835048
21.140625 0.519096471144157
21.15625 0.519097831913184
21.171875 0.519099181239116
21.1875 0.519100519218123
21.203125 0.519101845945569
21.21875 0.519103161516017
21.234375 0.519104466023237
21.25 0.519105759560211
21.265625 0.519107042219141
21.28125 0.519108314091455
21.296875 0.519109575267812
21.3125 0.519110825838112
21.328125 0.519112065891498
21.34375 0.519113295516367
21.359375 0.519114514800372
21.375 0.519115723830431
21.390625 0.519116922692731
21.40625 0.519118111472737
21.421875 0.519119290255196
21.4375 0.519120459124142
21.453125 0.519121618162904
21.46875 0.519122767454113
21.484375 0.519123907079705
21.5 0.519125037120926
21.515625 0.519126157658342
21.53125 0.519127268771843
21.546875 0.519128370540646
21.5625 0.519129463043305
21.578125 0.519130546357711
21.59375 0.519131620561105
21.609375 0.519132685730076
21.625 0.519133741940572
21.640625 0.519134789267901
21.65625 0.51913582778674
21.671875 0.51913685757114
21.6875 0.519137878694526
21.703125 0.519138891229711
21.71875 0.519139895248892
21.734375 0.519140890823665
21.75 0.519141878025018
21.765625 0.519142856923349
21.78125 0.519143827588461
21.796875 0.51914479008957
21.8125 0.519145744495315
21.828125 0.519146690873753
21.84375 0.519147629292374
21.859375 0.519148559818097
21.875 0.519149482517282
21.890625 0.51915039745573
21.90625 0.51915130469869
21.921875 0.519152204310862
21.9375 0.519153096356403
21.953125 0.51915398089893
21.96875 0.519154858001528
21.984375 0.519155727726749
22 0.519156590136623
22.015625 0.519157445292654
22.03125 0.519158293255835
22.046875 0.519159134086641
22.0625 0.519159967845043
22.078125 0.519160794590506
22.09375 0.519161614381997
22.109375 0.519162427277986
22.125 0.519163233336452
22.140625 0.519164032614887
22.15625 0.519164825170301
22.171875 0.519165611059224
22.1875 0.51916639033771
22.203125 0.519167163061344
22.21875 0.519167929285242
22.234375 0.519168689064059
22.25 0.519169442451989
22.265625 0.519170189502772
22.28125 0.519170930269695
22.296875 0.519171664805597
22.3125 0.519172393162875
22.328125 0.519173115393484
22.34375 0.519173831548942
22.359375 0.519174541680337
22.375 0.519175245838324
22.390625 0.519175944073135
22.40625 0.519176636434578
22.421875 0.519177322972043
22.4375 0.519178003734505
22.453125 0.519178678770529
22.46875 0.519179348128269
22.484375 0.519180011855476
22.5 0.519180669999499
22.515625 0.51918132260729
22.53125 0.519181969725405
22.546875 0.519182611400011
22.5625 0.519183247676884
22.578125 0.519183878601417
22.59375 0.519184504218621
22.609375 0.51918512457313
22.625 0.519185739709201
22.640625 0.51918634967072
22.65625 0.519186954501204
22.671875 0.519187554243803
22.6875 0.519188148941307
22.703125 0.519188738636144
22.71875 0.519189323370386
22.734375 0.519189903185751
22.75 0.519190478123608
22.765625 0.519191048224977
22.78125 0.519191613530532
22.796875 0.519192174080607
22.8125 0.519192729915197
22.828125 0.51919328107396
22.84375 0.51919382759622
22.859375 0.519194369520971
22.875 0.519194906886881
22.890625 0.51919543973229
22.90625 0.519195968095217
22.921875 0.519196492013362
22.9375 0.519197011524107
22.953125 0.519197526664521
22.96875 0.51919803747136
22.984375 0.519198543981072
23 0.519199046229798
23.015625 0.519199544253376
23.03125 0.519200038087341
23.046875 0.519200527766931
23.0625 0.519201013327087
23.078125 0.519201494802457
23.09375 0.519201972227397
23.109375 0.519202445635973
23.125 0.519202915061967
23.140625 0.519203380538875
23.15625 0.519203842099913
23.171875 0.519204299778017
23.1875 0.519204753605846
23.203125 0.519205203615784
23.21875 0.519205649839943
23.234375 0.519206092310165
23.25 0.519206531058026
23.265625 0.519206966114834
23.28125 0.519207397511635
23.296875 0.519207825279213
23.3125 0.519208249448095
23.328125 0.51920867004855
23.34375 0.519209087110592
23.359375 0.519209500663984
23.375 0.519209910738237
23.390625 0.519210317362617
23.40625 0.519210720566141
23.421875 0.519211120377582
23.4375 0.519211516825474
23.453125 0.519211909938107
23.46875 0.519212299743536
23.484375 0.51921268626958
23.5 0.519213069543823
23.515625 0.519213449593616
23.53125 0.519213826446083
23.546875 0.519214200128119
23.5625 0.51921457066639
23.578125 0.519214938087342
23.59375 0.519215302417196
23.609375 0.519215663681952
23.625 0.519216021907394
23.640625 0.519216377119087
23.65625 0.519216729342382
23.671875 0.519217078602416
23.6875 0.519217424924116
23.703125 0.519217768332198
23.71875 0.51921810885117
23.734375 0.519218446505336
23.75 0.519218781318793
23.765625 0.519219113315437
23.78125 0.519219442518963
23.796875 0.519219768952865
23.8125 0.519220092640443
23.828125 0.519220413604797
23.84375 0.519220731868836
23.859375 0.519221047455273
23.875 0.519221360386634
23.890625 0.519221670685252
23.90625 0.519221978373275
23.921875 0.519222283472662
23.9375 0.51922258600519
23.953125 0.51922288599245
23.96875 0.519223183455855
23.984375 0.519223478416634
24 0.519223770895841
24.015625 0.519224060914351
24.03125 0.519224348492863
24.046875 0.519224633651904
24.0625 0.519224916411826
24.078125 0.519225196792811
24.09375 0.519225474814871
24.109375 0.519225750497851
24.125 0.519226023861427
24.140625 0.519226294925111
24.15625 0.51922656370825
24.171875 0.519226830230029
24.1875 0.519227094509471
24.203125 0.519227356565439
24.21875 0.519227616416639
24.234375 0.519227874081617
24.25 0.519228129578766
24.265625 0.519228382926321
24.28125 0.519228634142366
24.296875 0.519228883244832
24.3125 0.5192291302515
24.328125 0.51922937518
24.34375 0.519229618047815
24.359375 0.519229858872281
24.375 0.519230097670588
24.390625 0.51923033445978
24.40625 0.519230569256759
24.421875 0.519230802078285
24.4375 0.519231032940977
24.453125 0.519231261861314
24.46875 0.519231488855635
24.484375 0.519231713940144
24.5 0.519231937130908
24.515625 0.519232158443857
24.53125 0.519232377894789
24.546875 0.519232595499369
24.5625 0.519232811273129
24.578125 0.519233025231473
24.59375 0.519233237389671
24.609375 0.519233447762869
24.625 0.519233656366084
24.640625 0.519233863214205
24.65625 0.519234068321998
24.671875 0.519234271704104
24.6875 0.519234473375041
24.703125 0.519234673349204
24.71875 0.519234871640869
24.734375 0.51923506826419
24.75 0.519235263233202
24.765625 0.519235456561823
24.78125 0.519235648263853
24.796875 0.519235838352977
24.8125 0.519236026842764
24.828125 0.51923621374667
24.84375 0.519236399078034
24.859375 0.519236582850089
24.875 0.519236765075952
24.890625 0.51923694576863
24.90625 0.519237124941024
24.921875 0.519237302605922
24.9375 0.519237478776008
24.953125 0.519237653463857
24.96875 0.519237826681939
24.984375 0.51923799844262
25 0.519238168758161
25.015625 0.51923833764072
25.03125 0.519238505102352
25.046875 0.519238671155012
25.0625 0.519238835810554
25.078125 0.519238999080732
25.09375 0.519239160977201
25.109375 0.519239321511518
25.125 0.519239480695143
25.140625 0.51923963853944
25.15625 0.519239795055677
25.171875 0.519239950255027
25.1875 0.519240104148568
25.203125 0.519240256747288
25.21875 0.519240408062079
25.234375 0.519240558103745
25.25 0.519240706882994
25.265625 0.51924085441045
25.28125 0.519241000696642
25.296875 0.519241145752015
25.3125 0.519241289586924
25.328125 0.519241432211636
25.34375 0.519241573636333
25.359375 0.519241713871112
25.375 0.519241852925983
25.390625 0.519241990810873
25.40625 0.519242127535626
25.421875 0.519242263110003
25.4375 0.519242397543681
25.453125 0.519242530846258
25.46875 0.51924266302725
25.484375 0.519242794096094
25.5 0.519242924062146
25.515625 0.519243052934684
25.53125 0.51924318072291
25.546875 0.519243307435944
25.5625 0.519243433082834
25.578125 0.519243557672549
25.59375 0.519243681213984
25.609375 0.519243803715958
25.625 0.519243925187217
25.640625 0.519244045636432
25.65625 0.519244165072203
25.671875 0.519244283503056
25.6875 0.519244400937445
25.703125 0.519244517383755
25.71875 0.519244632850298
25.734375 0.519244747345319
25.75 0.51924486087699
25.765625 0.519244973453417
25.78125 0.519245085082637
25.796875 0.519245195772619
25.8125 0.519245305531265
25.828125 0.519245414366412
25.84375 0.519245522285828
25.859375 0.519245629297219
25.875 0.519245735408225
25.890625 0.51924584062642
25.90625 0.519245944959316
25.921875 0.519246048414363
25.9375 0.519246150998945
25.953125 0.519246252720386
25.96875 0.519246353585949
25.984375 0.519246453602835
26 0.519246552778183
26.015625 0.519246651119075
26.03125 0.51924674863253
26.046875 0.519246845325512
26.0625 0.519246941204922
26.078125 0.519247036277606
26.09375 0.519247130550352
26.109375 0.519247224029889
26.125 0.519247316722892
26.140625 0.519247408635979
26.15625 0.51924749977571
26.171875 0.519247590148593
26.1875 0.519247679761081
26.203125 0.519247768619569
26.21875 0.519247856730403
26.234375 0.519247944099873
26.25 0.519248030734217
26.265625 0.519248116639619
26.28125 0.519248201822213
26.296875 0.519248286288081
26.3125 0.519248370043251
26.328125 0.519248453093705
26.34375 0.519248535445372
26.359375 0.51924861710413
26.375 0.51924869807581
26.390625 0.519248778366192
26.40625 0.51924885798101
26.421875 0.519248936925946
26.4375 0.519249015206637
26.453125 0.519249092828673
26.46875 0.519249169797594
26.484375 0.519249246118895
26.5 0.519249321798027
26.515625 0.519249396840391
26.53125 0.519249471251345
26.546875 0.519249545036202
26.5625 0.519249618200231
26.578125 0.519249690748653
26.59375 0.519249762686649
26.609375 0.519249834019355
26.625 0.519249904751864
26.640625 0.519249974889225
26.65625 0.519250044436446
26.671875 0.519250113398492
26.6875 0.519250181780288
26.703125 0.519250249586714
26.71875 0.519250316822612
26.734375 0.519250383492783
26.75 0.519250449601986
26.765625 0.519250515154941
26.78125 0.519250580156329
26.796875 0.519250644610789
26.8125 0.519250708522925
26.828125 0.519250771897298
26.84375 0.519250834738434
26.859375 0.51925089705082
26.875 0.519250958838903
26.890625 0.519251020107096
26.90625 0.519251080859772
26.921875 0.519251141101269
26.9375 0.519251200835889
26.953125 0.519251260067896
26.96875 0.519251318801519
26.984375 0.519251377040951
27 0.51925143479035
27.015625 0.519251492053839
27.03125 0.519251548835508
27.046875 0.519251605139409
27.0625 0.519251660969563
27.078125 0.519251716329956
27.09375 0.51925177122454
27.109375 0.519251825657234
27.125 0.519251879631926
27.140625 0.519251933152467
27.15625 0.519251986222681
27.171875 0.519252038846355
27.1875 0.519252091027247
27.203125 0.519252142769082
27.21875 0.519252194075555
27.234375 0.519252244950328
27.25 0.519252295397035
27.265625 0.519252345419276
27.28125 0.519252395020623
27.296875 0.519252444204617
27.3125 0.519252492974771
27.328125 0.519252541334566
27.34375 0.519252589287455
27.359375 0.519252636836861
27.375 0.51925268398618
27.390625 0.519252730738777
27.40625 0.519252777097991
27.421875 0.519252823067132
27.4375 0.519252868649482
27.453125 0.519252913848295
27.46875 0.519252958666798
27.484375 0.519253003108191
27.5 0.519253047175648
27.515625 0.519253090872314
27.53125 0.519253134201309
27.546875 0.519253177165728
27.5625 0.519253219768637
27.578125 0.519253262013078
27.59375 0.519253303902067
27.609375 0.519253345438595
27.625 0.519253386625628
27.640625 0.519253427466107
27.65625 0.519253467962947
27.671875 0.519253508119039
27.6875 0.519253547937252
27.703125 0.519253587420427
27.71875 0.519253626571384
27.734375 0.519253665392917
27.75 0.5192537038878
27.765625 0.51925374205878
27.78125 0.519253779908582
27.796875 0.519253817439909
27.8125 0.519253854655441
27.828125 0.519253891557834
27.84375 0.519253928149724
27.859375 0.519253964433724
27.875 0.519254000412422
27.890625 0.51925403608839
27.90625 0.519254071464173
27.921875 0.519254106542297
27.9375 0.519254141325268
27.953125 0.519254175815568
27.96875 0.519254210015659
27.984375 0.519254243927985
28 0.519254277554966
28.015625 0.519254310899003
28.03125 0.519254343962476
28.046875 0.519254376747747
28.0625 0.519254409257156
28.078125 0.519254441493024
28.09375 0.519254473457654
28.109375 0.519254505153326
28.125 0.519254536582305
28.140625 0.519254567746834
28.15625 0.519254598649138
28.171875 0.519254629291424
28.1875 0.519254659675879
28.203125 0.519254689804673
28.21875 0.519254719679958
28.234375 0.519254749303865
28.25 0.51925477867851
28.265625 0.519254807805991
28.28125 0.519254836688388
28.296875 0.519254865327761
28.3125 0.519254893726157
28.328125 0.519254921885603
28.34375 0.519254949808108
28.359375 0.519254977495668
28.375 0.519255004950259
28.390625 0.519255032173841
28.40625 0.519255059168357
28.421875 0.519255085935736
28.4375 0.519255112477888
28.453125 0.519255138796709
28.46875 0.519255164894077
28.484375 0.519255190771856
28.5 0.519255216431894
28.515625 0.519255241876022
28.53125 0.519255267106058
28.546875 0.519255292123803
28.5625 0.519255316931042
28.578125 0.519255341529548
28.59375 0.519255365921076
28.609375 0.519255390107368
28.625 0.519255414090152
28.640625 0.519255437871138
28.65625 0.519255461452026
28.671875 0.519255484834499
28.6875 0.519255508020226
28.703125 0.519255531010863
28.71875 0.519255553808051
28.734375 0.519255576413419
28.75 0.519255598828579
28.765625 0.519255621055134
28.78125 0.519255643094668
28.796875 0.519255664948757
28.8125 0.51925568661896
28.828125 0.519255708106825
28.84375 0.519255729413886
28.859375 0.519255750541664
28.875 0.519255771491668
28.890625 0.519255792265393
28.90625 0.519255812864323
28.921875 0.519255833289929
28.9375 0.519255853543669
28.953125 0.519255873626989
28.96875 0.519255893541323
28.984375 0.519255913288093
29 0.519255932868708
29.015625 0.519255952284567
29.03125 0.519255971537057
29.046875 0.519255990627551
29.0625 0.519256009557413
29.078125 0.519256028327995
29.09375 0.519256046940636
29.109375 0.519256065396666
29.125 0.519256083697402
29.140625 0.519256101844151
29.15625 0.519256119838209
29.171875 0.51925613768086
29.1875 0.519256155373378
29.203125 0.519256172917027
29.21875 0.51925619031306
29.234375 0.519256207562718
29.25 0.519256224667232
29.265625 0.519256241627825
29.28125 0.519256258445707
29.296875 0.51925627512208
29.3125 0.519256291658132
29.328125 0.519256308055047
29.34375 0.519256324313993
29.359375 0.519256340436132
29.375 0.519256356422616
29.390625 0.519256372274585
29.40625 0.519256387993171
29.421875 0.519256403579497
29.4375 0.519256419034676
29.453125 0.519256434359811
29.46875 0.519256449555996
29.484375 0.519256464624316
29.5 0.519256479565848
29.515625 0.519256494381657
29.53125 0.519256509072802
29.546875 0.519256523640332
29.5625 0.519256538085287
29.578125 0.519256552408699
29.59375 0.519256566611589
29.609375 0.519256580694972
29.625 0.519256594659855
29.640625 0.519256608507232
29.65625 0.519256622238095
29.671875 0.519256635853422
29.6875 0.519256649354186
29.703125 0.519256662741351
29.71875 0.519256676015872
29.734375 0.519256689178699
29.75 0.519256702230769
29.765625 0.519256715173016
29.78125 0.519256728006364
29.796875 0.519256740731728
29.8125 0.519256753350018
29.828125 0.519256765862133
29.84375 0.519256778268969
29.859375 0.51925679057141
29.875 0.519256802770334
29.890625 0.519256814866614
29.90625 0.519256826861112
29.921875 0.519256838754685
29.9375 0.519256850548183
29.953125 0.519256862242446
29.96875 0.519256873838311
29.984375 0.519256885336605
30 0.51925689673815
30.015625 0.519256908043758
30.03125 0.519256919254238
30.046875 0.51925693037039
30.0625 0.519256941393007
30.078125 0.519256952322877
30.09375 0.51925696316078
30.109375 0.51925697390749
30.125 0.519256984563774
30.140625 0.519256995130393
30.15625 0.519257005608102
30.171875 0.519257015997648
30.1875 0.519257026299774
30.203125 0.519257036515214
30.21875 0.5192570466447
30.234375 0.519257056688952
30.25 0.51925706664869
30.265625 0.519257076524623
30.28125 0.519257086317458
30.296875 0.519257096027893
30.3125 0.519257105656621
30.328125 0.519257115204331
30.34375 0.519257124671703
30.359375 0.519257134059415
30.375 0.519257143368135
30.390625 0.51925715259853
30.40625 0.519257161751257
30.421875 0.51925717082697
30.4375 0.519257179826318
30.453125 0.519257188749942
30.46875 0.519257197598481
30.484375 0.519257206372566
30.5 0.519257215072822
30.515625 0.519257223699873
30.53125 0.519257232254333
30.546875 0.519257240736813
30.5625 0.519257249147919
30.578125 0.519257257488252
30.59375 0.519257265758407
30.609375 0.519257273958974
30.625 0.519257282090539
30.640625 0.519257290153683
30.65625 0.519257298148982
30.671875 0.519257306077005
30.6875 0.51925731393832
30.703125 0.519257321733488
30.71875 0.519257329463065
30.734375 0.519257337127602
30.75 0.519257344727649
30.765625 0.519257352263746
30.78125 0.519257359736432
30.796875 0.519257367146241
30.8125 0.519257374493701
30.828125 0.519257381779338
30.84375 0.519257389003671
30.859375 0.519257396167217
30.875 0.519257403270487
30.890625 0.519257410313987
30.90625 0.519257417298222
30.921875 0.519257424223689
30.9375 0.519257431090883
30.953125 0.519257437900295
30.96875 0.51925744465241
30.984375 0.519257451347711
31 0.519257457986675
31.015625 0.519257464569778
31.03125 0.519257471097488
31.046875 0.519257477570272
31.0625 0.519257483988592
31.078125 0.519257490352907
31.09375 0.51925749666367
31.109375 0.519257502921333
31.125 0.519257509126342
31.140625 0.51925751527914
31.15625 0.519257521380166
31.171875 0.519257527429857
31.1875 0.519257533428644
31.203125 0.519257539376955
31.21875 0.519257545275216
31.234375 0.519257551123846
31.25 0.519257556923265
31.265625 0.519257562673886
31.28125 0.519257568376119
31.296875 0.519257574030372
31.3125 0.519257579637048
31.328125 0.519257585196548
31.34375 0.519257590709268
31.359375 0.519257596175604
31.375 0.519257601595943
31.390625 0.519257606970674
31.40625 0.519257612300181
31.421875 0.519257617584844
31.4375 0.519257622825039
31.453125 0.519257628021143
31.46875 0.519257633173524
31.484375 0.519257638282552
31.5 0.519257643348591
31.515625 0.519257648372003
31.53125 0.519257653353147
31.546875 0.519257658292377
31.5625 0.519257663190048
31.578125 0.519257668046508
31.59375 0.519257672862104
31.609375 0.51925767763718
31.625 0.519257682372077
31.640625 0.519257687067134
31.65625 0.519257691722685
31.671875 0.519257696339063
31.6875 0.519257700916597
31.703125 0.519257705455614
31.71875 0.519257709956439
31.734375 0.519257714419392
31.75 0.519257718844793
31.765625 0.519257723232957
31.78125 0.519257727584197
31.796875 0.519257731898825
31.8125 0.519257736177149
31.828125 0.519257740419473
31.84375 0.519257744626101
31.859375 0.519257748797334
31.875 0.519257752933468
31.890625 0.519257757034799
31.90625 0.519257761101621
31.921875 0.519257765134223
31.9375 0.519257769132894
31.953125 0.519257773097919
31.96875 0.51925777702958
31.984375 0.51925778092816
32 0.519257784793936
Total steps: 2048
