0 0
0.03125 0.00031745591095183
0.0625 0.000639940988732571
0.09375 0.000967528145765478
0.125 0.00130029112737207
0.15625 0.00163830451361919
0.1875 0.00198164372086009
0.21875 0.00233038500295692
0.25 0.00268460545217136
0.28125 0.00304438299971027
0.3125 0.00340979641591239
0.34375 0.0037809253100625
0.375 0.00415785012981837
0.40625 0.00454065216023627
0.4375 0.00492941352237986
0.46875 0.00532421717149754
0.5 0.00572514689475257
0.53125 0.00613228730849035
0.5625 0.00654572385502664
0.59375 0.00696554279894044
0.625 0.00739183122285485
0.65625 0.00782467702268903
0.6875 0.0082641689023639
0.71875 0.00871039636794427
0.75 0.00916344972119951
0.78125 0.0096234200525648
0.8125 0.0100903992334847
0.84375 0.0105644799081207
0.875 0.0110457554844034
0.90625 0.0115343201244113
0.9375 0.0120302687340563
0.96875 0.0125336969520566
1 0.0130447011381782
1.03125 0.0135633783607241
1.0625 0.0140898263832521
1.09375 0.0146241436505014
1.125 0.0151664292735069
1.15625 0.0157167830138819
1.1875 0.0162753052672485
1.21875 0.0168420970457956
1.25 0.0174172599599431
1.28125 0.0180008961990933
1.3125 0.0185931085114482
1.34375 0.0191940001828728
1.375 0.0198036750147829
1.40625 0.0204222373010391
1.4375 0.0210497918038252
1.46875 0.0216864437284924
1.5 0.0223322986973481
1.53125 0.0229874627223707
1.5625 0.023652042176832
1.59375 0.0243261437658056
1.625 0.0250098744955456
1.65625 0.0257033416417153
1.6875 0.0264066527164493
1.71875 0.0271199154342308
1.75 0.0278432376765677
1.78125 0.0285767274554512
1.8125 0.0293204928755811
1.84375 0.0300746420953431
1.875 0.0308392832865225
1.90625 0.0316145245927436
1.9375 0.0324004740866179
1.96875 0.033197239725594
2 0.034004929306494
2.03125 0.0348236504187292
2.0625 0.0356535103961855
2.09375 0.0364946162677701
2.125 0.037347074706614
2.15625 0.0382109919779239
2.1875 0.0390864738854803
2.21875 0.0399736257167786
2.25 0.0408725521868128
2.28125 0.0417833573805001
2.3125 0.0427061446937516
2.34375 0.0436410167731886
2.375 0.0445880754545134
2.40625 0.0455474216995391
2.4375 0.0465191555318883
2.46875 0.047503375971371
2.5 0.0485001809670556
2.53125 0.0495096673290458
2.5625 0.0505319306589825
2.59375 0.0515670652792882
2.625 0.052615164161176
2.65625 0.0536763188514476
2.6875 0.0547506193981045
2.71875 0.0558381542748034
2.75 0.0569390103041844
2.78125 0.0580532725801083
2.8125 0.0591810243888368
2.84375 0.0603223471291959
2.875 0.0614773202317647
2.90625 0.0626460210771322
2.9375 0.0638285249132717
2.96875 0.0650249047720811
3 0.066235231385143
3.03125 0.067459573098761
3.0625 0.0686979957883301
3.09375 0.0699505627721042
3.125 0.071217334724425
3.15625 0.0724983695884803
3.1875 0.0737937224886632
3.21875 0.0751034456426058
3.25 0.0764275882729642
3.28125 0.077766196519035
3.3125 0.0791193133482874
3.34375 0.0804869784678943
3.375 0.0818692282363538
3.40625 0.0832660955752918
3.4375 0.0846776098815401
3.46875 0.0861037969395871
3.5 0.0875446788345026
3.53125 0.0890002738654374
3.5625 0.0904705964598041
3.59375 0.0919556570882467
3.625 0.0934554621805083
3.65625 0.0949700140423094
3.6875 0.096499310773352
3.71875 0.0980433461865641
3.75 0.099602109728704
3.78125 0.101175586402444
3.8125 0.102763756690052
3.84375 0.104366596478804
3.875 0.105984076988232
3.90625 0.107616164699354
3.9375 0.109262821285993
3.96875 0.110924003548329
4 0.112599663348793
4.03125 0.114289747550442
4.0625 0.115994197957934
4.09375 0.117712951261236
4.125 0.11944593898219
4.15625 0.121193087424052
4.1875 0.122954317624136
4.21875 0.124729545309695
4.25 0.126518680857136
4.28125 0.128321629254708
4.3125 0.13013829006877
4.34375 0.13196855741376
4.375 0.13381231992597
4.40625 0.135669460741235
4.4375 0.137539857476651
4.46875 0.139423382216408
4.5 0.141319901501853
4.53125 0.143229276325858
4.5625 0.145151362131599
4.59375 0.147086008815819
4.625 0.149033060736654
4.65625 0.150992356726106
4.6875 0.152963730107215
4.71875 0.154947008716011
4.75 0.15694201492828
4.78125 0.158948565691221
4.8125 0.160966472560004
4.84375 0.162995541739301
4.875 0.165035574129789
4.90625 0.167086365379661
4.9375 0.169147705941168
4.96875 0.171219381132173
5 0.17330117120275
5.03125 0.175392851406784
5.0625 0.177494192078589
5.09375 0.179604958714494
5.125 0.181724912059376
5.15625 0.183853808198097
5.1875 0.185991398651793
5.21875 0.188137430478964
5.25 0.190291646381289
5.28125 0.192453784814097
5.3125 0.194623580101415
5.34375 0.196800762555492
5.375 0.198985058600713
5.40625 0.201176190901783
5.4375 0.203373878496069
5.46875 0.205577836929993
5.5 0.207787778399316
5.53125 0.210003411893203
5.5625 0.212224443341906
5.59375 0.214450575767928
5.625 0.216681509440488
5.65625 0.218916942033148
5.6875 0.221156568784408
5.71875 0.223400082661105
5.75 0.225647174524433
5.78125 0.227897533298385
5.8125 0.23015084614044
5.84375 0.232406798614283
5.875 0.234665074864372
5.90625 0.236925357792131
5.9375 0.239187329233576
5.96875 0.241450670138151
6 0.24371506074857
6.03125 0.245980180781445
6.0625 0.248245709608478
6.09375 0.250511326438018
6.125 0.252776710496738
6.15625 0.255041541211237
6.1875 0.257305498389334
6.21875 0.259568262400843
6.25 0.26182951435761
6.28125 0.264088936292597
6.3125 0.266346211337806
6.34375 0.268601023900821
6.375 0.270853059839773
6.40625 0.273102006636515
6.4375 0.275347553567816
6.46875 0.277589391874363
6.5 0.279827214927396
6.53125 0.28206071839278
6.5625 0.284289600392332
6.59375 0.28651356166223
6.625 0.288732305708333
6.65625 0.29094553895825
6.6875 0.293152970909993
6.71875 0.295354314277072
6.75 0.297549285129887
6.78125 0.299737603033272
6.8125 0.301918991180071
6.84375 0.304093176520617
6.875 0.306259889888012
6.90625 0.308418866119083
6.9375 0.31056984417093
6.96875 0.312712567232976
7 0.314846782834422
7.03125 0.316972242947059
7.0625 0.319088704083338
7.09375 0.321195927389673
7.125 0.323293678734905
7.15625 0.325381728793899
7.1875 0.327459853126227
7.21875 0.329527832249936
7.25 0.331585451710349
7.28125 0.333632502143928
7.3125 0.335668779337169
7.34375 0.337694084280548
7.375 0.339708223217524
7.40625 0.341711007688636
7.4375 0.343702254570699
7.46875 0.345681786111147
7.5 0.347649429957572
7.53125 0.349605019182482
7.5625 0.351548392303363
7.59375 0.353479393298077
7.625 0.355397871615682
7.65625 0.357303682182732
7.6875 0.359196685405143
7.71875 0.361076747165702
7.75 0.362943738817299
7.78125 0.364797537171983
7.8125 0.366638024485937
7.84375 0.36846508844045
7.875 0.370278622119019
7.90625 0.372078523980662
7.9375 0.373864697829556
7.96875 0.375637052781117
8 0.377395503224631
8.03125 0.379139968782545
8.0625 0.38087037426655
8.09375 0.382586649630559
8.125 0.384288729920712
8.15625 0.385976555222516
8.1875 0.387650070605266
8.21875 0.389309226063833
8.25 0.390953976457981
8.28125 0.392584281449309
8.3125 0.394200105435952
8.34375 0.395801417485159
8.375 0.397388191263877
8.40625 0.398960404967455
8.4375 0.400518041246592
8.46875 0.402061087132649
8.5 0.403589533961441
8.53125 0.405103377295627
8.5625 0.406602616845812
8.59375 0.40808725639048
8.625 0.409557303694855
8.65625 0.41101277042882
8.6875 0.412453672083983
8.71875 0.413880027890006
8.75 0.415291860730299
8.78125 0.416689197057172
8.8125 0.418072066806549
8.84375 0.419440503312345
8.875 0.420794543220584
8.90625 0.422134226403362
8.9375 0.423459595872731
8.96875 0.424770697694603
9 0.426067580902739
9.03125 0.427350297412912
9.0625 0.42861890193732
9.09375 0.42987345189932
9.125 0.431114007348551
9.15625 0.432340630876516
9.1875 0.433553387532687
9.21875 0.434752344741202
9.25 0.435937572218192
9.28125 0.437109141889818
9.3125 0.43826712781106
9.34375 0.439411606085302
9.375 0.440542654784774
9.40625 0.441660353871887
9.4375 0.442764785121505
9.46875 0.443856032044198
9.5 0.444934179810497
9.53125 0.445999315176216
9.5625 0.447051526408837
9.59375 0.448090903215014
9.625 0.449117536669214
9.65625 0.450131519143514
9.6875 0.451132944238586
9.71875 0.452121906715888
9.75 0.453098502431078
9.78125 0.454062828268658
9.8125 0.455014982077888
9.84375 0.455955062609946
9.875 0.45688316945638
9.90625 0.457799402988836
9.9375 0.458703864300077
9.96875 0.459596655146302
10 0.460477877890759
10.03125 0.461347635448667
10.0625 0.462206031233432
10.09375 0.463053169104172
10.125 0.463889153314533
10.15625 0.464714088462804
10.1875 0.465528079443327
10.21875 0.466331231399178
10.25 0.467123649676141
10.28125 0.46790543977794
10.3125 0.468676707322733
10.34375 0.469437558000859
10.375 0.470188097533822
10.40625 0.470928431634497
10.4375 0.471658665968559
10.46875 0.472378906117106
10.5 0.473089257540472
10.53125 0.47378982554321
10.5625 0.474480715240235
10.59375 0.475162031524104
10.625 0.475833879033426
10.65625 0.476496362122378
10.6875 0.477149584831308
10.71875 0.47779365085842
10.75 0.478428663532508
10.78125 0.479054725786732
10.8125 0.479671940133409
10.84375 0.480280408639812
10.875 0.480880232904941
10.90625 0.481471514037268
10.9375 0.48205435263342
10.96875 0.482628848757786
11 0.483195101923034
11.03125 0.483753211071512
11.0625 0.484303274557518
11.09375 0.484845390130414
11.125 0.485379654918574
11.15625 0.485906165414136
11.1875 0.486425017458554
11.21875 0.486936306228907
11.25 0.487440126224971
11.28125 0.487936571257025
11.3125 0.488425734434362
11.34375 0.488907708154511
11.375 0.489382584093119
11.40625 0.489850453194511
11.4375 0.490311405662878
11.46875 0.490765530954097
11.5 0.49121291776815
11.53125 0.49165365404214
11.5625 0.492087826943875
11.59375 0.492515522866003
11.625 0.49293682742069
11.65625 0.49335182543482
11.6875 0.493760600945697
11.71875 0.494163237197239
11.75 0.494559816636643
11.78125 0.494950420911514
11.8125 0.495335130867433
11.84375 0.495714026545951
11.875 0.496087187183007
11.90625 0.496454691207733
11.9375 0.496816616241655
11.96875 0.49717303909826
12 0.497524035782924
12.03125 0.497869681493185
12.0625 0.498210050619347
12.09375 0.498545216745409
12.125 0.498875252650292
12.15625 0.499200230309372
12.1875 0.49952022089629
12.21875 0.499835294785036
12.25 0.500145521552299
12.28125 0.500450969980054
12.3125 0.500751708058408
12.34375 0.501047802988655
12.375 0.501339321186565
12.40625 0.501626328285874
12.4375 0.501908889141979
12.46875 0.502187067835816
12.5 0.502460927677927
12.53125 0.502730531212693
12.5625 0.502995940222735
12.59375 0.503257215733468
12.625 0.503514418017801
12.65625 0.503767606600981
12.6875 0.504016840265562
12.71875 0.504262177056506
12.75 0.504503674286389
12.78125 0.504741388540735
12.8125 0.504975375683433
12.84375 0.505205690862267
12.875 0.505432388514525
12.90625 0.505655522372701
12.9375 0.505875145470268
12.96875 0.506091310147527
13 0.506304068057522
13.03125 0.506513470172017
13.0625 0.506719566787529
13.09375 0.506922407531412
13.125 0.507122041367987
13.15625 0.507318516604712
13.1875 0.507511880898396
13.21875 0.507702181261438
13.25 0.507889464068095
13.28125 0.508073775060782
13.3125 0.508255159356387
13.34375 0.5084336614526
13.375 0.508609325234263
13.40625 0.508782193979723
13.4375 0.508952310367198
13.46875 0.509119716481137
13.5 0.509284453818592
13.53125 0.509446563295579
13.5625 0.509606085253433
13.59375 0.509763059465163
13.625 0.509917525141784
13.65625 0.510069520938651
13.6875 0.51021908496176
13.71875 0.510366254774045
13.75 0.51051106740165
13.78125 0.510653559340175
13.8125 0.510793766560907
13.84375 0.510931724517015
13.875 0.511067468149721
13.90625 0.51120103189445
13.9375 0.511332449686931
13.96875 0.511461754969284
14 0.511588980696059
14.03125 0.51171415934025
14.0625 0.511837322899264
14.09375 0.511958502900856
14.125 0.512077730409027
14.15625 0.512195036029876
14.1875 0.512310449917416
14.21875 0.512424001779348
14.25 0.512535720882783
14.28125 0.512645636059936
14.3125 0.51275377571376
14.34375 0.512860167823544
14.375 0.51296483995046
14.40625 0.513067819243066
14.4375 0.513169132442762
14.46875 0.513268805889195
14.5 0.51336686552562
14.53125 0.513463336904209
14.5625 0.513558245191311
14.59375 0.513651615172667
14.625 0.513743471258568
14.65625 0.513833837488968
14.6875 0.513922737538548
14.71875 0.514010194721722
14.75 0.514096231997603
14.78125 0.514180871974907
14.8125 0.514264136916815
14.84375 0.514346048745782
14.875 0.514426629048288
14.90625 0.514505899079549
14.9375 0.514583879768169
14.96875 0.514660591720741
15 0.514736055226405
15.03125 0.514810290261346
15.0625 0.514883316493241
15.09375 0.514955153285668
15.125 0.515025819702446
15.15625 0.515095334511939
15.1875 0.515163716191303
15.21875 0.515230982930685
15.25 0.515297152637371
15.28125 0.515362242939887
15.3125 0.515426271192043
15.34375 0.515489254476941
15.375 0.515551209610921
15.40625 0.515612153147464
15.4375 0.515672101381051
15.46875 0.515731070350964
15.5 0.515789075845048
15.53125 0.515846133403418
15.5625 0.51590225832213
15.59375 0.515957465656792
15.625 0.516011770226138
15.65625 0.516065186615551
15.6875 0.516117729180544
15.71875 0.516169412050191
15.75 0.516220249130519
15.78125 0.516270254107847
15.8125 0.516319440452092
15.84375 0.516367821420019
15.875 0.516415410058458
15.90625 0.51646221920747
15.9375 0.516508261503474
15.96875 0.516553549382333
16 0.516598095082395
16.03125 0.516641910647496
16.0625 0.516685007929915
16.09375 0.516727398593299
16.125 0.516769094115537
16.15625 0.516810105791601
16.1875 0.516850444736349
16.21875 0.516890121887277
16.25 0.516929148007251
16.28125 0.516967533687182
16.3125 0.517005289348678
16.34375 0.517042425246649
16.375 0.517078951471882
16.40625 0.517114877953573
16.4375 0.517150214461825
16.46875 0.517184970610117
16.5 0.517219155857725
16.53125 0.517252779512121
16.5625 0.517285850731326
16.59375 0.51731837852624
16.625 0.517350371762928
16.65625 0.517381839164881
16.6875 0.517412789315238
16.71875 0.517443230658981
16.75 0.517473171505094
16.78125 0.51750262002869
16.8125 0.517531584273109
16.84375 0.517560072151985
16.875 0.517588091451284
16.90625 0.517615649831303
16.9375 0.517642754828654
16.96875 0.517669413858204
17 0.517695634214998
17.03125 0.517721423076144
17.0625 0.517746787502675
17.09375 0.517771734441383
17.125 0.517796270726625
17.15625 0.517820403082098
17.1875 0.517844138122596
17.21875 0.517867482355729
17.25 0.517890442183627
17.28125 0.517913023904611
17.3125 0.517935233714844
17.34375 0.517957077709948
17.375 0.51797856188661
17.40625 0.517999692144151
17.4375 0.518020474286078
17.46875 0.518040914021609
17.5 0.51806101696718
17.53125 0.518080788647918
17.5625 0.518100234499107
17.59375 0.518119359867615
17.625 0.518138170013314
17.65625 0.518156670110465
17.6875 0.518174865249091
17.71875 0.518192760436327
17.75 0.518210360597745
17.78125 0.518227670578662
17.8125 0.518244695145427
17.84375 0.518261438986689
17.875 0.518277906714643
17.90625 0.518294102866259
17.9375 0.51831003190449
17.96875 0.518325698219463
18 0.51834110612965
18.03125 0.51835625988302
18.0625 0.518371163658176
18.09375 0.518385821565473
18.125 0.518400237648115
18.15625 0.518414415883239
18.1875 0.518428360182983
18.21875 0.51844207439553
18.25 0.518455562306147
18.28125 0.518468827638194
18.3125 0.518481874054131
18.34375 0.518494705156496
18.375 0.518507324488881
18.40625 0.518519735536878
18.4375 0.518531941729026
18.46875 0.518543946437726
18.5 0.518555752980155
18.53125 0.518567364619163
18.5625 0.518578784564148
18.59375 0.518590015971925
18.625 0.518601061947581
18.65625 0.51861192554531
18.6875 0.518622609769241
18.71875 0.518633117574255
18.75 0.518643451866775
18.78125 0.518653615505564
18.8125 0.518663611302491
18.84375 0.518673442023299
18.875 0.518683110388352
18.90625 0.518692619073374
18.9375 0.518701970710175
18.96875 0.518711167887367
19 0.518720213151063
19.03125 0.518729109005576
19.0625 0.518737857914094
19.09375 0.518746462299352
19.125 0.518754924544291
19.15625 0.518763246992709
19.1875 0.518771431949896
19.21875 0.518779481683261
19.25 0.518787398422956
19.28125 0.518795184362477
19.3125 0.518802841659267
19.34375 0.518810372435304
19.375 0.518817778777676
19.40625 0.518825062739156
19.4375 0.51883222633876
19.46875 0.518839271562299
19.5 0.518846200362923
19.53125 0.51885301466165
19.5625 0.518859716347898
19.59375 0.518866307279998
19.625 0.518872789285704
19.65625 0.51887916416269
19.6875 0.518885433679047
19.71875 0.518891599573763
19.75 0.518897663557202
19.78125 0.518903627311571
19.8125 0.518909492491384
19.84375 0.518915260723911
19.875 0.518920933609627
19.90625 0.518926512722652
19.9375 0.51893199961118
19.96875 0.518937395797907
20 0.518942702780445
20.03125 0.518947922031738
20.0625 0.518953055000462
20.09375 0.518958103111428
20.125 0.518963067765968
20.15625 0.518967950342322
20.1875 0.518972752196021
20.21875 0.518977474660253
20.25 0.518982119046234
20.28125 0.518986686643568
20.3125 0.5189911787206
20.34375 0.518995596524767
20.375 0.518999941282942
20.40625 0.519004214201768
20.4375 0.519008416467993
20.46875 0.519012549248799
20.5 0.519016613692118
20.53125 0.519020610926953
20.5625 0.519024542063686
20.59375 0.519028408194385
20.625 0.519032210393108
20.65625 0.519035949716194
20.6875 0.519039627202556
20.71875 0.519043243873971
20.75 0.519046800735357
20.78125 0.519050298775052
20.8125 0.519053738965088
20.84375 0.519057122261459
20.875 0.519060449604382
20.90625 0.51906372191856
20.9375 0.519066940113434
20.96875 0.519070105083439
21 0.519073217708246
21.03125 0.519076278853007
21.0625 0.519079289368595
21.09375 0.519082250091837
21.125 0.519085161845746
21.15625 0.519088025439752
21.1875 0.519090841669917
21.21875 0.519093611319164
21.25 0.51909633515749
21.28125 0.519099013942178
21.3125 0.519101648418008
21.34375 0.51910423931746
21.375 0.519106787360921
21.40625 0.519109293256881
21.4375 0.519111757702131
21.46875 0.519114181381955
21.5 0.519116564970319
21.53125 0.519118909130056
21.5625 0.519121214513055
21.59375 0.519123481760437
21.625 0.519125711502731
21.65625 0.519127904360054
21.6875 0.519130060942277
21.71875 0.5191321818492
21.75 0.519134267670711
21.78125 0.519136318986956
21.8125 0.519138336368494
21.84375 0.51914032037646
21.875 0.519142271562718
21.90625 0.519144190470013
21.9375 0.519146077632123
21.96875 0.519147933574007
22 0.51914975881195
22.03125 0.519151553853705
22.0625 0.519153319198636
22.09375 0.519155055337855
22.125 0.519156762754357
22.15625 0.519158441923157
22.1875 0.51916009331142
22.21875 0.519161717378588
22.25 0.519163314576513
22.28125 0.519164885349578
22.3125 0.519166430134822
22.34375 0.519167949362059
22.375 0.519169443454
22.40625 0.519170912826371
22.4375 0.519172357888023
22.46875 0.519173779041053
22.5 0.519175176680907
22.53125 0.519176551196498
22.5625 0.519177902970309
22.59375 0.519179232378499
22.625 0.519180539791012
22.65625 0.519181825571672
22.6875 0.519183090078291
22.71875 0.519184333662767
22.75 0.519185556671177
22.78125 0.51918675944388
22.8125 0.519187942315604
22.84375 0.519189105615547
22.875 0.519190249667461
22.90625 0.519191374789747
22.9375 0.519192481295541
22.96875 0.519193569492802
23 0.519194639684396
23.03125 0.519195692168184
23.0625 0.519196727237097
23.09375 0.519197745179228
23.125 0.519198746277901
23.15625 0.519199730811759
23.1875 0.519200699054835
23.21875 0.519201651276632
23.25 0.519202587742196
23.28125 0.519203508712189
23.3125 0.519204414442964
23.34375 0.519205305186633
23.375 0.519206181191141
23.40625 0.519207042700331
23.4375 0.519207889954013
23.46875 0.519208723188032
23.5 0.519209542634332
23.53125 0.519210348521023
23.5625 0.519211141072439
23.59375 0.519211920509206
23.625 0.519212687048301
23.65625 0.519213440903112
23.6875 0.519214182283498
23.71875 0.519214911395846
23.75 0.519215628443131
23.78125 0.519216333624969
23.8125 0.519217027137677
23.84375 0.519217709174322
23.875 0.51921837992478
23.90625 0.519219039575785
23.9375 0.519219688310981
23.96875 0.519220326310978
24 0.519220953753396
24.03125 0.519221570812917
24.0625 0.519222177661335
24.09375 0.5192227744676
24.125 0.519223361397869
24.15625 0.519223938615551
24.1875 0.51922450628135
24.21875 0.519225064553312
24.25 0.519225613586871
24.28125 0.519226153534887
24.3125 0.519226684547692
24.34375 0.519227206773133
24.375 0.519227720356608
24.40625 0.519228225441112
24.4375 0.519228722167274
24.46875 0.519229210673396
24.5 0.519229691095493
24.53125 0.519230163567329
24.5625 0.519230628220456
24.59375 0.519231085184248
24.625 0.519231534585941
24.65625 0.519231976550664
24.6875 0.519232411201477
24.71875 0.519232838659405
24.75 0.519233259043467
24.78125 0.519233672470718
24.8125 0.519234079056273
24.84375 0.519234478913343
24.875 0.519234872153268
24.90625 0.519235258885542
24.9375 0.519235639217852
24.96875 0.519236013256101
25 0.519236381104439
25.03125 0.519236742865294
25.0625 0.5192370986394
25.09375 0.519237448525824
25.125 0.519237792621992
25.15625 0.519238131023721
25.1875 0.519238463825241
25.21875 0.519238791119222
25.25 0.519239112996803
25.28125 0.519239429547614
25.3125 0.519239740859802
25.34375 0.519240047020056
25.375 0.519240348113629
25.40625 0.519240644224365
25.4375 0.519240935434721
25.46875 0.519241221825788
25.5 0.519241503477318
25.53125 0.51924178046774
25.5625 0.519242052874187
25.59375 0.519242320772518
25.625 0.519242584237332
25.65625 0.519242843341997
25.6875 0.519243098158667
25.71875 0.5192433487583
25.75 0.519243595210683
25.78125 0.519243837584445
25.8125 0.519244075947081
25.84375 0.51924431036497
25.875 0.519244540903391
25.90625 0.519244767626543
25.9375 0.519244990597565
25.96875 0.519245209878548
26 0.519245425530557
26.03125 0.519245637613648
26.0625 0.519245846186881
26.09375 0.519246051308339
26.125 0.519246253035146
26.15625 0.519246451423478
26.1875 0.519246646528583
26.21875 0.519246838404795
26.25 0.519247027105548
26.28125 0.519247212683391
26.3125 0.519247395190007
26.34375 0.51924757467622
26.375 0.519247751192014
26.40625 0.519247924786547
26.4375 0.519248095508162
26.46875 0.519248263404404
26.5 0.51924842852203
26.53125 0.519248590907023
26.5625 0.519248750604605
26.59375 0.51924890765925
26.625 0.519249062114697
26.65625 0.51924921401396
26.6875 0.519249363399342
26.71875 0.519249510312445
26.75 0.519249654794183
26.78125 0.519249796884793
26.8125 0.519249936623847
26.84375 0.51925007405026
26.875 0.519250209202306
26.90625 0.519250342117624
26.9375 0.519250472833229
26.96875 0.519250601385524
27 0.519250727810313
27.03125 0.519250852142802
27.0625 0.519250974417618
27.09375 0.519251094668815
27.125 0.519251212929881
27.15625 0.519251329233753
27.1875 0.51925144361282
27.21875 0.519251556098937
27.25 0.519251666723431
27.28125 0.519251775517111
27.3125 0.519251882510275
27.34375 0.519251987732722
27.375 0.519252091213755
27.40625 0.519252192982194
27.4375 0.519252293066382
27.46875 0.519252391494192
27.5 0.519252488293037
27.53125 0.519252583489874
27.5625 0.519252677111216
27.59375 0.519252769183138
27.625 0.519252859731281
27.65625 0.519252948780863
27.6875 0.519253036356684
27.71875 0.519253122483135
27.75 0.519253207184203
27.78125 0.519253290483476
27.8125 0.519253372404154
27.84375 0.519253452969052
27.875 0.519253532200607
27.90625 0.519253610120887
27.9375 0.519253686751592
27.96875 0.519253762114064
28 0.519253836229292
28.03125 0.519253909117918
28.0625 0.519253980800241
28.09375 0.519254051296226
28.125 0.519254120625505
28.15625 0.519254188807388
28.1875 0.519254255860863
28.21875 0.519254321804606
28.25 0.519254386656982
28.28125 0.519254450436053
28.3125 0.519254513159581
28.34375 0.519254574845037
28.375 0.5192546355096
28.40625 0.519254695170164
28.4375 0.519254753843347
28.46875 0.51925481154549
28.5 0.519254868292662
28.53125 0.519254924100668
28.5625 0.519254978985051
28.59375 0.519255032961098
28.625 0.51925508604384
28.65625 0.519255138248062
28.6875 0.519255189588304
28.71875 0.519255240078863
28.75 0.519255289733803
28.78125 0.519255338566952
28.8125 0.519255386591911
28.84375 0.519255433822055
28.875 0.519255480270539
28.90625 0.519255525950299
28.9375 0.519255570874057
28.96875 0.519255615054325
29 0.519255658503407
29.03125 0.519255701233405
29.0625 0.519255743256219
29.09375 0.519255784583554
29.125 0.519255825226918
29.15625 0.519255865197633
29.1875 0.51925590450683
29.21875 0.519255943165457
29.25 0.519255981184282
29.28125 0.519256018573892
29.3125 0.519256055344702
29.34375 0.519256091506952
29.375 0.519256127070715
29.40625 0.519256162045894
29.4375 0.519256196442231
29.46875 0.519256230269307
29.5 0.519256263536541
29.53125 0.5192562962532
29.5625 0.519256328428395
29.59375 0.519256360071088
29.625 0.519256391190092
29.65625 0.519256421794073
29.6875 0.519256451891555
29.71875 0.519256481490922
29.75 0.519256510600415
29.78125 0.519256539228144
29.8125 0.519256567382081
29.84375 0.519256595070068
29.875 0.519256622299815
29.90625 0.519256649078907
29.9375 0.519256675414803
29.96875 0.519256701314836
30 0.519256726786221
30.03125 0.519256751836052
30.0625 0.519256776471305
30.09375 0.519256800698842
30.125 0.51925682452541
30.15625 0.519256847957646
30.1875 0.519256871002076
30.21875 0.519256893665117
30.25 0.519256915953083
30.28125 0.519256937872179
30.3125 0.519256959428512
30.34375 0.519256980628085
30.375 0.519257001476803
30.40625 0.519257021980471
30.4375 0.519257042144801
30.46875 0.519257061975409
30.5 0.519257081477817
30.53125 0.519257100657458
30.5625 0.519257119519674
30.59375 0.519257138069717
30.625 0.519257156312754
30.65625 0.519257174253867
30.6875 0.519257191898052
30.71875 0.519257209250223
30.75 0.519257226315213
30.78125 0.519257243097775
30.8125 0.519257259602583
30.84375 0.519257275834235
30.875 0.51925729179725
30.90625 0.519257307496075
30.9375 0.519257322935082
30.96875 0.519257338118571
31 0.519257353050771
31.03125 0.519257367735841
31.0625 0.519257382177871
31.09375 0.519257396380884
31.125 0.519257410348834
31.15625 0.519257424085612
31.1875 0.519257437595045
31.21875 0.519257450880894
31.25 0.519257463946861
31.28125 0.519257476796584
31.3125 0.519257489433642
31.34375 0.519257501861554
31.375 0.519257514083783
31.40625 0.519257526103732
31.4375 0.519257537924748
31.46875 0.519257549550125
31.5 0.519257560983101
31.53125 0.519257572226858
31.5625 0.51925758328453
31.59375 0.519257594159195
31.625 0.519257604853883
31.65625 0.519257615371572
31.6875 0.519257625715191
31.71875 0.519257635887622
31.75 0.519257645891697
31.78125 0.519257655730204
31.8125 0.519257665405881
31.84375 0.519257674921424
31.875 0.519257684279484
31.90625 0.519257693482666
31.9375 0.519257702533533
31.96875 0.519257711434608
32 0.519257720188368
Total steps: 4096
