0 0
0.125 0.00133277518081188
0.25 0.00275361230750983
0.375 0.00426773863172994
0.5 0.00588060842156862
0.625 0.00759790074902426
0.75 0.00942551511805315
0.875 0.0113695646267503
1 0.013436366337979
1.125 0.0156324285162325
1.25 0.0179644343756949
1.375 0.0204392219766215
1.5 0.0230637599056895
1.625 0.0258451183824302
1.75 0.0287904354499452
1.875 0.0319068779355981
2 0.0352015969080953
2.125 0.0386816774131177
2.25 0.0423540823421107
2.375 0.0462255903794308
2.5 0.0503027280828697
2.625 0.05459169628218
2.75 0.059098291129519
2.875 0.0638278203037222
3 0.0687850150550445
3.125 0.0739739389752936
3.25 0.0793978945856859
3.375 0.0850593290454502
3.5 0.0909597404910212
3.625 0.0970995867101409
3.75 0.103478198027792
3.875 0.110093696421323
4 0.116942922979765
4.125 0.124021375866752
4.25 0.131323160928138
4.375 0.138840956996355
4.5 0.146565997778147
4.625 0.154488071967962
4.75 0.162595542906916
4.875 0.170875388711984
5 0.179313263341162
5.125 0.187893578551287
5.25 0.19659960616321
5.375 0.205413599494435
5.5 0.214316932274521
5.625 0.223290252846694
5.75 0.232313651003035
5.875 0.241366834420863
6 0.250429311382224
6.125 0.259480576279571
6.25 0.268500294346744
6.375 0.277468482107167
6.5 0.286365680197073
6.625 0.295173115491224
6.75 0.303872849818053
6.875 0.312447912982471
7 0.320882418297557
7.125 0.32916165933913
7.25 0.337272187158396
7.375 0.345201867696986
7.5 0.352939919627768
7.625 0.36047693327865
7.75 0.367804871673718
7.875 0.374917055038463
8 0.381808130359581
8.125 0.388474027763835
8.25 0.394911905587273
8.375 0.401120086050191
8.5 0.407097983441339
8.625 0.41284602665478
8.75 0.41836557782316
8.875 0.423658848660666
9 0.428728815976162
9.125 0.433579137649979
9.25 0.438214070193582
9.375 0.442638388836251
9.5 0.446857310911944
9.625 0.45087642315689
9.75 0.454701613377226
9.875 0.458339006808236
10 0.461794907363847
10.125 0.465075743867548
10.25 0.468188021263833
10.375 0.471138276732154
10.5 0.473933040562424
10.625 0.476578801601233
10.75 0.479081977039913
10.875 0.481448886288155
11 0.483685728658583
11.125 0.485798564577381
11.25 0.487793300032336
11.375 0.489675673971477
11.5 0.491451248371647
11.625 0.493125400706058
11.75 0.494703318552119
11.875 0.496189996095016
12 0.497590232297943
12.125 0.498908630526067
12.25 0.500149599427764
12.375 0.501317354893118
12.5 0.502415922925778
12.625 0.503449143279836
12.75 0.504420673728301
12.875 0.505333994843801
13 0.506192415185365
13.125 0.506999076797418
13.25 0.507756960938467
13.375 0.508468893967378
13.5 0.509137553324652
13.625 0.509765473554728
13.75 0.510355052323137
13.875 0.510908556389326
14 0.511428127502235
14.125 0.511915788191257
14.25 0.512373447430173
14.375 0.51280290615598
14.5 0.513205862628358
14.625 0.513583917618856
14.75 0.513938579421764
14.875 0.514271268681162
15 0.514583323030759
15.125 0.514876001545007
15.25 0.51515048900149
15.375 0.515407899955948
15.5 0.515649282632336
15.625 0.515875622631254
15.75 0.516087846460787
15.875 0.516286824894403
16 0.516473376160986
16.125 0.516648268972443
16.25 0.516812225394569
16.375 0.516965923567015
16.5 0.517110000278315
16.625 0.517245053401955
16.75 0.517371644199467
16.875 0.517490299496473
17 0.51760151373752
17.125 0.517705750925443
17.25 0.517803446450837
17.375 0.517895008817091
17.5 0.517980821266252
17.625 0.518061243310816
17.75 0.518136612176364
17.875 0.518207244159766
18 0.518273435907488
18.125 0.51833546561834
18.25 0.518393594174828
18.375 0.51844806620707
18.5 0.518499111093044
18.625 0.518546943898784
18.75 0.518591766261935
18.875 0.518633767221915
19 0.51867312399977
19.125 0.518710002730648
19.25 0.518744559151659
19.375 0.518776939247738
19.5 0.518807279857996
19.625 0.518835709244903
19.75 0.518862347628506
19.875 0.518887307687789
20 0.518910695031129
20.125 0.518932608637722
20.25 0.518953141271722
20.375 0.518972379870754
20.5 0.518990405910354
20.625 0.519007295745794
20.75 0.519023120932687
20.875 0.519037948527658
21 0.519051841370304
21.125 0.519064858347599
21.25 0.519077054641812
21.375 0.519088481962966
21.5 0.519099188766785
21.625 0.519109220459025
21.75 0.519118619587033
21.875 0.519127426019325
22 0.519135677113934
22.125 0.519143407876206
22.25 0.519150651106721
22.375 0.519157437539939
22.5 0.519163795974158
22.625 0.519169753393315
22.75 0.51917533508115
22.875 0.519180564728207
23 0.519185464532104
23.125 0.519190055291524
23.25 0.519194356494286
23.375 0.519198386399887
23.5 0.519202162116861
23.625 0.519205699675266
23.75 0.519209014094616
23.875 0.519212119447544
24 0.519215028919455
24.125 0.519217754864427
24.25 0.519220308857594
24.375 0.519222701744238
24.5 0.519224943685777
24.625 0.519227044202873
24.75 0.519229012215814
24.875 0.51923085608236
25 0.519232583633203
25.125 0.519234202205192
25.25 0.519235718672467
25.375 0.51923713947563
25.5 0.519238470649083
25.625 0.519239717846633
25.75 0.519240886365494
25.875 0.519241981168773
26 0.519243006906534
26.125 0.519243967935542
26.25 0.519244868337758
26.375 0.519245711937667
26.5 0.519246502318519
26.625 0.51924724283754
26.75 0.519247936640188
26.875 0.519248586673509
27 0.51924919569865
27.125 0.519249766302587
27.25 0.519250300909104
27.375 0.519250801789094
27.5 0.519251271070196
27.625 0.519251710745834
27.75 0.519252122683682
27.875 0.519252508633596
28 0.519252870235046
28.125 0.519253209024079
28.25 0.519253526439841
28.375 0.519253823830691
28.5 0.51925410245993
28.625 0.51925436351116
28.75 0.519254608093321
28.875 0.519254837245391
29 0.519255051940806
29.125 0.519255253091591
29.25 0.519255441552238
29.375 0.519255618123329
29.5 0.519255783554945
29.625 0.519255938549842
29.75 0.519256083766447
29.875 0.519256219821645
30 0.519256347293406
30.125 0.519256466723239
30.25 0.519256578618488
30.375 0.519256683454492
30.5 0.519256781676603
30.625 0.519256873702076
30.75 0.519256959921842
30.875 0.51925704070217
31 0.519257116386223
31.125 0.519257187295514
31.25 0.519257253731272
31.375 0.519257315975723
31.5 0.519257374293288
31.625 0.519257428931706
31.75 0.519257480123087
31.875 0.519257528084898
32 0.519257573020885
Total steps: 1024
