0 0
0.015625 0.000157479849436335
0.03125 0.000316198513278527
0.046875 0.000476164933844507
0.0625 0.000637388104823867
0.078125 0.000799877071349869
0.09375 0.00096364093006711
0.109375 0.00112868882919476
0.125 0.0012950299685853
0.140625 0.00146267359977858
0.15625 0.00163162902605127
0.171875 0.0018019056024614
0.1875 0.00197351273588804
0.203125 0.00214645988506598
0.21875 0.00232075656061527
0.234375 0.00249641232506558
0.25 0.00267343679287521
0.265625 0.00285183963044474
0.28125 0.00303163055612509
0.296875 0.00321281934021998
0.3125 0.00339541580498269
0.328125 0.00357942982460687
0.34375 0.00376487132521155
0.359375 0.0039517502848199
0.375 0.00414007673333195
0.390625 0.00432986075249097
0.40625 0.0045211124758434
0.421875 0.00471384208869235
0.4375 0.00490805982804432
0.453125 0.00510377598254933
0.46875 0.00530100089243401
0.484375 0.00549974494942779
0.5 0.00570001859668195
0.515625 0.00590183232868139
0.53125 0.00610519669114906
0.546875 0.00631012228094292
0.5625 0.0065166197459452
0.578125 0.00672469978494401
0.59375 0.00693437314750704
0.609375 0.00714565063384719
0.625 0.00735854309468017
0.640625 0.00757306143107377
0.65625 0.00778921659428873
0.671875 0.00800701958561111
0.6875 0.00822648145617597
0.703125 0.00844761330678225
0.71875 0.00867042628769868
0.734375 0.00889493159846071
0.75 0.00912114048765806
0.765625 0.00934906425271308
0.78125 0.00957871423964952
0.796875 0.00981010184285167
0.8125 0.0100432385048137
0.828125 0.0102781357158792
0.84375 0.0105148050139705
0.859375 0.0107532579843077
0.875 0.0109935062591176
0.890625 0.0112355615173322
0.90625 0.0114794354842759
0.921875 0.0117251399313425
0.9375 0.0119726866756613
0.953125 0.0122220875797516
0.96875 0.0124733545511663
0.984375 0.0127264995421242
1 0.0129815345491302
1.015625 0.0132384716125844
1.03125 0.0134973228163792
1.046875 0.013758100287484
1.0625 0.014020816195518
1.078125 0.0142854827523112
1.09375 0.0145521122114517
1.109375 0.0148207168678213
1.125 0.0150913090571186
1.140625 0.0153639011553678
1.15625 0.0156385055784157
1.171875 0.015915134781415
1.1875 0.0161938012582941
1.203125 0.0164745175412131
1.21875 0.0167572962000067
1.234375 0.0170421498416127
1.25 0.0173290911094866
1.265625 0.0176181326830022
1.28125 0.0179092872768374
1.296875 0.0182025676403458
1.3125 0.0184979865569137
1.328125 0.0187955568433017
1.34375 0.0190952913489726
1.359375 0.0193972029554022
1.375 0.0197013045753768
1.390625 0.0200076091522738
1.40625 0.0203161296593275
1.421875 0.0206268790988788
1.4375 0.020939870501609
1.453125 0.0212551169257576
1.46875 0.0215726314563239
1.484375 0.0218924272042521
1.5 0.0222145173056
1.515625 0.0225389149206911
1.53125 0.0228656332332495
1.546875 0.0231946854495183
1.5625 0.0235260847973606
1.578125 0.0238598445253433
1.59375 0.0241959779018038
1.609375 0.024534498213898
1.625 0.0248754187666327
1.640625 0.025218752881878
1.65625 0.0255645138973629
1.671875 0.0259127151656529
1.6875 0.0262633700531086
1.703125 0.0266164919388268
1.71875 0.0269720942135625
1.734375 0.0273301902786321
1.75 0.027690793544799
1.765625 0.0280539174311387
1.78125 0.0284195753638865
1.796875 0.0287877807752646
1.8125 0.0291585471022913
1.828125 0.02953188778557
1.84375 0.0299078162680589
1.859375 0.0302863459938214
1.875 0.0306674904067566
1.890625 0.0310512629493104
1.90625 0.0314376770611658
1.921875 0.0318267461779145
1.9375 0.0322184837297075
1.953125 0.0326129031398861
1.96875 0.0330100178235921
1.984375 0.0334098411863586
2 0.0338123866226793
2.015625 0.0342176675145581
2.03125 0.0346256972300384
2.046875 0.0350364891217106
2.0625 0.0354500565252005
2.078125 0.0358664127576357
2.09375 0.0362855711160919
2.109375 0.0367075448760185
2.125 0.0371323472896428
2.140625 0.0375599915843538
2.15625 0.0379904909610649
2.171875 0.0384238585925554
2.1875 0.0388601076217918
2.203125 0.0392992511602271
2.21875 0.0397413022860799
2.234375 0.0401862740425922
2.25 0.040634179436266
2.265625 0.0410850314350795
2.28125 0.0415388429666816
2.296875 0.0419956269165659
2.3125 0.0424553961262239
2.328125 0.0429181633912765
2.34375 0.0433839414595858
2.359375 0.0438527430293451
2.375 0.0443245807471487
2.390625 0.0447994672060406
2.40625 0.0452774149435429
2.421875 0.0457584364396636
2.4375 0.0462425441148836
2.453125 0.0467297503281235
2.46875 0.0472200673746906
2.484375 0.0477135074842044
2.5 0.0482100828185036
2.515625 0.0487098054695321
2.53125 0.0492126874572052
2.546875 0.0497187407272568
2.5625 0.0502279771490661
2.578125 0.0507404085134661
2.59375 0.0512560465305313
2.609375 0.0517749028273478
2.625 0.0522969889457637
2.640625 0.0528223163401213
2.65625 0.05335089637497
2.671875 0.0538827403227618
2.6875 0.0544178593615284
2.703125 0.0549562645725403
2.71875 0.0554979669379484
2.734375 0.0560429773384086
2.75 0.0565913065506883
2.765625 0.0571429652452574
2.78125 0.0576979639838617
2.796875 0.0582563132170807
2.8125 0.0588180232818687
2.828125 0.0593831043990811
2.84375 0.0599515666709847
2.859375 0.0605234200787531
2.875 0.061098674479948
2.890625 0.061677339605985
2.90625 0.0622594250595868
2.921875 0.0628449403122216
2.9375 0.0634338947015295
2.953125 0.0640262974287345
2.96875 0.0646221575560461
2.984375 0.0652214840040467
3 0.0658242855490696
3.015625 0.0664305708205642
3.03125 0.0670403482984512
3.046875 0.0676536263104679
3.0625 0.0682704130295032
3.078125 0.0688907164709237
3.09375 0.0695145444898907
3.109375 0.0701419047786696
3.125 0.0707728048639309
3.140625 0.0714072521040442
3.15625 0.072045253686366
3.171875 0.0726868166245207
3.1875 0.0733319477556768
3.203125 0.0739806537378176
3.21875 0.0746329410470076
3.234375 0.0752888159746558
3.25 0.0759482846247748
3.265625 0.0766113529112385
3.28125 0.077278026555037
3.296875 0.077948311081531
3.3125 0.0786222118177051
3.328125 0.0792997338894215
3.34375 0.0799808822186746
3.359375 0.0806656615208466
3.375 0.0813540763019658
3.390625 0.0820461308559678
3.40625 0.0827418292619597
3.421875 0.0834411753814895
3.4375 0.0841441728558202
3.453125 0.0848508251032095
3.46875 0.0855611353161971
3.484375 0.0862751064588983
3.5 0.0869927412643064
3.515625 0.0877140422316042
3.53125 0.0884390116234852
3.546875 0.0891676514634854
3.5625 0.0898999635333263
3.578125 0.0906359493702711
3.59375 0.091375610264493
3.609375 0.0921189472564583
3.625 0.0928659611343241
3.640625 0.0936166524313514
3.65625 0.0943710214233357
3.671875 0.0951290681260544
3.6875 0.0958907922927326
3.703125 0.0966561934115291
3.71875 0.0974252707030413
3.734375 0.0981980231178328
3.75 0.0989744493339814
3.765625 0.0997545477546517
3.78125 0.100538316505691
3.796875 0.101325753433249
3.8125 0.102116856101425
3.828125 0.102911621789943
3.84375 0.10371004749185
3.859375 0.104512129911247
3.875 0.10531786546105
3.890625 0.106127250260778
3.90625 0.106940280134375
3.921875 0.107756950608067
3.9375 0.108577256908248
3.953125 0.109401193959401
3.96875 0.110228756382061
3.984375 0.111059938490803
4 0.11189473429228
4.015625 0.112733137483293
4.03125 0.113575141448895
4.046875 0.114420739260551
4.0625 0.115269923674322
4.078125 0.116122687129102
4.09375 0.1169790217449
4.109375 0.117838919321154
4.125 0.118702371335106
4.140625 0.119569368940212
4.15625 0.120439902964603
4.171875 0.121313963909597
4.1875 0.122191541948253
4.203125 0.123072626923984
4.21875 0.123957208349216
4.234375 0.124845275404095
4.25 0.125736816935258
4.265625 0.126631821454647
4.28125 0.127530277138387
4.296875 0.128432171825707
4.3125 0.129337493017934
4.328125 0.13024622787753
4.34375 0.131158363227196
4.359375 0.132073885549032
4.375 0.132992780983756
4.390625 0.133915035329987
4.40625 0.134840634043588
4.421875 0.135769562237069
4.4375 0.136701804679061
4.453125 0.137637345793841
4.46875 0.138576169660936
4.484375 0.139518260014787
4.5 0.140463600244472
4.515625 0.14141217339351
4.53125 0.14236396215972
4.546875 0.143318948895157
4.5625 0.144277115606115
4.578125 0.145238443953193
4.59375 0.146202915251446
4.609375 0.14717051047059
4.625 0.148141210235292
4.640625 0.149114994825523
4.65625 0.150091844176992
4.671875 0.151071737881646
4.6875 0.152054655188245
4.703125 0.153040575003016
4.71875 0.154029475890379
4.734375 0.155021336073742
4.75 0.156016133436382
4.765625 0.157013845522396
4.78125 0.158014449537727
4.796875 0.15901792235127
4.8125 0.160024240496052
4.828125 0.161033380170492
4.84375 0.162045317239737
4.859375 0.163060027237074
4.875 0.164077485365421
4.890625 0.165097666498898
4.90625 0.166120545184472
4.921875 0.167146095643684
4.9375 0.168174291774451
4.953125 0.169205107152949
4.96875 0.170238515035574
4.984375 0.171274488360978
5 0.172312999752188
5.015625 0.173354021518799
5.03125 0.17439752565925
5.046875 0.175443483863171
5.0625 0.176491867513814
5.078125 0.177542647690559
5.09375 0.178595795171499
5.109375 0.179651280436095
5.125 0.180709073667923
5.140625 0.181769144757478
5.15625 0.182831463305069
5.171875 0.183895998623786
5.1875 0.184962719742536
5.203125 0.186031595409164
5.21875 0.187102594093638
5.234375 0.188175683991317
5.25 0.189250833026285
5.265625 0.190328008854762
5.28125 0.191407178868586
5.296875 0.192488310198766
5.3125 0.193571369719102
5.328125 0.194656324049887
5.34375 0.195743139561661
5.359375 0.196831782379047
5.375 0.197922218384649
5.390625 0.199014413223019
5.40625 0.200108332304687
5.421875 0.201203940810258
5.4375 0.202301203694572
5.453125 0.203400085690931
5.46875 0.204500551315381
5.484375 0.205602564871061
5.5 0.206706090452611
5.515625 0.207811091950636
5.53125 0.208917533056232
5.546875 0.210025377265565
5.5625 0.211134587884506
5.578125 0.212245128033326
5.59375 0.213356960651435
5.609375 0.214470048502179
5.625 0.215584354177688
5.640625 0.216699840103769
5.65625 0.21781646854485
5.671875 0.218934201608971
5.6875 0.22005300125282
5.703125 0.221172829286809
5.71875 0.2222936473802
5.734375 0.223415417066267
5.75 0.224538099747494
5.765625 0.225661656700824
5.78125 0.226786049082929
5.796875 0.227911237935525
5.8125 0.229037184190722
5.828125 0.230163848676394
5.84375 0.231291192121596
5.859375 0.232419175161997
5.875 0.233547758345347
5.890625 0.234676902136966
5.90625 0.235806566925263
5.921875 0.236936713027268
5.9375 0.238067300694196
5.953125 0.239198290117019
5.96875 0.240329641432066
5.984375 0.241461314726634
6 0.242593270044609
6.015625 0.243725467392109
6.03125 0.244857866743128
6.046875 0.245990428045199
6.0625 0.247123111225057
6.078125 0.248255876194309
6.09375 0.249388682855112
6.109375 0.250521491105847
6.125 0.251654260846801
6.140625 0.252786951985842
6.15625 0.253919524444096
6.171875 0.255051938161613
6.1875 0.256184153103033
6.203125 0.257316129263242
6.21875 0.258447826673019
6.234375 0.25957920540467
6.25 0.260710225577649
6.265625 0.261840847364168
6.28125 0.262971030994785
6.296875 0.264100736763983
6.3125 0.265229925035716
6.328125 0.266358556248947
6.34375 0.267486590923155
6.359375 0.26861398966382
6.375 0.269740713167884
6.390625 0.270866722229178
6.40625 0.27199197774383
6.421875 0.273116440715629
6.4375 0.274240072261368
6.453125 0.275362833616149
6.46875 0.27648468613865
6.484375 0.277605591316356
6.5 0.27872551077076
6.515625 0.279844406262508
6.53125 0.280962239696519
6.546875 0.282078973127049
6.5625 0.283194568762723
6.578125 0.284308988971509
6.59375 0.285422196285658
6.609375 0.286534153406584
6.625 0.287644823209704
6.640625 0.288754168749219
6.65625 0.289862153262854
6.671875 0.290968740176528
6.6875 0.292073893108989
6.703125 0.293177575876379
6.71875 0.294279752496749
6.734375 0.295380387194512
6.75 0.296479444404842
6.765625 0.297576888778009
6.78125 0.298672685183656
6.796875 0.299766798715009
6.8125 0.300859194693029
6.828125 0.301949838670499
6.84375 0.303038696436045
6.859375 0.30412573401809
6.875 0.305210917688743
6.890625 0.306294213967622
6.90625 0.307375589625606
6.921875 0.30845501168852
6.9375 0.309532447440747
6.953125 0.310607864428774
6.96875 0.311681230464665
6.984375 0.312752513629459
7 0.313821682276502
7.015625 0.314888705034702
7.03125 0.315953550811708
7.046875 0.317016188797023
7.0625 0.318076588465034
7.078125 0.319134719577972
7.09375 0.320190552188796
7.109375 0.321244056644001
7.125 0.322295203586349
7.140625 0.323343963957525
7.15625 0.324390309000714
7.171875 0.325434210263107
7.1875 0.326475639598322
7.203125 0.327514569168754
7.21875 0.328550971447842
7.234375 0.329584819222266
7.25 0.330616085594057
7.265625 0.331644743982641
7.28125 0.332670768126789
7.296875 0.333694132086507
7.3125 0.334714810244836
7.328125 0.335732777309579
7.34375 0.33674800831495
7.359375 0.337760478623144
7.375 0.338770163925833
7.390625 0.339777040245579
7.40625 0.340781083937178
7.421875 0.341782271688922
7.4375 0.342780580523783
7.453125 0.343775987800525
7.46875 0.344768471214739
7.484375 0.345758008799802
7.5 0.346744578927759
7.515625 0.347728160310133
7.53125 0.348708731998659
7.546875 0.349686273385947
7.5625 0.350660764206063
7.578125 0.35163218453505
7.59375 0.352600514791365
7.609375 0.353565735736248
7.625 0.354527828474025
7.640625 0.355486774452328
7.65625 0.356442555462255
7.671875 0.357395153638459
7.6875 0.358344551459163
7.703125 0.359290731746111
7.71875 0.360233677664446
7.734375 0.361173372722531
7.75 0.362109800771692
7.765625 0.363042946005903
7.78125 0.363972792961402
7.796875 0.364899326516244
7.8125 0.365822531889794
7.828125 0.366742394642152
7.84375 0.367658900673517
7.859375 0.368572036223493
7.875 0.369481787870335
7.890625 0.37038814253013
7.90625 0.371291087455924
7.921875 0.372190610236793
7.9375 0.373086698796851
7.953125 0.373979341394207
7.96875 0.374868526619867
7.984375 0.375754243396577
8 0.376636480977618
8.015625 0.377515228945548
8.03125 0.378390477210886
8.046875 0.379262216010758
8.0625 0.380130435907477
8.078125 0.380995127787091
8.09375 0.381856282857872
8.109375 0.382713892648762
8.125 0.383567949007772
8.140625 0.384418444100337
8.15625 0.385265370407632
8.171875 0.386108720724832
8.1875 0.386948488159342
8.203125 0.387784666128985
8.21875 0.388617248360142
8.234375 0.389446228885859
8.25 0.390271602043917
8.265625 0.391093362474861
8.28125 0.391911505119994
8.296875 0.392726025219335
8.3125 0.393536918309548
8.328125 0.394344180221829
8.34375 0.395147807079769
8.359375 0.395947795297177
8.375 0.396744141575885
8.390625 0.397536842903506
8.40625 0.398325896551182
8.421875 0.399111300071293
8.4375 0.39989305129514
8.453125 0.400671148330609
8.46875 0.401445589559801
8.484375 0.402216373636647
8.5 0.402983499484494
8.515625 0.403746966293671
8.53125 0.404506773519036
8.546875 0.405262920877498
8.5625 0.406015408345526
8.578125 0.406764236156633
8.59375 0.407509404798847
8.609375 0.408250915012166
8.625 0.408988767785991
8.640625 0.409722964356554
8.65625 0.41045350620432
8.671875 0.411180395051389
8.6875 0.411903632858872
8.703125 0.412623221824268
8.71875 0.413339164378822
8.734375 0.414051463184875
8.75 0.414760121133206
8.765625 0.415465141340367
8.78125 0.416166527146004
8.796875 0.416864282110182
8.8125 0.417558410010691
8.828125 0.418248914840361
8.84375 0.418935800804357
8.859375 0.419619072317483
8.875 0.420298734001476
8.890625 0.420974790682302
8.90625 0.421647247387443
8.921875 0.422316109343192
8.9375 0.422981381971943
8.953125 0.423643070889478
8.96875 0.424301181902264
8.984375 0.424955721004741
9 0.425606694376622
9.015625 0.426254108380186
9.03125 0.426897969557584
9.046875 0.427538284628146
9.0625 0.428175060485683
9.078125 0.428808304195814
9.09375 0.429438022993275
9.109375 0.430064224279259
9.125 0.430686915618738
9.140625 0.431306104737815
9.15625 0.431921799521067
9.171875 0.432534008008905
9.1875 0.43314273839494
9.203125 0.43374799902336
9.21875 0.434349798386318
9.234375 0.43494814512132
9.25 0.435543048008642
9.265625 0.436134515968741
9.28125 0.436722558059687
9.296875 0.437307183474603
9.3125 0.437888401539122
9.328125 0.438466221708848
9.34375 0.439040653566843
9.359375 0.439611706821113
9.375 0.44017939130212
9.390625 0.440743716960301
9.40625 0.441304693863603
9.421875 0.441862332195038
9.4375 0.442416642250244
9.453125 0.442967634435069
9.46875 0.443515319263167
9.484375 0.444059707353611
9.5 0.444600809428527
9.515625 0.445138636310733
9.53125 0.445673198921406
9.546875 0.446204508277764
9.5625 0.44673257549076
9.578125 0.447257411762799
9.59375 0.44777902838547
9.609375 0.448297436737299
9.625 0.448812648281515
9.640625 0.44932467456384
9.65625 0.449833527210295
9.671875 0.450339217925023
9.6875 0.450841758488134
9.703125 0.451341160753568
9.71875 0.451837436646978
9.734375 0.452330598163629
9.75 0.45282065736632
9.765625 0.453307626383324
9.78125 0.45379151740635
9.796875 0.454272342688521
9.8125 0.454750114542374
9.828125 0.455224845337882
9.84375 0.455696547500491
9.859375 0.456165233509181
9.875 0.456630915894551
9.890625 0.45709360723691
9.90625 0.457553320164408
9.921875 0.458010067351172
9.9375 0.458463861515469
9.953125 0.458914715417888
9.96875 0.459362641859544
9.984375 0.459807653680302
10 0.460249763757018
10.015625 0.460688985001806
10.03125 0.461125330360321
10.046875 0.461558812810069
10.0625 0.461989445358728
10.078125 0.462417241042497
10.09375 0.462842212924463
10.109375 0.463264374092991
10.125 0.463683737660128
10.140625 0.464100316760034
10.15625 0.464514124547432
10.171875 0.464925174196076
10.1875 0.46533347889724
10.203125 0.465739051858232
10.21875 0.466141906300917
10.234375 0.466542055460276
10.25 0.46693951258297
10.265625 0.467334290925933
10.28125 0.467726403754981
10.296875 0.468115864343445
10.3125 0.468502685970819
10.328125 0.468886881921429
10.34375 0.469268465483124
10.359375 0.469647449945986
10.375 0.470023848601055
10.390625 0.470397674739078
10.40625 0.470768941649277
10.421875 0.471137662618135
10.4375 0.4715038509282
10.453125 0.47186751985691
10.46875 0.472228682675432
10.484375 0.472587352647532
10.5 0.472943543028445
10.515625 0.473297267063782
10.53125 0.473648537988439
10.546875 0.473997369025542
10.5625 0.474343773385388
10.578125 0.474687764264429
10.59375 0.475029354844249
10.609375 0.475368558290581
10.625 0.475705387752324
10.640625 0.476039856360587
10.65625 0.476371977227751
10.671875 0.476701763446541
10.6875 0.47702922808912
10.703125 0.477354384206201
10.71875 0.477677244826175
10.734375 0.477997822954248
10.75 0.478316131571608
10.765625 0.478632183634599
10.78125 0.478945992073913
10.796875 0.479257569793796
10.8125 0.479566929671279
10.828125 0.479874084555411
10.84375 0.480179047266518
10.859375 0.480481830595476
10.875 0.480782447302993
10.890625 0.481080910118915
10.90625 0.481377231741537
10.921875 0.48167142483694
10.9375 0.481963502038336
10.953125 0.482253475945426
10.96875 0.482541359123774
10.984375 0.482827164104203
11 0.483110903382191
11.015625 0.483392589417291
11.03125 0.483672234632562
11.046875 0.483949851414014
11.0625 0.484225452110066
11.078125 0.484499049031015
11.09375 0.484770654448523
11.109375 0.485040280595116
11.125 0.485307939663688
11.140625 0.485573643807031
11.15625 0.485837405137366
11.171875 0.486099235725896
11.1875 0.486359147602358
11.203125 0.486617152754603
11.21875 0.486873263128179
11.234375 0.487127490625922
11.25 0.487379847107571
11.265625 0.487630344389379
11.28125 0.487878994243752
11.296875 0.488125808398885
11.3125 0.488370798538417
11.328125 0.488613976301094
11.34375 0.488855353280443
11.359375 0.489094941024459
11.375 0.4893327510353
11.390625 0.48956879476899
11.40625 0.489803083635139
11.421875 0.490035628996666
11.4375 0.490266442169539
11.453125 0.490495534422516
11.46875 0.490722916976903
11.484375 0.49094860100632
11.5 0.491172597636471
11.515625 0.491394917944932
11.53125 0.491615572960943
11.546875 0.491834573665205
11.5625 0.492051930989697
11.578125 0.492267655817488
11.59375 0.49248175898257
11.609375 0.492694251269691
11.625 0.492905143414199
11.640625 0.493114446101898
11.65625 0.493322169968902
11.671875 0.493528325601509
11.6875 0.493732923536073
11.703125 0.493935974258892
11.71875 0.494137488206094
11.734375 0.494337475763538
11.75 0.494535947266721
11.765625 0.49473291300069
11.78125 0.49492838319996
11.796875 0.495122368048445
11.8125 0.495314877679387
11.828125 0.4955059221753
11.84375 0.495695511567918
11.859375 0.495883655838141
11.875 0.496070364916004
11.890625 0.496255648680638
11.90625 0.496439516960242
11.921875 0.496621979532063
11.9375 0.496803046122378
11.953125 0.496982726406487
11.96875 0.497161030008704
11.984375 0.49733796650236
12 0.497513545409813
12.015625 0.497687776202454
12.03125 0.497860668300728
12.046875 0.498032231074154
12.0625 0.498202473841354
12.078125 0.498371405870088
12.09375 0.498539036377283
12.109375 0.498705374529085
12.125 0.498870429440897
12.140625 0.499034210177438
12.15625 0.499196725752792
12.171875 0.499357985130473
12.1875 0.499517997223487
12.203125 0.4996767708944
12.21875 0.499834314955416
12.234375 0.499990638168447
12.25 0.500145749245198
12.265625 0.500299656847251
12.28125 0.500452369586152
12.296875 0.500603896023507
12.3125 0.500754244671073
12.328125 0.500903423990863
12.34375 0.501051442395241
12.359375 0.501198308247037
12.375 0.50134402985965
12.390625 0.501488615497166
12.40625 0.501632073374469
12.421875 0.501774411657363
12.4375 0.501915638462693
12.453125 0.502055761858472
12.46875 0.502194789864005
12.484375 0.502332730450023
12.5 0.502469591538814
12.515625 0.502605381004363
12.53125 0.502740106672484
12.546875 0.502873776320969
12.5625 0.503006397679723
12.578125 0.503137978430917
12.59375 0.503268526209134
12.609375 0.503398048601518
12.625 0.503526553147928
12.640625 0.503654047341094
12.65625 0.503780538626771
12.671875 0.5039060344039
12.6875 0.50403054202477
12.703125 0.504154068795179
12.71875 0.504276621974597
12.734375 0.504398208776337
12.75 0.50451883636772
12.765625 0.504638511870245
12.78125 0.504757242359762
12.796875 0.504875034866642
12.8125 0.504991896375957
12.828125 0.50510783382765
12.84375 0.505222854116716
12.859375 0.50533696409338
12.875 0.505450170563279
12.890625 0.505562480287638
12.90625 0.505673899983459
12.921875 0.505784436323703
12.9375 0.505894095937471
12.953125 0.506002885410195
12.96875 0.506110811283824
12.984375 0.50621788005701
13 0.5063240981853
13.015625 0.506429472081323
13.03125 0.506534008114984
13.046875 0.506637712613653
13.0625 0.50674059186236
13.078125 0.506842652103986
13.09375 0.506943899539459
13.109375 0.507044340327946
13.125 0.507143980587052
13.140625 0.507242826393013
13.15625 0.507340883780894
13.171875 0.507438158744786
13.1875 0.507534657238003
13.203125 0.50763038517328
13.21875 0.507725348422973
13.234375 0.507819552819255
13.25 0.50791300415432
13.265625 0.508005708180577
13.28125 0.508097670610854
13.296875 0.508188897118596
13.3125 0.508279393338069
13.328125 0.508369164864556
13.34375 0.50845821725456
13.359375 0.508546556026007
13.375 0.508634186658444
13.390625 0.508721114593244
13.40625 0.508807345233802
13.421875 0.508892883945744
13.4375 0.508977736057121
13.453125 0.509061906858617
13.46875 0.509145401603745
13.484375 0.509228225509053
13.5 0.509310383754325
13.515625 0.509391881482778
13.53125 0.509472723801268
13.546875 0.509552915780492
13.5625 0.509632462455183
13.578125 0.509711368824317
13.59375 0.509789639851312
13.609375 0.509867280464226
13.625 0.509944295555962
13.640625 0.510020689984462
13.65625 0.510096468572914
13.671875 0.510171636109945
13.6875 0.510246197349825
13.703125 0.510320157012662
13.71875 0.510393519784603
13.734375 0.510466290318034
13.75 0.510538473231774
13.765625 0.510610073111274
13.78125 0.510681094508815
13.796875 0.510751541943704
13.8125 0.51082141990247
13.828125 0.510890732839062
13.84375 0.510959485175042
13.859375 0.511027681299779
13.875 0.511095325570648
13.890625 0.51116242231322
13.90625 0.511228975821455
13.921875 0.511294990357901
13.9375 0.511360470153879
13.953125 0.511425419409679
13.96875 0.511489842294749
13.984375 0.511553742947891
14 0.511617125477445
14.015625 0.511679993961481
14.03125 0.51174235244799
14.046875 0.51180420495507
14.0625 0.511865555471114
14.078125 0.511926407955001
14.09375 0.511986766336277
14.109375 0.512046634515343
14.125 0.512106016363644
14.140625 0.512164915723848
14.15625 0.512223336410036
14.171875 0.512281282207878
14.1875 0.512338756874823
14.203125 0.512395764140277
14.21875 0.512452307705785
14.234375 0.512508391245213
14.25 0.512564018404926
14.265625 0.512619192803968
14.28125 0.51267391803424
14.296875 0.51272819766068
14.3125 0.512782035221437
14.328125 0.51283543422805
14.34375 0.512888398165621
14.359375 0.512940930492994
14.375 0.512993034642923
14.390625 0.513044714022251
14.40625 0.51309597201208
14.421875 0.513146811967942
14.4375 0.513197237219973
14.453125 0.513247251073082
14.46875 0.513296856807119
14.484375 0.513346057677045
14.5 0.513394856913101
14.515625 0.513443257720973
14.53125 0.513491263281962
14.546875 0.513538876753144
14.5625 0.513586101267542
14.578125 0.513632939934285
14.59375 0.51367939583877
14.609375 0.513725472042831
14.625 0.513771171584896
14.640625 0.513816497480147
14.65625 0.513861452720683
14.671875 0.513906040275678
14.6875 0.513950263091541
14.703125 0.51399412409207
14.71875 0.514037626178613
14.734375 0.514080772230221
14.75 0.514123565103806
14.765625 0.514166007634293
14.78125 0.514208102634776
14.796875 0.514249852896667
14.8125 0.514291261189853
14.828125 0.514332330262844
14.84375 0.514373062842924
14.859375 0.5144134616363
14.875 0.514453529328254
14.890625 0.514493268583285
14.90625 0.514532682045263
14.921875 0.514571772337571
14.9375 0.51461054206325
14.953125 0.514648993805147
14.96875 0.514687130126056
14.984375 0.514724953568863
15 0.514762466656689
15.015625 0.514799671893027
15.03125 0.514836571761888
15.046875 0.514873168727938
15.0625 0.514909465236638
15.078125 0.514945463714381
15.09375 0.514981166568631
15.109375 0.515016576188059
15.125 0.515051694942679
15.140625 0.515086525183984
15.15625 0.515121069245077
15.171875 0.515155329440809
15.1875 0.515189308067908
15.203125 0.515223007405112
15.21875 0.515256429713301
15.234375 0.515289577235627
15.25 0.515322452197642
15.265625 0.515355056807429
15.28125 0.515387393255728
15.296875 0.515419463716064
15.3125 0.515451270344874
15.328125 0.515482815281632
15.34375 0.515514100648971
15.359375 0.515545128552815
15.375 0.515575901082491
15.390625 0.515606420310862
15.40625 0.515636688294444
15.421875 0.515666707073524
15.4375 0.515696478672286
15.453125 0.515726005098929
15.46875 0.515755288345782
15.484375 0.515784330389426
15.5 0.51581313319081
15.515625 0.515841698695366
15.53125 0.515870028833127
15.546875 0.515898125518842
15.5625 0.515925990652086
15.578125 0.515953626117379
15.59375 0.515981033784295
15.609375 0.516008215507577
15.625 0.516035173127244
15.640625 0.516061908468707
15.65625 0.516088423342873
15.671875 0.516114719546259
15.6875 0.516140798861098
15.703125 0.516166663055447
15.71875 0.516192313883295
15.734375 0.516217753084666
15.75 0.516242982385729
15.765625 0.516268003498899
15.78125 0.516292818122945
15.796875 0.516317427943088
15.8125 0.516341834631111
15.828125 0.516366039845453
15.84375 0.516390045231317
15.859375 0.516413852420768
15.875 0.516437463032832
15.890625 0.516460878673596
15.90625 0.516484100936308
15.921875 0.516507131401475
15.9375 0.516529971636957
15.953125 0.516552623198067
15.96875 0.516575087627666
15.984375 0.516597366456258
16 0.516619461202086
16.015625 0.516641373371223
16.03125 0.516663104457668
16.046875 0.516684655943439
16.0625 0.516706029298662
16.078125 0.516727225981666
16.09375 0.516748247439071
16.109375 0.516769095105881
16.125 0.51678977040557
16.140625 0.516810274750175
16.15625 0.516830609540379
16.171875 0.516850776165606
16.1875 0.516870776004099
16.203125 0.516890610423015
16.21875 0.516910280778504
16.234375 0.516929788415801
16.25 0.516949134669302
16.265625 0.516968320862657
16.28125 0.516987348308847
16.296875 0.517006218310269
16.3125 0.51702493215882
16.328125 0.517043491135975
16.34375 0.517061896512872
16.359375 0.517080149550387
16.375 0.517098251499221
16.390625 0.517116203599973
16.40625 0.517134007083224
16.421875 0.517151663169609
16.4375 0.517169173069902
16.453125 0.517186537985087
16.46875 0.517203759106437
16.484375 0.517220837615591
16.5 0.517237774684625
16.515625 0.517254571476134
16.53125 0.517271229143299
16.546875 0.517287748829965
16.5625 0.517304131670715
16.578125 0.517320378790938
16.59375 0.517336491306907
16.609375 0.517352470325845
16.625 0.517368316946
16.640625 0.517384032256716
16.65625 0.517399617338498
16.671875 0.517415073263088
16.6875 0.517430401093531
16.703125 0.517445601884241
16.71875 0.517460676681074
16.734375 0.517475626521393
16.75 0.517490452434133
16.765625 0.517505155439874
16.78125 0.517519736550897
16.796875 0.517534196771261
16.8125 0.517548537096858
16.828125 0.517562758515484
16.84375 0.517576862006901
16.859375 0.517590848542899
16.875 0.517604719087362
16.890625 0.51761847459633
16.90625 0.51763211601806
16.921875 0.517645644293087
16.9375 0.517659060354289
16.953125 0.517672365126943
16.96875 0.51768555952879
16.984375 0.517698644470091
17 0.517711620853688
17.015625 0.517724489575065
17.03125 0.517737251522402
17.046875 0.517749907576639
17.0625 0.517762458611527
17.078125 0.517774905493691
17.09375 0.517787249082684
17.109375 0.517799490231043
17.125 0.517811629784348
17.140625 0.517823668581272
17.15625 0.517835607453642
17.171875 0.517847447226491
17.1875 0.517859188718111
17.203125 0.51787083274011
17.21875 0.517882380097461
17.234375 0.517893831588561
17.25 0.517905188005279
17.265625 0.517916450133008
17.28125 0.51792761875072
17.296875 0.517938694631018
17.3125 0.51794967854018
17.328125 0.517960571238218
17.34375 0.517971373478924
17.359375 0.517982086009921
17.375 0.517992709572711
17.390625 0.518003244902727
17.40625 0.518013692729378
17.421875 0.518024053776102
17.4375 0.518034328760409
17.453125 0.518044518393931
17.46875 0.518054623382472
17.484375 0.518064644426048
17.5 0.518074582218942
17.515625 0.518084437449742
17.53125 0.518094210801393
17.546875 0.51810390295124
17.5625 0.518113514571071
17.578125 0.518123046327166
17.59375 0.518132498880339
17.609375 0.518141872885981
17.625 0.518151168994108
17.640625 0.518160387849398
17.65625 0.51816953009124
17.671875 0.518178596353773
17.6875 0.51818758726593
17.703125 0.518196503451479
17.71875 0.518205345529067
17.734375 0.518214114112257
17.75 0.518222809809575
17.765625 0.518231433224544
17.78125 0.518239984955732
17.796875 0.518248465596785
17.8125 0.51825687573647
17.828125 0.518265215958716
17.84375 0.51827348684265
17.859375 0.518281688962639
17.875 0.518289822888325
17.890625 0.518297889184667
17.90625 0.518305888411975
17.921875 0.518313821125953
17.9375 0.518321687877731
17.953125 0.518329489213903
17.96875 0.518337225676569
17.984375 0.518344897803364
18 0.518352506127499
18.015625 0.518360051177797
18.03125 0.518367533478724
18.046875 0.518374953550432
18.0625 0.518382311908786
18.078125 0.518389609065404
18.09375 0.51839684552769
18.109375 0.51840402179887
18.125 0.51841113837802
18.140625 0.518418195760109
18.15625 0.518425194436024
18.171875 0.518432134892609
18.1875 0.518439017612692
18.203125 0.518445843075125
18.21875 0.518452611754812
18.234375 0.518459324122739
18.25 0.518465980646011
18.265625 0.518472581787882
18.28125 0.518479128007783
18.296875 0.518485619761358
18.3125 0.518492057500492
18.328125 0.518498441673342
18.34375 0.518504772724367
18.359375 0.51851105109436
18.375 0.518517277220477
18.390625 0.518523451536266
18.40625 0.518529574471697
18.421875 0.51853564645319
18.4375 0.518541667903646
18.453125 0.518547639242475
18.46875 0.518553560885624
18.484375 0.518559433245605
18.5 0.518565256731526
18.515625 0.518571031749113
18.53125 0.518576758700743
18.546875 0.518582437985469
18.5625 0.518588069999049
18.578125 0.51859365513397
18.59375 0.518599193779476
18.609375 0.518604686321597
18.625 0.51861013314317
18.640625 0.518615534623872
18.65625 0.518620891140239
18.671875 0.518626203065697
18.6875 0.518631470770584
18.703125 0.518636694622177
18.71875 0.518641874984716
18.734375 0.51864701221943
18.75 0.518652106684563
18.765625 0.518657158735394
18.78125 0.518662168724264
18.796875 0.518667137000603
18.8125 0.518672063910947
18.828125 0.518676949798968
18.84375 0.518681795005495
18.859375 0.518686599868536
18.875 0.518691364723304
18.890625 0.518696089902239
18.90625 0.518700775735027
18.921875 0.518705422548629
18.9375 0.518710030667298
18.953125 0.518714600412607
18.96875 0.518719132103462
18.984375 0.518723626056134
19 0.518728082584273
19.015625 0.518732501998934
19.03125 0.518736884608596
19.046875 0.518741230719185
19.0625 0.518745540634092
19.078125 0.518749814654197
19.09375 0.518754053077889
19.109375 0.518758256201083
19.125 0.518762424317247
19.140625 0.518766557717416
19.15625 0.518770656690213
19.171875 0.518774721521874
19.1875 0.51877875249626
19.203125 0.518782749894882
19.21875 0.518786713996919
19.234375 0.518790645079235
19.25 0.518794543416402
19.265625 0.518798409280715
19.28125 0.518802242942213
19.296875 0.518806044668698
19.3125 0.51880981472575
19.328125 0.51881355337675
19.34375 0.518817260882894
19.359375 0.518820937503216
19.375 0.518824583494598
19.390625 0.518828199111795
19.40625 0.518831784607451
19.421875 0.518835340232113
19.4375 0.518838866234251
19.453125 0.518842362860274
19.46875 0.518845830354551
19.484375 0.518849268959419
19.5 0.51885267891521
19.515625 0.518856060460261
19.53125 0.51885941383093
19.546875 0.518862739261618
19.5625 0.51886603698478
19.578125 0.518869307230941
19.59375 0.518872550228717
19.609375 0.518875766204825
19.625 0.518878955384101
19.640625 0.518882117989516
19.65625 0.51888525424219
19.671875 0.518888364361411
19.6875 0.518891448564644
19.703125 0.518894507067551
19.71875 0.518897540084002
19.734375 0.518900547826096
19.75 0.518903530504168
19.765625 0.518906488326809
19.78125 0.518909421500878
19.796875 0.518912330231517
19.8125 0.518915214722164
19.828125 0.518918075174569
19.84375 0.518920911788809
19.859375 0.518923724763296
19.875 0.518926514294798
19.890625 0.518929280578446
19.90625 0.518932023807755
19.921875 0.518934744174629
19.9375 0.518937441869381
19.953125 0.518940117080742
19.96875 0.518942769995876
19.984375 0.518945400800393
20 0.518948009678362
20.015625 0.518950596812322
20.03125 0.518953162383295
20.046875 0.518955706570803
20.0625 0.518958229552873
20.078125 0.518960731506054
20.09375 0.51896321260543
20.109375 0.518965673024628
20.125 0.518968112935835
20.140625 0.518970532509806
20.15625 0.518972931915877
20.171875 0.518975311321977
20.1875 0.518977670894642
20.203125 0.518980010799021
20.21875 0.518982331198892
20.234375 0.518984632256672
20.25 0.518986914133429
20.265625 0.518989176988891
20.28125 0.51899142098146
20.296875 0.51899364626822
20.3125 0.51899585300495
20.328125 0.518998041346135
20.34375 0.519000211444975
20.359375 0.519002363453396
20.375 0.519004497522064
20.390625 0.519006613800389
20.40625 0.51900871243654
20.421875 0.519010793577456
20.4375 0.519012857368853
20.453125 0.519014903955235
20.46875 0.519016933479905
20.484375 0.519018946084975
20.5 0.519020941911376
20.515625 0.519022921098865
20.53125 0.51902488378604
20.546875 0.519026830110343
20.5625 0.519028760208077
20.578125 0.519030674214407
20.59375 0.519032572263378
20.609375 0.519034454487918
20.625 0.519036321019851
20.640625 0.519038171989903
20.65625 0.519040007527714
20.671875 0.519041827761844
20.6875 0.519043632819788
20.703125 0.519045422827975
20.71875 0.519047197911786
20.734375 0.519048958195558
20.75 0.519050703802594
20.765625 0.51905243485517
20.78125 0.519054151474548
20.796875 0.519055853780978
20.8125 0.51905754189371
20.828125 0.519059215931004
20.84375 0.519060876010134
20.859375 0.5190625222474
20.875 0.519064154758133
20.890625 0.519065773656706
20.90625 0.519067379056538
20.921875 0.519068971070106
20.9375 0.519070549808951
20.953125 0.519072115383685
20.96875 0.519073667904002
20.984375 0.51907520747868
21 0.519076734215593
21.015625 0.519078248221718
21.03125 0.519079749603142
21.046875 0.519081238465067
21.0625 0.519082714911823
21.078125 0.519084179046867
21.09375 0.5190856309728
21.109375 0.519087070791365
21.125 0.519088498603461
21.140625 0.519089914509145
21.15625 0.519091318607644
21.171875 0.519092710997355
21.1875 0.51909409177586
21.203125 0.519095461039927
21.21875 0.519096818885517
21.234375 0.519098165407796
21.25 0.519099500701134
21.265625 0.519100824859118
21.28125 0.519102137974554
21.296875 0.519103440139477
21.3125 0.519104731445155
21.328125 0.519106011982097
21.34375 0.519107281840056
21.359375 0.519108541108041
21.375 0.519109789874318
21.390625 0.519111028226419
21.40625 0.519112256251146
21.421875 0.519113474034581
21.4375 0.519114681662085
21.453125 0.519115879218312
21.46875 0.519117066787209
21.484375 0.519118244452026
21.5 0.519119412295317
21.515625 0.519120570398952
21.53125 0.519121718844116
21.546875 0.519122857711319
21.5625 0.519123987080402
21.578125 0.519125107030539
21.59375 0.519126217640247
21.609375 0.519127318987387
21.625 0.519128411149172
21.640625 0.519129494202173
21.65625 0.519130568222322
21.671875 0.51913163328492
21.6875 0.51913268946464
21.703125 0.519133736835533
21.71875 0.519134775471034
21.734375 0.519135805443965
21.75 0.519136826826542
21.765625 0.519137839690381
21.78125 0.519138844106499
21.796875 0.519139840145324
21.8125 0.519140827876696
21.828125 0.519141807369872
21.84375 0.519142778693535
21.859375 0.519143741915793
21.875 0.51914469710419
21.890625 0.519145644325704
21.90625 0.519146583646756
21.921875 0.519147515133215
21.9375 0.519148438850401
21.953125 0.519149354863088
21.96875 0.519150263235512
21.984375 0.519151164031373
22 0.519152057313843
22.015625 0.519152943145563
22.03125 0.519153821588656
22.046875 0.519154692704726
22.0625 0.519155556554864
22.078125 0.519156413199651
22.09375 0.519157262699165
22.109375 0.519158105112983
22.125 0.519158940500185
22.140625 0.519159768919358
22.15625 0.519160590428603
22.171875 0.519161405085535
22.1875 0.519162212947291
22.203125 0.519163014070529
22.21875 0.519163808511437
22.234375 0.519164596325735
22.25 0.519165377568677
22.265625 0.519166152295059
22.28125 0.519166920559218
22.296875 0.51916768241504
22.3125 0.51916843791596
22.328125 0.51916918711497
22.34375 0.519169930064619
22.359375 0.519170666817019
22.375 0.519171397423846
22.390625 0.519172121936348
22.40625 0.519172840405344
22.421875 0.519173552881229
22.4375 0.51917425941398
22.453125 0.519174960053157
22.46875 0.519175654847905
22.484375 0.519176343846962
22.5 0.519177027098658
22.515625 0.519177704650922
22.53125 0.519178376551282
22.546875 0.51917904284687
22.5625 0.519179703584426
22.578125 0.5191803588103
22.59375 0.519181008570456
22.609375 0.519181652910473
22.625 0.519182291875554
22.640625 0.519182925510522
22.65625 0.519183553859827
22.671875 0.51918417696755
22.6875 0.519184794877402
22.703125 0.519185407632732
22.71875 0.519186015276527
22.734375 0.519186617851416
22.75 0.519187215399671
22.765625 0.519187807963214
22.78125 0.519188395583615
22.796875 0.5191889783021
22.8125 0.519189556159551
22.828125 0.519190129196507
22.84375 0.519190697453171
22.859375 0.519191260969411
22.875 0.519191819784761
22.890625 0.519192373938428
22.90625 0.51919292346929
22.921875 0.519193468415902
22.9375 0.519194008816497
22.953125 0.519194544708989
22.96875 0.519195076130977
22.984375 0.519195603119747
23 0.519196125712272
23.015625 0.519196643945218
23.03125 0.519197157854945
23.046875 0.519197667477512
23.0625 0.519198172848673
23.078125 0.519198674003889
23.09375 0.519199170978321
23.109375 0.519199663806841
23.125 0.519200152524025
23.140625 0.519200637164166
23.15625 0.519201117761269
23.171875 0.519201594349054
23.1875 0.519202066960962
23.203125 0.519202535630154
23.21875 0.519203000389515
23.234375 0.519203461271657
23.25 0.519203918308918
23.265625 0.519204371533367
23.28125 0.519204820976806
23.296875 0.519205266670772
23.3125 0.51920570864654
23.328125 0.519206146935121
23.34375 0.51920658156727
23.359375 0.519207012573486
23.375 0.519207439984012
23.390625 0.51920786382884
23.40625 0.519208284137712
23.421875 0.519208700940121
23.4375 0.519209114265314
23.453125 0.519209524142296
23.46875 0.519209930599828
23.484375 0.519210333666432
23.5 0.519210733370394
23.515625 0.519211129739761
23.53125 0.519211522802347
23.546875 0.519211912585737
23.5625 0.519212299117281
23.578125 0.519212682424105
23.59375 0.519213062533108
23.609375 0.519213439470962
23.625 0.519213813264121
23.640625 0.519214183938815
23.65625 0.519214551521056
23.671875 0.51921491603664
23.6875 0.519215277511148
23.703125 0.519215635969946
23.71875 0.51921599143819
23.734375 0.519216343940825
23.75 0.519216693502591
23.765625 0.519217040148017
23.78125 0.51921738390143
23.796875 0.519217724786956
23.8125 0.519218062828516
23.828125 0.519218398049834
23.84375 0.519218730474436
23.859375 0.519219060125651
23.875 0.519219387026613
23.890625 0.519219711200264
23.90625 0.519220032669356
23.921875 0.519220351456449
23.9375 0.519220667583914
23.953125 0.51922098107394
23.96875 0.519221291948526
23.984375 0.519221600229491
24 0.519221905938469
24.015625 0.519222209096916
24.03125 0.519222509726109
24.046875 0.519222807847146
24.0625 0.51922310348095
24.078125 0.519223396648269
24.09375 0.519223687369679
24.109375 0.519223975665584
24.125 0.519224261556216
24.140625 0.519224545061642
24.15625 0.519224826201758
24.171875 0.519225104996296
24.1875 0.519225381464824
24.203125 0.519225655626744
24.21875 0.519225927501299
24.234375 0.51922619710757
24.25 0.51922646446448
24.265625 0.519226729590793
24.28125 0.519226992505117
24.296875 0.519227253225905
24.3125 0.519227511771457
24.328125 0.519227768159918
24.34375 0.519228022409283
24.359375 0.519228274537397
24.375 0.519228524561956
24.390625 0.519228772500509
24.40625 0.519229018370458
24.421875 0.51922926218906
24.4375 0.519229503973427
24.453125 0.519229743740531
24.46875 0.519229981507199
24.484375 0.519230217290121
24.5 0.519230451105845
24.515625 0.519230682970782
24.53125 0.519230912901207
24.546875 0.519231140913259
24.5625 0.519231367022941
24.578125 0.519231591246124
24.59375 0.519231813598545
24.609375 0.519232034095813
24.625 0.519232252753402
24.640625 0.519232469586662
24.65625 0.51923268461081
24.671875 0.519232897840941
24.6875 0.51923310929202
24.703125 0.51923331897889
24.71875 0.519233526916269
24.734375 0.519233733118751
24.75 0.519233937600811
24.765625 0.519234140376801
24.78125 0.519234341460954
24.796875 0.519234540867385
24.8125 0.519234738610091
24.828125 0.519234934702951
24.84375 0.519235129159729
24.859375 0.519235321994075
24.875 0.519235513219525
24.890625 0.5192357028495
24.90625 0.519235890897312
24.921875 0.51923607737616
24.9375 0.519236262299134
24.953125 0.519236445679213
24.96875 0.51923662752927
24.984375 0.519236807862069
25 0.51923698669027
25.015625 0.519237164026423
25.03125 0.519237339882978
25.046875 0.519237514272278
25.0625 0.519237687206564
25.078125 0.519237858697975
25.09375 0.519238028758549
25.109375 0.519238197400224
25.125 0.519238364634836
25.140625 0.519238530474125
25.15625 0.519238694929732
25.171875 0.519238858013201
25.1875 0.51923901973598
25.203125 0.51923918010942
25.21875 0.519239339144779
25.234375 0.519239496853221
25.25 0.519239653245816
25.265625 0.519239808333543
25.28125 0.519239962127286
25.296875 0.519240114637844
25.3125 0.51924026587592
25.328125 0.519240415852131
25.34375 0.519240564577006
25.359375 0.519240712060984
25.375 0.519240858314417
25.390625 0.519241003347573
25.40625 0.519241147170632
25.421875 0.51924128979369
25.4375 0.519241431226758
25.453125 0.519241571479766
25.46875 0.519241710562558
25.484375 0.519241848484898
25.5 0.519241985256467
25.515625 0.519242120886866
25.53125 0.519242255385617
25.546875 0.51924238876216
25.5625 0.519242521025859
25.578125 0.519242652185998
25.59375 0.519242782251784
25.609375 0.519242911232348
25.625 0.519243039136744
25.640625 0.51924316597395
25.65625 0.519243291752871
25.671875 0.519243416482335
25.6875 0.519243540171099
25.703125 0.519243662827845
25.71875 0.519243784461184
25.734375 0.519243905079654
25.75 0.519244024691723
25.765625 0.519244143305787
25.78125 0.519244260930173
25.796875 0.519244377573137
25.8125 0.519244493242869
25.828125 0.519244607947488
25.84375 0.519244721695046
25.859375 0.519244834493529
25.875 0.519244946350854
25.890625 0.519245057274875
25.90625 0.519245167273377
25.921875 0.519245276354084
25.9375 0.519245384524652
25.953125 0.519245491792674
25.96875 0.519245598165682
25.984375 0.519245703651142
26 0.51924580825646
26.015625 0.519245911988979
26.03125 0.519246014855981
26.046875 0.519246116864687
26.0625 0.519246218022259
26.078125 0.519246318335798
26.09375 0.519246417812345
26.109375 0.519246516458885
26.125 0.519246614282342
26.140625 0.519246711289584
26.15625 0.519246807487421
26.171875 0.519246902882605
26.1875 0.519246997481834
26.203125 0.519247091291749
26.21875 0.519247184318935
26.234375 0.519247276569923
26.25 0.519247368051189
26.265625 0.519247458769155
26.28125 0.51924754873019
26.296875 0.519247637940609
26.3125 0.519247726406675
26.328125 0.519247814134599
26.34375 0.519247901130539
26.359375 0.519247987400602
26.375 0.519248072950845
26.390625 0.519248157787273
26.40625 0.519248241915843
26.421875 0.51924832534246
26.4375 0.519248408072981
26.453125 0.519248490113214
26.46875 0.519248571468918
26.484375 0.519248652145805
26.5 0.519248732149539
26.515625 0.519248811485735
26.53125 0.519248890159964
26.546875 0.519248968177749
26.5625 0.519249045544566
26.578125 0.519249122265848
26.59375 0.519249198346979
26.609375 0.519249273793302
26.625 0.519249348610113
26.640625 0.519249422802665
26.65625 0.519249496376165
26.671875 0.519249569335779
26.6875 0.519249641686629
26.703125 0.519249713433794
26.71875 0.519249784582312
26.734375 0.519249855137176
26.75 0.519249925103341
26.765625 0.519249994485718
26.78125 0.519250063289177
26.796875 0.51925013151855
26.8125 0.519250199178626
26.828125 0.519250266274156
26.84375 0.519250332809849
26.859375 0.519250398790376
26.875 0.51925046422037
26.890625 0.519250529104425
26.90625 0.519250593447094
26.921875 0.519250657252896
26.9375 0.51925072052631
26.953125 0.519250783271778
26.96875 0.519250845493705
26.984375 0.519250907196459
27 0.519250968384372
27.015625 0.51925102906174
27.03125 0.519251089232822
27.046875 0.519251148901843
27.0625 0.519251208072991
27.078125 0.519251266750422
27.09375 0.519251324938253
27.109375 0.519251382640572
27.125 0.519251439861427
27.140625 0.519251496604837
27.15625 0.519251552874785
27.171875 0.519251608675222
27.1875 0.519251664010065
27.203125 0.519251718883198
27.21875 0.519251773298475
27.234375 0.519251827259715
27.25 0.519251880770707
27.265625 0.519251933835208
27.28125 0.519251986456943
27.296875 0.519252038639606
27.3125 0.51925209038686
27.328125 0.519252141702339
27.34375 0.519252192589646
27.359375 0.519252243052353
27.375 0.519252293094002
27.390625 0.519252342718107
27.40625 0.519252391928151
27.421875 0.519252440727591
27.4375 0.51925248911985
27.453125 0.519252537108328
27.46875 0.519252584696393
27.484375 0.519252631887386
27.5 0.519252678684619
27.515625 0.519252725091379
27.53125 0.519252771110924
27.546875 0.519252816746484
27.5625 0.519252862001263
27.578125 0.519252906878439
27.59375 0.519252951381161
27.609375 0.519252995512555
27.625 0.519253039275719
27.640625 0.519253082673725
27.65625 0.519253125709619
27.671875 0.519253168386424
27.6875 0.519253210707136
27.703125 0.519253252674725
27.71875 0.519253294292138
27.734375 0.519253335562296
27.75 0.519253376488098
27.765625 0.519253417072417
27.78125 0.519253457318101
27.796875 0.519253497227977
27.8125 0.519253536804846
27.828125 0.519253576051486
27.84375 0.519253614970654
27.859375 0.519253653565081
27.875 0.519253691837477
27.890625 0.51925372979053
27.90625 0.519253767426903
27.921875 0.519253804749239
27.9375 0.519253841760158
27.953125 0.519253878462258
27.96875 0.519253914858117
27.984375 0.51925395095029
28 0.51925398674131
28.015625 0.51925402223369
28.03125 0.519254057429923
28.046875 0.519254092332478
28.0625 0.519254126943807
28.078125 0.51925416126634
28.09375 0.519254195302485
28.109375 0.519254229054634
28.125 0.519254262525154
28.140625 0.519254295716397
28.15625 0.519254328630693
28.171875 0.519254361270351
28.1875 0.519254393637665
28.203125 0.519254425734905
28.21875 0.519254457564327
28.234375 0.519254489128163
28.25 0.519254520428631
28.265625 0.519254551467928
28.28125 0.519254582248233
28.296875 0.519254612771707
28.3125 0.519254643040493
28.328125 0.519254673056716
28.34375 0.519254702822483
28.359375 0.519254732339885
28.375 0.519254761610993
28.390625 0.519254790637863
28.40625 0.519254819422533
28.421875 0.519254847967023
28.4375 0.519254876273337
28.453125 0.519254904343463
28.46875 0.519254932179372
28.484375 0.519254959783017
28.5 0.519254987156337
28.515625 0.519255014301254
28.53125 0.519255041219673
28.546875 0.519255067913485
28.5625 0.519255094384562
28.578125 0.519255120634765
28.59375 0.519255146665935
28.609375 0.519255172479901
28.625 0.519255198078475
28.640625 0.519255223463453
28.65625 0.519255248636619
28.671875 0.519255273599739
28.6875 0.519255298354566
28.703125 0.519255322902839
28.71875 0.51925534724628
28.734375 0.519255371386598
28.75 0.519255395325489
28.765625 0.519255419064634
28.78125 0.519255442605698
28.796875 0.519255465950335
28.8125 0.519255489100184
28.828125 0.519255512056869
28.84375 0.519255534822003
28.859375 0.519255557397185
28.875 0.519255579783998
28.890625 0.519255601984015
28.90625 0.519255623998794
28.921875 0.519255645829881
28.9375 0.519255667478809
28.953125 0.519255688947097
28.96875 0.519255710236253
28.984375 0.519255731347772
29 0.519255752283135
29.015625 0.519255773043813
29.03125 0.519255793631262
29.046875 0.51925581404693
29.0625 0.519255834292248
29.078125 0.519255854368638
29.09375 0.519255874277511
29.109375 0.519255894020262
29.125 0.51925591359828
29.140625 0.519255933012937
29.15625 0.519255952265598
29.171875 0.519255971357613
29.1875 0.519255990290324
29.203125 0.51925600906506
29.21875 0.519256027683138
29.234375 0.519256046145867
29.25 0.519256064454541
29.265625 0.519256082610447
29.28125 0.519256100614859
29.296875 0.519256118469041
29.3125 0.519256136174247
29.328125 0.51925615373172
29.34375 0.519256171142693
29.359375 0.519256188408387
29.375 0.519256205530016
29.390625 0.519256222508781
29.40625 0.519256239345874
29.421875 0.519256256042478
29.4375 0.519256272599764
29.453125 0.519256289018895
29.46875 0.519256305301025
29.484375 0.519256321447295
29.5 0.519256337458839
29.515625 0.519256353336783
29.53125 0.51925636908224
29.546875 0.519256384696316
29.5625 0.519256400180108
29.578125 0.519256415534701
29.59375 0.519256430761175
29.609375 0.519256445860599
29.625 0.519256460834032
29.640625 0.519256475682525
29.65625 0.519256490407122
29.671875 0.519256505008856
29.6875 0.519256519488753
29.703125 0.519256533847828
29.71875 0.51925654808709
29.734375 0.519256562207539
29.75 0.519256576210165
29.765625 0.519256590095953
29.78125 0.519256603865878
29.796875 0.519256617520905
29.8125 0.519256631061993
29.828125 0.519256644490094
29.84375 0.51925665780615
29.859375 0.519256671011096
29.875 0.519256684105858
29.890625 0.519256697091358
29.90625 0.519256709968505
29.921875 0.519256722738205
29.9375 0.519256735401353
29.953125 0.519256747958839
29.96875 0.519256760411545
29.984375 0.519256772760344
30 0.519256785006104
30.015625 0.519256797149685
30.03125 0.519256809191938
30.046875 0.519256821133711
30.0625 0.51925683297584
30.078125 0.519256844719158
30.09375 0.519256856364488
30.109375 0.51925686791265
30.125 0.519256879364452
30.140625 0.5192568907207
30.15625 0.51925690198219
30.171875 0.519256913149714
30.1875 0.519256924224055
30.203125 0.519256935205991
30.21875 0.519256946096293
30.234375 0.519256956895725
30.25 0.519256967605046
30.265625 0.519256978225008
30.28125 0.519256988756356
30.296875 0.519256999199829
30.3125 0.519257009556162
30.328125 0.51925701982608
30.34375 0.519257030010305
30.359375 0.519257040109553
30.375 0.519257050124531
30.390625 0.519257060055944
30.40625 0.519257069904488
30.421875 0.519257079670855
30.4375 0.519257089355731
30.453125 0.519257098959795
30.46875 0.519257108483723
30.484375 0.519257117928182
30.5 0.519257127293835
30.515625 0.519257136581341
30.53125 0.519257145791351
30.546875 0.519257154924512
30.5625 0.519257163981465
30.578125 0.519257172962847
30.59375 0.519257181869287
30.609375 0.519257190701411
30.625 0.519257199459838
30.640625 0.519257208145185
30.65625 0.519257216758061
30.671875 0.51925722529907
30.6875 0.519257233768812
30.703125 0.519257242167882
30.71875 0.519257250496869
30.734375 0.519257258756359
30.75 0.51925726694693
30.765625 0.519257275069159
30.78125 0.519257283123615
30.796875 0.519257291110864
30.8125 0.519257299031467
30.828125 0.51925730688598
30.84375 0.519257314674954
30.859375 0.519257322398936
30.875 0.519257330058468
30.890625 0.519257337654089
30.90625 0.519257345186331
30.921875 0.519257352655724
30.9375 0.519257360062791
30.953125 0.519257367408053
30.96875 0.519257374692025
30.984375 0.51925738191522
31 0.519257389078143
31.015625 0.519257396181298
31.03125 0.519257403225184
31.046875 0.519257410210295
31.0625 0.519257417137122
31.078125 0.519257424006151
31.09375 0.519257430817864
31.109375 0.519257437572739
31.125 0.519257444271251
31.140625 0.51925745091387
31.15625 0.519257457501063
31.171875 0.519257464033291
31.1875 0.519257470511014
31.203125 0.519257476934686
31.21875 0.519257483304758
31.234375 0.519257489621678
31.25 0.519257495885889
31.265625 0.519257502097831
31.28125 0.51925750825794
31.296875 0.519257514366648
31.3125 0.519257520424385
31.328125 0.519257526431575
31.34375 0.519257532388641
31.359375 0.519257538296
31.375 0.519257544154068
31.390625 0.519257549963256
31.40625 0.519257555723971
31.421875 0.519257561436618
31.4375 0.519257567101598
31.453125 0.51925757271931
31.46875 0.519257578290146
31.484375 0.519257583814499
31.5 0.519257589292757
31.515625 0.519257594725303
31.53125 0.519257600112519
31.546875 0.519257605454784
31.5625 0.519257610752473
31.578125 0.519257616005957
31.59375 0.519257621215606
31.609375 0.519257626381784
31.625 0.519257631504856
31.640625 0.519257636585181
31.65625 0.519257641623114
31.671875 0.519257646619011
31.6875 0.519257651573221
31.703125 0.519257656486093
31.71875 0.519257661357972
31.734375 0.519257666189199
31.75 0.519257670980113
31.765625 0.519257675731052
31.78125 0.519257680442349
31.796875 0.519257685114334
31.8125 0.519257689747336
31.828125 0.519257694341679
31.84375 0.519257698897687
31.859375 0.519257703415679
31.875 0.519257707895973
31.890625 0.519257712338882
31.90625 0.519257716744719
31.921875 0.519257721113794
31.9375 0.519257725446412
31.953125 0.519257729742879
31.96875 0.519257734003496
31.984375 0.519257738228562
32 0.519257742418373
Total steps: 8192
