0 0
0.0625 0.000634905431158836
0.125 0.00128991371188465
0.1875 0.00196560599171301
0.25 0.00266257652626512
0.3125 0.00338143271872107
0.375 0.00412279514063075
0.4375 0.00488729753039264
0.5 0.00567558676765602
0.5625 0.00648832282182734
0.625 0.00732617867278707
0.6875 0.00818984020185001
0.75 0.00908000605092982
0.8125 0.00999738744779841
0.875 0.0109427079952633
0.9375 0.011916703422022
1 0.0129201212928909
1.0625 0.0139537206760537
1.125 0.0150182717649194
1.1875 0.0161145554521424
1.25 0.017243362853318
1.3125 0.0184054947778394
1.375 0.0196017611443886
1.4375 0.0208329803385226
1.5 0.0220999785098275
1.5625 0.0234035888061285
1.625 0.0247446505422821
1.6875 0.0261240083011252
1.75 0.0275425109642271
1.8125 0.0290010106701774
1.875 0.0305003616982537
1.9375 0.0320414192754416
2 0.0336250383049412
2.0625 0.0352520720144688
2.125 0.0369233705228757
2.1875 0.0386397793238405
2.25 0.0404021376856582
2.3125 0.0422112769664463
2.375 0.0440680188444166
2.4375 0.0459731734632261
2.5 0.047927537492812
2.5625 0.0499318921065493
2.625 0.0519870008760323
2.6875 0.0540936075852781
2.75 0.0562524339666862
2.8125 0.0584641773616512
2.875 0.0607295083093232
2.9375 0.0630490680676407
3 0.0654234660714147
3.0625 0.0678532773329264
3.125 0.0703390397912056
3.1875 0.07288125161688
3.25 0.0754803684802257
3.3125 0.0781368007907959
3.375 0.0808509109177599
3.4375 0.0836230104008359
3.5 0.0864533571624435
3.5625 0.0893421527324312
3.625 0.0922895394974419
3.6875 0.0952955979876486
3.75 0.0983603442142344
3.8125 0.101483727071571
3.875 0.104665625818581
3.9375 0.107905847654235
4 0.111204125402505
4.0625 0.114560115322411
4.125 0.117973395058992
4.1875 0.121443461751118
4.25 0.124969730312081
4.3125 0.128551531898713
4.375 0.132188112584569
4.4375 0.135878632252283
4.5 0.139622163719667
4.5625 0.143417692113464
4.625 0.147264114503817
4.6875 0.15116023981157
4.75 0.155104788999368
4.8125 0.159096395556301
4.875 0.163133606284413
4.9375 0.167214882393887
5 0.171338600912068
5.0625 0.175503056409709
5.125 0.179706463045993
5.1875 0.183946956931912
5.25 0.188222598809595
5.3125 0.192531377043093
5.375 0.196871210914039
5.4375 0.201239954213513
5.5 0.205635399119289
5.5625 0.210055280345644
5.625 0.214497279550824
5.6875 0.21895902998538
5.75 0.223438121362686
5.8125 0.227932104931288
5.875 0.23243849872708
5.9375 0.236954792981926
6 0.241478455664061
6.0625 0.246006938124544
6.125 0.250537680823175
6.1875 0.255068119106631
6.25 0.259595689011163
6.3125 0.264117833061963
6.375 0.268632006041377
6.4375 0.273135680698359
6.5 0.277626353372073
6.5625 0.282101549503233
6.625 0.286558829007694
6.6875 0.290995791487913
6.75 0.295410081259219
6.8125 0.299799392169254
6.875 0.304161472190642
6.9375 0.308494127768614
7 0.312795227907264
7.0625 0.317062707980017
7.125 0.321294573251951
7.1875 0.325488902103669
7.25 0.329643848948557
7.3125 0.333757646837321
7.375 0.337828609745839
7.4375 0.341855134544378
7.5 0.345835702648246
7.5625 0.349768881351862
7.625 0.353653324850084
7.6875 0.35748777495233
7.75 0.361271061496698
7.8125 0.365002102472748
7.875 0.368679903862982
7.9375 0.372303559214295
8 0.375872248951737
8.0625 0.379385239447867
8.125 0.382841881861769
8.1875 0.386241610762461
8.25 0.389583942551896
8.3125 0.392868473703166
8.375 0.396094878829711
8.4375 0.399262908601472
8.5 0.402372387523897
8.5625 0.405423211595593
8.625 0.408415345860187
8.6875 0.411348821867646
8.75 0.414223735059893
8.8125 0.417040242095091
8.875 0.419798558124407
8.9375 0.422498954034488
9 0.425141753668222
9.0625 0.427727331035681
9.125 0.430256107526428
9.1875 0.43272854913364
9.25 0.435145163699758
9.3125 0.437506498192599
9.375 0.439813136020151
9.4375 0.442065694391486
9.5 0.444264821730522
9.5625 0.446411195148619
9.625 0.448505517981317
9.6875 0.450548517393837
9.75 0.452540942059302
9.8125 0.454483559913058
9.875 0.456377155985822
9.9375 0.458222530317883
10 0.460020495956033
10.0625 0.461771877034401
10.125 0.463477506939935
10.1875 0.46513822656285
10.25 0.466754882631936
10.3125 0.468328326134331
10.375 0.469859410818975
10.4375 0.471348991782726
10.5 0.472797924137819
10.5625 0.474207061759151
10.625 0.475577256109639
10.6875 0.476909355141773
10.75 0.478204202273271
10.8125 0.47946263543468
10.875 0.480685486186618
10.9375 0.481873578904283
11 0.483027730026809
11.0625 0.484148747368958
11.125 0.48523742949266
11.1875 0.48629456513584
11.25 0.487320932696028
11.3125 0.488317299766191
11.375 0.489284422720314
11.4375 0.490223046346222
11.5 0.491133903523227
11.5625 0.492017714942184
11.625 0.49287518886563
11.6875 0.493707020925701
11.75 0.494513893957617
11.8125 0.495296477866562
11.875 0.49605542952587
11.9375 0.496791392704495
12 0.497504998021823
12.0625 0.498196862927926
12.125 0.498867591707491
12.1875 0.499517775505667
12.25 0.500147992374193
12.3125 0.500758807336229
12.375 0.501350772468379
12.4375 0.501924426998479
12.5 0.502480297417792
12.5625 0.503018897606313
12.625 0.503540728969966
12.6875 0.504046280588533
12.75 0.504536029373227
12.8125 0.505010440232884
12.875 0.505469966247787
12.9375 0.505915048850236
13 0.506346118010994
13.0625 0.506763592430804
13.125 0.507167879736249
13.1875 0.507559376679236
13.25 0.507938469339454
13.3125 0.508305533329214
13.375 0.508660934000093
13.4375 0.509005026650859
13.5 0.509338156736208
13.5625 0.509660660075849
13.625 0.509972863063533
13.6875 0.510275082875654
13.75 0.510567627679064
13.8125 0.510850796837785
13.875 0.511124881118344
13.9375 0.511390162893442
14 0.511646916343748
14.0625 0.511895407657574
14.125 0.512135895228262
14.1875 0.512368629849091
14.25 0.512593854905563
14.3125 0.512811806564927
14.375 0.513022713962818
14.4375 0.513226799386912
14.5 0.513424278457512
14.5625 0.513615360304972
14.625 0.513800247743917
14.6875 0.51397913744419
14.75 0.514152220098496
14.8125 0.514319680586702
14.875 0.514481698136779
14.9375 0.514638446482366
15 0.514790094016955
15.0625 0.514936803944691
15.125 0.515078734427804
15.1875 0.515216038730673
15.25 0.515348865360554
15.3125 0.515477358204985
15.375 0.515601656665903
15.4375 0.515721895790497
15.5 0.515838206398843
15.5625 0.515950715208347
15.625 0.516059544955049
15.6875 0.516164814511819
15.75 0.516266639003506
15.8125 0.516365129919071
15.875 0.516460395220776
15.9375 0.516552539450448
16 0.516641663832902
16.0625 0.516727866376561
16.125 0.51681124197132
16.1875 0.516891882483726
16.25 0.516969876849511
16.3125 0.517045311163553
16.375 0.517118268767293
16.4375 0.517188830333697
16.5 0.517257073949785
16.5625 0.51732307519681
16.625 0.517386907228118
16.6875 0.517448640844768
16.75 0.517508344568941
16.8125 0.517566084715211
16.875 0.517621925459719
16.9375 0.517675928907315
17 0.517728155156696
17.0625 0.517778662363625
17.125 0.51782750680225
17.1875 0.517874742924586
17.25 0.517920423418217
17.3125 0.517964599262244
17.375 0.518007319781547
17.4375 0.518048632699398
17.5 0.518088584188461
17.5625 0.518127218920248
17.625 0.518164580113048
17.6875 0.518200709578384
17.75 0.518235647766042
17.8125 0.518269433807707
17.875 0.518302105559243
17.9375 0.518333699641672
18 0.518364251480859
18.0625 0.518393795345983
18.125 0.518422364386781
18.1875 0.518449990669648
18.25 0.518476705212588
18.3125 0.518502538019073
18.375 0.51852751811084
18.4375 0.518551673559644
18.5 0.518575031518014
18.5625 0.518597618249036
18.625 0.518619459155185
18.6875 0.518640578806255
18.75 0.518661000966383
18.8125 0.51868074862023
18.875 0.518699843998317
18.9375 0.518718308601555
19 0.518736163224992
19.0625 0.518753427980799
19.125 0.51877012232052
19.1875 0.518786265056607
19.25 0.518801874383268
19.3125 0.51881696789664
19.375 0.518831562614316
19.4375 0.51884567499424
19.5 0.518859320952997
19.5625 0.518872515883513
19.625 0.518885274672175
19.6875 0.518897611715414
19.75 0.518909540935731
19.8125 0.518921075797224
19.875 0.518932229320599
19.9375 0.5189430140977
20 0.518953442305564
20.0625 0.518963525720025
20.125 0.518973275728871
20.1875 0.518982703344576
20.25 0.51899181921662
20.3125 0.519000633643398
20.375 0.519009156583759
20.4375 0.519017397668149
20.5 0.519025366209406
20.5625 0.519033071213198
20.625 0.519040521388114
20.6875 0.519047725155438
20.75 0.519054690658594
20.8125 0.519061425772285
20.875 0.519067938111337
20.9375 0.519074235039244
21 0.519080323676448
21.0625 0.519086210908335
21.125 0.519091903392974
21.1875 0.519097407568606
21.25 0.519102729660881
21.3125 0.519107875689862
21.375 0.519112851476802
21.4375 0.519117662650689
21.5 0.519122314654586
21.5625 0.519126812751759
21.625 0.519131162031606
21.6875 0.519135367415386
21.75 0.519139433661765
21.8125 0.51914336537218
21.875 0.519147166996022
21.9375 0.519150842835654
22 0.519154397051259
22.0625 0.519157833665533
22.125 0.519161156568223
22.1875 0.519164369520511
22.25 0.519167476159259
22.3125 0.519170480001115
22.375 0.519173384446477
22.4375 0.519176192783333
22.5 0.519178908190974
22.5625 0.519181533743579
22.625 0.519184072413691
22.6875 0.51918652707557
22.75 0.51918890050844
22.8125 0.519191195399627
22.875 0.519193414347597
22.9375 0.519195559864891
23 0.51919763438096
23.0625 0.519199640244915
23.125 0.519201579728179
23.1875 0.519203455027053
23.25 0.519205268265202
23.3125 0.519207021496053
23.375 0.519208716705114
23.4375 0.519210355812223
23.5 0.519211940673716
23.5625 0.519213473084528
23.625 0.519214954780219
23.6875 0.51921638743894
23.75 0.51921777268333
23.8125 0.51921911208235
23.875 0.519220407153058
23.9375 0.519221659362328
24 0.519222870128505
24.0625 0.51922404082301
24.125 0.519225172771896
24.1875 0.519226267257343
24.25 0.51922732551911
24.3125 0.519228348755941
24.375 0.519229338126919
24.4375 0.519230294752774
24.5 0.51923121971716
24.5625 0.519232114067872
24.625 0.51923297881804
24.6875 0.519233814947269
24.75 0.519234623402752
24.8125 0.519235405100341
24.875 0.519236160925581
24.9375 0.519236891734718
25 0.519237598355664
25.0625 0.519238281588934
25.125 0.519238942208555
25.1875 0.519239580962941
25.25 0.51924019857574
25.3125 0.519240795746652
25.375 0.519241373152225
25.4375 0.519241931446617
25.5 0.51924247126234
25.5625 0.519242993210974
25.625 0.519243497883859
25.6875 0.519243985852766
25.75 0.519244457670546
25.8125 0.519244913871753
25.875 0.519245354973251
25.9375 0.519245781474797
26 0.519246193859612
26.0625 0.519246592594923
26.125 0.519246978132496
26.1875 0.519247350909144
26.25 0.519247711347224
26.3125 0.519248059855117
26.375 0.519248396827687
26.4375 0.519248722646729
26.5 0.519249037681404
26.5625 0.519249342288653
26.625 0.519249636813608
26.6875 0.519249921589973
26.75 0.519250196940412
26.8125 0.519250463176907
26.875 0.519250720601117
26.9375 0.519250969504715
27 0.519251210169723
27.0625 0.519251442868825
27.125 0.519251667865684
27.1875 0.519251885415235
27.25 0.519252095763974
27.3125 0.519252299150242
27.375 0.519252495804487
27.4375 0.519252685949534
27.5 0.519252869800831
27.5625 0.519253047566694
27.625 0.519253219448547
27.6875 0.519253385641145
27.75 0.519253546332799
27.8125 0.519253701705584
27.875 0.519253851935553
27.9375 0.519253997192929
28 0.519254137642301
28.0625 0.519254273442812
28.125 0.519254404748336
28.1875 0.519254531707655
28.25 0.519254654464625
28.3125 0.519254773158344
28.375 0.519254887923302
28.4375 0.51925499888954
28.5 0.519255106182793
28.5625 0.519255209924638
28.625 0.519255310232623
28.6875 0.519255407220409
28.75 0.519255500997893
28.8125 0.519255591671335
28.875 0.519255679343479
28.9375 0.519255764113666
29 0.519255846077951
29.0625 0.519255925329209
29.125 0.51925600195724
29.1875 0.519256076048873
29.25 0.519256147688062
29.3125 0.519256216955984
29.375 0.519256283931125
29.4375 0.519256348689379
29.5 0.519256411304122
29.5625 0.519256471846307
29.625 0.519256530384533
29.6875 0.519256586985132
29.75 0.51925664171224
29.8125 0.519256694627869
29.875 0.519256745791979
29.9375 0.519256795262546
30 0.519256843095625
30.0625 0.519256889345418
30.125 0.519256934064332
30.1875 0.519256977303039
30.25 0.519257019110533
30.3125 0.519257059534189
30.375 0.519257098619811
30.4375 0.519257136411688
30.5 0.519257172952644
30.5625 0.519257208284085
30.625 0.519257242446044
30.6875 0.519257275477233
30.75 0.519257307415081
30.8125 0.519257338295776
30.875 0.519257368154311
30.9375 0.519257397024519
31 0.519257424939115
31.0625 0.519257451929729
31.125 0.519257478026946
31.1875 0.519257503260336
31.25 0.519257527658493
31.3125 0.519257551249063
31.375 0.519257574058778
31.4375 0.519257596113484
31.5 0.519257617438172
31.5625 0.519257638057006
31.625 0.519257657993349
31.6875 0.519257677269793
31.75 0.51925769590818
31.8125 0.51925771392963
31.875 0.519257731354564
31.9375 0.519257748202727
32 0.51925776449321
Total steps: 2048
