0 0
0.03125 0.00031495891801652
0.0625 0.000634871469790201
0.09375 0.000959809067300701
0.125 0.00128984393801231
0.15625 0.00162504912691924
0.1875 0.00196549849830546
0.21875 0.00231126673720699
0.25 0.00266242935056436
0.28125 0.00301906266805268
0.3125 0.00338124384257635
0.34375 0.00374905085041527
0.375 0.00412256249100908
0.40625 0.00450185838636558
0.4375 0.00488701898007944
0.46875 0.00527812553594654
0.5 0.00567526013615971
0.53125 0.00607850567907049
0.5625 0.00648794587650206
0.59375 0.00690366525059753
0.625 0.00732574913018808
0.65625 0.00775428364666462
0.6875 0.00818935572933676
0.71875 0.0086310531002625
0.75 0.00907946426853166
0.78125 0.00953467852398599
0.8125 0.00999678593035853
0.84375 0.0104658773178145
0.875 0.0109420442748763
0.90625 0.0114253791397133
0.9375 0.0119159749907803
0.96875 0.0124139256367834
1 0.0129193256059568
1.03125 0.0134322701346304
1.0625 0.0139528551550699
1.09375 0.0144811772825691
1.125 0.0150173338017764
1.15625 0.0155614226522344
1.1875 0.016113542413115
1.21875 0.0166737922871281
1.25 0.0172422720835861
1.28125 0.0178190822006024
1.3125 0.0184043236064069
1.34375 0.0189980978197547
1.375 0.0196005068894127
1.40625 0.0202116533726999
1.4375 0.0208316403130658
1.46875 0.0214605712166838
1.5 0.0220985500280426
1.53125 0.022745681104515
1.5625 0.0234020691898857
1.59375 0.0240678193868188
1.625 0.0247430371282464
1.65625 0.0254278281476605
1.6875 0.0261222984482896
1.71875 0.026826554271143
1.75 0.0275407020619053
1.78125 0.0282648484366647
1.8125 0.0289991001464582
1.84375 0.0297435640406199
1.875 0.0304983470289147
1.90625 0.0312635560424458
1.9375 0.0320392979933205
1.96875 0.0328256797330619
2 0.0336228080097554
2.03125 0.0344307894239171
2.0625 0.0352497303830752
2.09375 0.0360797370550544
2.125 0.0369209153199555
2.15625 0.0377733707208225
2.1875 0.0386372084129918
2.21875 0.0395125331121183
2.25 0.0403994490408747
2.28125 0.0412980598743229
2.3125 0.0422084686839552
2.34375 0.0431307778804076
2.375 0.0440650891548459
2.40625 0.0450115034190307
2.4375 0.045970120744064
2.46875 0.0469410402978274
2.5 0.0479243602811191
2.53125 0.0489201778625023
2.5625 0.0499285891118764
2.59375 0.0509496889327871
2.625 0.0519835709934923
2.65625 0.0530303276568022
2.6875 0.0540900499087161
2.71875 0.0551628272858789
2.75 0.0562487478018836
2.78125 0.057347897872448
2.8125 0.0584603622394965
2.84375 0.059586223894181
2.875 0.0607255639988755
2.90625 0.0618784618081847
2.9375 0.0630449945890063
2.96875 0.0642252375396919
3 0.0654192637083528
3.03125 0.0666271439103604
3.0625 0.0678489466450936
3.09375 0.0690847380119879
3.125 0.0703345816259452
3.15625 0.0715985385321643
3.1875 0.0728766671204571
3.21875 0.0741690230391163
3.25 0.0754756591084055
3.28125 0.0767966252337435
3.3125 0.0781319683186594
3.34375 0.0794817321775967
3.375 0.0808459574486483
3.40625 0.082224681506306
3.4375 0.0836179383743133
3.46875 0.0850257586387108
3.5 0.0864481693611664
3.53125 0.0878851939926879
3.5625 0.0893368522878139
3.59375 0.0908031602193866
3.625 0.0922841298940063
3.65625 0.0937797694682776
3.6875 0.0952900830659514
3.71875 0.0968150706960755
3.75 0.0983547281722654
3.78125 0.0999090470332091
3.8125 0.101478014464523
3.84375 0.103061613222075
3.875 0.104659821556898
3.90625 0.106272613141806
3.9375 0.107899956999846
3.96875 0.109541817434703
4 0.111198153963175
4.03125 0.112868921249853
4.0625 0.114554069044129
4.09375 0.116253542119651
4.125 0.11796728021635
4.15625 0.119695217985172
4.1875 0.121437284935631
4.21875 0.123193405386308
4.25 0.124963498418417
4.28125 0.126747477832567
4.3125 0.128545252108825
4.34375 0.130356724370211
4.375 0.132181792349731
4.40625 0.134020348361068
4.4375 0.135872279273038
4.46875 0.137737466487916
4.5 0.139615785923745
4.53125 0.141507108000712
4.5625 0.143411297631714
4.59375 0.145328214217176
4.625 0.147257711644239
4.65625 0.149199638290377
4.6875 0.151153837031539
4.71875 0.153120145254884
4.75 0.155098394876172
4.78125 0.157088412361886
4.8125 0.159090018756129
4.84375 0.161103029712351
4.875 0.163127255529956
4.90625 0.165162501195815
4.9375 0.167208566430725
4.96875 0.169265245740832
5 0.171332328474033
5.03125 0.173409598881376
5.0625 0.175496836183443
5.09375 0.177593814641716
5.125 0.179700303634922
5.15625 0.181816067740314
5.1875 0.183940866819877
5.21875 0.1860744561114
5.25 0.188216586324387
5.28125 0.190367003740742
5.3125 0.192525450320152
5.34375 0.194691663810127
5.375 0.196865377860583
5.40625 0.199046322142899
5.4375 0.201234222473354
5.46875 0.203428800940821
5.5 0.205629776038626
5.53125 0.207836862800438
5.5625 0.210049772940071
5.59375 0.212268214995053
5.625 0.214491894473834
5.65625 0.216720514006464
5.6875 0.218953773498603
5.71875 0.221191370288693
5.75 0.223432999308113
5.78125 0.225678353244166
5.8125 0.227927122705688
5.84375 0.230178996391121
5.875 0.232433661258836
5.90625 0.234690802699528
5.9375 0.23695010471047
5.96875 0.239211250071436
6 0.24147392052207
6.03125 0.243737796940512
6.0625 0.246002559523045
6.09375 0.248267887964569
6.125 0.250533461639671
6.15625 0.252798959784091
6.1875 0.25506406167634
6.21875 0.257328446819278
6.25 0.259591795121418
6.28125 0.261853787077745
6.3125 0.264114103949824
6.34375 0.266372427944994
6.375 0.268628442394431
6.40625 0.270881831929855
6.4375 0.273132282658699
6.46875 0.27537948233751
6.5 0.277623120543392
6.53125 0.279862888843292
6.5625 0.28209848096094
6.59375 0.284329592941241
6.625 0.286555923311951
6.65625 0.288777173242454
6.6875 0.290993046699455
6.71875 0.293203250599449
6.75 0.295407494957779
6.78125 0.297605493034151
6.8125 0.299796961474442
6.84375 0.301981620448679
6.875 0.304159193785043
6.90625 0.306329409099783
6.9375 0.308491997922918
6.96875 0.31064669581962
7 0.312793242507181
7.03125 0.314931381967462
7.0625 0.317060862554747
7.09375 0.319181437098929
7.125 0.321292863003947
7.15625 0.323394902341426
7.1875 0.325487321939464
7.21875 0.32756989346652
7.25 0.329642393510377
7.28125 0.331704603652138
7.3125 0.333756310535254
7.34375 0.335797305929554
7.375 0.337827386790293
7.40625 0.339846355312208
7.4375 0.341854018978599
7.46875 0.343850190605454
7.5 0.345834688380653
7.53125 0.347807335898263
7.5625 0.349767962187991
7.59375 0.351716401739822
7.625 0.353652494523908
7.65625 0.355576086005755
7.6875 0.357487027156786
7.71875 0.359385174460347
7.75 0.361270389913224
7.78125 0.363142541022761
7.8125 0.365001500799669
7.84375 0.366847147746603
7.875 0.368679365842611
7.90625 0.370498044523556
7.9375 0.372303078658606
7.96875 0.374094368522902
8 0.375871819766515
8.03125 0.377635343379795
8.0625 0.379384855655239
8.09375 0.381120278145983
8.125 0.382841537621045
8.15625 0.384548566017432
8.1875 0.386241300389233
8.21875 0.387919682853835
8.25 0.389583660535358
8.28125 0.391233185505463
8.3125 0.392868214721633
8.34375 0.394488709963076
8.375 0.396094637764342
8.40625 0.39768596934682
8.4375 0.399262680548198
8.46875 0.400824751750039
8.5 0.402372167803584
8.53125 0.403904917953896
8.5625 0.405422995762481
8.59375 0.406926399028493
8.625 0.408415129708644
8.65625 0.409889193835933
8.6875 0.411348601437307
8.71875 0.412793366450369
8.75 0.41422350663924
8.78125 0.415639043509678
8.8125 0.417040002223562
8.84375 0.41842641151285
8.875 0.419798303593098
8.90625 0.421155714076645
8.9375 0.422498681885553
8.96875 0.423827249164409
9 0.425141461193046
9.03125 0.42644136629931
9.0625 0.427727015771921
9.09375 0.428998463773527
9.125 0.430255767254024
9.15625 0.431498985864217
9.1875 0.432728181869885
9.21875 0.43394342006634
9.25 0.435144767693515
9.28125 0.43633229435167
9.3125 0.437506071917768
9.34375 0.438666174462562
9.375 0.439812678168476
9.40625 0.440945661248303
9.4375 0.442065203864787
9.46875 0.443171388051126
9.5 0.444264297632439
9.53125 0.445344018148239
9.5625 0.446410636775951
9.59375 0.447464242255506
9.625 0.448504924815042
9.65625 0.449532776097748
9.6875 0.450547889089871
9.71875 0.451550358049923
9.75 0.452540278439088
9.78125 0.453517746852878
9.8125 0.454482860954031
9.84375 0.455435719406682
9.875 0.456376421811823
9.90625 0.457305068644041
9.9375 0.458221761189581
9.96875 0.459126601485708
10 0.460019692261392
10.03125 0.460901136879326
10.0625 0.461771039279254
10.09375 0.462629503922647
10.125 0.463476635738698
10.15625 0.464312540071644
10.1875 0.465137322629416
10.21875 0.465951089433613
10.25 0.466753946770785
10.28125 0.467546001145028
10.3125 0.46832735923188
10.34375 0.469098127833513
10.375 0.469858413835199
10.40625 0.470608324163059
10.4375 0.471347965743063
10.46875 0.472077445461285
10.5 0.472796870125387
10.53125 0.473506346427328
10.5625 0.474205980907278
10.59375 0.47489587991872
10.625 0.475576149594733
10.65625 0.476246895815427
10.6875 0.476908224176525
10.71875 0.477560239959063
10.75 0.478203048100207
10.78125 0.478836753165143
10.8125 0.479461459320057
10.84375 0.480077270306144
10.875 0.480684289414669
10.90625 0.48128261946303
10.9375 0.481872362771815
10.96875 0.48245362114284
11 0.483026495838133
11.03125 0.483591087559863
11.0625 0.484147496431171
11.09375 0.484695821977909
11.125 0.485236163111246
11.15625 0.485768618111135
11.1875 0.486293284610611
11.21875 0.486810259580906
11.25 0.487319639317365
11.28125 0.487821519426136
11.3125 0.48831599481161
11.34375 0.488803159664614
11.375 0.489283107451311
11.40625 0.489755930902803
11.4375 0.490221722005418
11.46875 0.490680571991656
11.5 0.49113257133178
11.53125 0.491577809726034
11.5625 0.492016376097467
11.59375 0.492448358585349
11.625 0.492873844539157
11.65625 0.49329292051312
11.6875 0.493705672261298
11.71875 0.494112184733184
11.75 0.494512542069813
11.78125 0.494906827600357
11.8125 0.495295123839197
11.84375 0.495677512483443
11.875 0.496054074410908
11.90625 0.496424889678499
11.9375 0.496790037521026
11.96875 0.497149596350403
12 0.49750364375524
12.03125 0.497852256500792
12.0625 0.498195510529277
12.09375 0.498533480960529
12.125 0.498866242092981
12.15625 0.499193867404962
12.1875 0.499516429556306
12.21875 0.499834000390244
12.25 0.500146650935582
12.28125 0.500454451409141
12.3125 0.500757471218465
12.34375 0.501055778964759
12.375 0.501349442446079
12.40625 0.501638528660733
12.4375 0.501923103810908
12.46875 0.502203233306489
12.5 0.502478981769087
12.53125 0.502750413036239
12.5625 0.503017590165793
12.59375 0.503280575440461
12.625 0.503539430372522
12.65625 0.503794215708686
12.6875 0.504044991435091
12.71875 0.504291816782443
12.75 0.504534750231275
12.78125 0.504773849517329
12.8125 0.50500917163705
12.84375 0.505240772853185
12.875 0.505468708700479
12.90625 0.505693033991459
12.9375 0.505913802822315
12.96875 0.506131068578847
13 0.506344883942491
13.03125 0.506555300896415
13.0625 0.506762370731672
13.09375 0.50696614405341
13.125 0.507166670787139
13.15625 0.507364000185035
13.1875 0.507558180832294
13.21875 0.507749260653522
13.25 0.507937286919147
13.28125 0.508122306251876
13.3125 0.508304364633161
13.34375 0.508483507409693
13.375 0.508659779299908
13.40625 0.508833224400514
13.4375 0.50900388619301
13.46875 0.509171807550228
13.5 0.509337030742868
13.53125 0.509499597446033
13.5625 0.509659548745759
13.59375 0.509816925145544
13.625 0.509971766572859
13.65625 0.510124112385653
13.6875 0.510274001378841
13.71875 0.510421471790772
13.75 0.510566561309682
13.78125 0.510709307080125
13.8125 0.510849745709374
13.84375 0.510987913273804
13.875 0.511123845325241
13.90625 0.511257576897285
13.9375 0.511389142511603
13.96875 0.511518576184181
14 0.511645911431553
14.03125 0.511771181276985
14.0625 0.511894418256623
14.09375 0.512015654425611
14.125 0.512134921364152
14.15625 0.512252250183547
14.1875 0.512367671532178
14.21875 0.512481215601453
14.25 0.512592912131708
14.28125 0.512702790418062
14.3125 0.512810879316225
14.34375 0.512917207248261
14.375 0.513021802208306
14.40625 0.513124691768232
14.4375 0.513225903083265
14.46875 0.51332546289756
14.5 0.513423397549712
14.53125 0.513519732978233
14.5625 0.513614494726964
14.59375 0.513707707950449
14.625 0.513799397419243
14.65625 0.513889587525184
14.6875 0.513978302286603
14.71875 0.51406556535348
14.75 0.514151400012556
14.78125 0.514235829192389
14.8125 0.514318875468353
14.84375 0.514400561067589
14.875 0.514480907873904
14.90625 0.514559937432611
14.9375 0.514637670955324
14.96875 0.514714129324695
15 0.5147893330991
15.03125 0.514863302517269
15.0625 0.514936057502871
15.09375 0.515007617669037
15.125 0.515078002322838
15.15625 0.515147230469709
15.1875 0.515215320817817
15.21875 0.515282291782381
15.25 0.515348161489941
15.28125 0.515412947782573
15.3125 0.515476668222052
15.34375 0.515539340093971
15.375 0.515600980411798
15.40625 0.515661605920893
15.4375 0.51572123310247
15.46875 0.515779878177509
15.5 0.515837557110621
15.53125 0.51589428561386
15.5625 0.515950079150491
15.59375 0.516004952938706
15.625 0.516058921955293
15.65625 0.516112000939259
15.6875 0.5161642043954
15.71875 0.516215546597832
15.75 0.51626604159347
15.78125 0.516315703205462
15.8125 0.516364545036576
15.84375 0.516412580472545
15.875 0.516459822685365
15.90625 0.516506284636546
15.9375 0.516551979080323
15.96875 0.516596918566821
16 0.516641115445177
16.03125 0.516684581866618
16.0625 0.5167273297875
16.09375 0.516769370972301
16.125 0.516810716996571
16.15625 0.51685137924985
16.1875 0.516891368938533
16.21875 0.516930697088702
16.25 0.516969374548921
16.28125 0.517007411992978
16.3125 0.517044819922606
16.34375 0.517081608670152
16.375 0.51711778840121
16.40625 0.517153369117226
16.4375 0.517188360658047
16.46875 0.517222772704456
16.5 0.517256614780649
16.53125 0.51728989625669
16.5625 0.517322626350929
16.59375 0.517354814132373
16.625 0.517386468523041
16.65625 0.517417598300267
16.6875 0.517448212098981
16.71875 0.517478318413951
16.75 0.517507925601994
16.78125 0.517537041884151
16.8125 0.517565675347833
16.84375 0.517593833948939
16.875 0.517621525513929
16.90625 0.517648757741884
16.9375 0.517675538206518
16.96875 0.517701874358174
17 0.517727773525781
17.03125 0.517753242918785
17.0625 0.517778289629049
17.09375 0.51780292063273
17.125 0.517827142792118
17.15625 0.517850962857456
17.1875 0.517874387468727
17.21875 0.517897423157416
17.25 0.517920076348247
17.28125 0.517942353360886
17.3125 0.51796426041163
17.34375 0.517985803615058
17.375 0.518006988985664
17.40625 0.518027822439464
17.4375 0.518048309795576
17.46875 0.518068456777777
17.5 0.518088269016036
17.53125 0.518107752048024
17.5625 0.518126911320598
17.59375 0.518145752191268
17.625 0.518164279929631
17.65625 0.518182499718796
17.6875 0.518200416656771
17.71875 0.518218035757848
17.75 0.518235361953945
17.78125 0.518252400095944
17.8125 0.518269154954999
17.84375 0.51828563122383
17.875 0.518301833517987
17.90625 0.518317766377103
17.9375 0.518333434266127
17.96875 0.518348841576531
18 0.518363992627504
18.03125 0.518378891667125
18.0625 0.518393542873519
18.09375 0.518407950355991
18.125 0.518422118156145
18.15625 0.51843605024899
18.1875 0.518449750544014
18.21875 0.51846322288626
18.25 0.51847647105737
18.28125 0.518489498776618
18.3125 0.518502309701927
18.34375 0.518514907430872
18.375 0.518527295501659
18.40625 0.518539477394098
18.4375 0.518551456530553
18.46875 0.518563236276885
18.5 0.518574819943367
18.53125 0.518586210785599
18.5625 0.518597412005401
18.59375 0.518608426751689
18.625 0.518619258121342
18.65625 0.518629909160055
18.6875 0.518640382863175
18.71875 0.518650682176527
18.75 0.518660809997223
18.78125 0.518670769174461
18.8125 0.518680562510312
18.84375 0.51869019276049
18.875 0.518699662635113
18.90625 0.518708974799455
18.9375 0.518718131874673
18.96875 0.51872713643854
19 0.518735991026152
19.03125 0.518744698130632
19.0625 0.518753260203817
19.09375 0.518761679656937
19.125 0.518769958861285
19.15625 0.51877810014887
19.1875 0.518786105813063
19.21875 0.518793978109238
19.25 0.518801719255389
19.28125 0.518809331432752
19.3125 0.518816816786406
19.34375 0.518824177425871
19.375 0.518831415425691
19.40625 0.518838532826012
19.4375 0.518845531633148
19.46875 0.518852413820138
19.5 0.518859181327297
19.53125 0.51886583606275
19.5625 0.518872379902971
19.59375 0.518878814693296
19.625 0.518885142248443
19.65625 0.518891364353016
19.6875 0.518897482761999
19.71875 0.518903499201249
19.75 0.518909415367973
19.78125 0.518915232931205
19.8125 0.518920953532267
19.84375 0.51892657878523
19.875 0.518932110277363
19.90625 0.518937549569577
19.9375 0.518942898196856
19.96875 0.518948157668694
20 0.518953329469507
20.03125 0.518958415059055
20.0625 0.518963415872845
20.09375 0.518968333322535
20.125 0.518973168796327
20.15625 0.518977923659355
20.1875 0.518982599254069
20.21875 0.518987196900605
20.25 0.518991717897161
20.28125 0.518996163520356
20.3125 0.519000535025588
20.34375 0.519004833647387
20.375 0.519009060599756
20.40625 0.519013217076518
20.4375 0.519017304251644
20.46875 0.519021323279584
20.5 0.519025275295593
20.53125 0.519029161416045
20.5625 0.519032982738749
20.59375 0.519036740343253
20.625 0.519040435291153
20.65625 0.519044068626382
20.6875 0.519047641375511
20.71875 0.519051154548033
20.75 0.519054609136646
20.78125 0.519058006117532
20.8125 0.519061346450631
20.84375 0.519064631079913
20.875 0.519067860933637
20.90625 0.519071036924618
20.9375 0.519074159950478
20.96875 0.519077230893904
21 0.519080250622889
21.03125 0.519083219990982
21.0625 0.519086139837524
21.09375 0.519089010987885
21.125 0.519091834253696
21.15625 0.519094610433077
21.1875 0.519097340310862
21.21875 0.519100024658819
21.25 0.519102664235868
21.28125 0.51910525978829
21.3125 0.519107812049946
21.34375 0.519110321742472
21.375 0.519112789575492
21.40625 0.519115216246812
21.4375 0.519117602442618
21.46875 0.519119948837668
21.5 0.519122256095485
21.53125 0.519124524868539
21.5625 0.519126755798435
21.59375 0.519128949516091
21.625 0.519131106641917
21.65625 0.51913322778599
21.6875 0.519135313548222
21.71875 0.519137364518536
21.75 0.519139381277025
21.78125 0.519141364394119
21.8125 0.519143314430747
21.84375 0.519145231938491
21.875 0.519147117459746
21.90625 0.519148971527868
21.9375 0.519150794667328
21.96875 0.519152587393859
22 0.5191543502146
22.03125 0.519156083628241
22.0625 0.519157788125162
22.09375 0.519159464187572
22.125 0.519161112289643
22.15625 0.519162732897648
22.1875 0.519164326470088
22.21875 0.519165893457825
22.25 0.519167434304205
22.28125 0.519168949445187
22.3125 0.519170439309464
22.34375 0.519171904318585
22.375 0.519173344887072
22.40625 0.519174761422538
22.4375 0.519176154325804
22.46875 0.519177523991008
22.5 0.51917887080572
22.53125 0.519180195151049
22.5625 0.519181497401752
22.59375 0.51918277792634
22.625 0.519184037087179
22.65625 0.519185275240595
22.6875 0.519186492736976
22.71875 0.519187689920867
22.75 0.51918886713107
22.78125 0.519190024700738
22.8125 0.519191162957472
22.84375 0.519192282223409
22.875 0.519193382815317
22.90625 0.519194465044681
22.9375 0.519195529217796
22.96875 0.519196575635847
23 0.519197604595
23.03125 0.519198616386481
23.0625 0.519199611296662
23.09375 0.519200589607138
23.125 0.519201551594811
23.15625 0.519202497531965
23.1875 0.519203427686344
23.21875 0.519204342321226
23.25 0.519205241695501
23.28125 0.519206126063742
23.3125 0.519206995676275
23.34375 0.519207850779254
23.375 0.519208691614726
23.40625 0.519209518420703
23.4375 0.519210331431228
23.46875 0.519211130876441
23.5 0.519211916982644
23.53125 0.519212689972364
23.5625 0.519213450064418
23.59375 0.519214197473974
23.625 0.519214932412611
23.65625 0.519215655088379
23.6875 0.51921636570586
23.71875 0.519217064466222
23.75 0.519217751567279
23.78125 0.519218427203546
23.8125 0.519219091566293
23.84375 0.5192197448436
23.875 0.519220387220412
23.90625 0.519221018878586
23.9375 0.519221639996948
23.96875 0.519222250751342
24 0.519222851314677
24.03125 0.51922344185698
24.0625 0.51922402254544
24.09375 0.519224593544459
24.125 0.519225155015696
24.15625 0.519225707118114
24.1875 0.519226250008024
24.21875 0.51922678383913
24.25 0.519227308762572
24.28125 0.519227824926969
24.3125 0.51922833247846
24.34375 0.519228831560749
24.375 0.51922932231514
24.40625 0.519229804880582
24.4375 0.519230279393703
24.46875 0.519230745988856
24.5 0.519231204798151
24.53125 0.519231655951493
24.5625 0.519232099576622
24.59375 0.519232535799145
24.625 0.519232964742576
24.65625 0.519233386528366
24.6875 0.519233801275943
24.71875 0.51923420910274
24.75 0.519234610124232
24.78125 0.519235004453968
24.8125 0.519235392203601
24.84375 0.519235773482925
24.875 0.519236148399897
24.90625 0.519236517060678
24.9375 0.519236879569656
24.96875 0.519237236029476
25 0.519237586541074
25.03125 0.519237931203698
25.0625 0.519238270114943
25.09375 0.519238603370775
25.125 0.51923893106556
25.15625 0.519239253292088
25.1875 0.519239570141601
25.21875 0.519239881703821
25.25 0.51924018806697
25.28125 0.519240489317801
25.3125 0.519240785541617
25.34375 0.5192410768223
25.375 0.519241363242331
25.40625 0.519241644882816
25.4375 0.519241921823507
25.46875 0.519242194142826
25.5 0.519242461917886
25.53125 0.519242725224514
25.5625 0.519242984137272
25.59375 0.519243238729476
25.625 0.519243489073223
25.65625 0.519243735239402
25.6875 0.519243977297723
25.71875 0.519244215316731
25.75 0.519244449363829
25.78125 0.519244679505293
25.8125 0.519244905806295
25.84375 0.51924512833092
25.875 0.519245347142182
25.90625 0.519245562302045
25.9375 0.519245773871438
25.96875 0.519245981910274
26 0.519246186477468
26.03125 0.519246387630948
26.0625 0.51924658542768
26.09375 0.519246779923676
26.125 0.519246971174015
26.15625 0.519247159232857
26.1875 0.519247344153458
26.21875 0.519247525988185
26.25 0.519247704788532
26.28125 0.519247880605134
26.3125 0.51924805348778
26.34375 0.519248223485429
26.375 0.519248390646222
26.40625 0.519248555017499
26.4375 0.519248716645808
26.46875 0.519248875576922
26.5 0.519249031855848
26.53125 0.519249185526843
26.5625 0.519249336633428
26.59375 0.519249485218393
26.625 0.519249631323819
26.65625 0.519249774991081
26.6875 0.519249916260865
26.71875 0.519250055173179
26.75 0.519250191767363
26.78125 0.519250326082098
26.8125 0.519250458155424
26.84375 0.519250588024743
26.875 0.519250715726834
26.90625 0.519250841297862
26.9375 0.519250964773389
26.96875 0.519251086188384
27 0.51925120557723
27.03125 0.51925132297374
27.0625 0.519251438411159
27.09375 0.519251551922181
27.125 0.519251663538951
27.15625 0.51925177329308
27.1875 0.519251881215651
27.21875 0.519251987337227
27.25 0.519252091687862
27.28125 0.51925219429711
27.3125 0.519252295194029
27.34375 0.519252394407194
27.375 0.519252491964702
27.40625 0.519252587894183
27.4375 0.519252682222804
27.46875 0.51925277497728
27.5 0.519252866183878
27.53125 0.51925295586843
27.5625 0.519253044056335
27.59375 0.519253130772568
27.625 0.519253216041687
27.65625 0.519253299887843
27.6875 0.51925338233478
27.71875 0.519253463405848
27.75 0.519253543124007
27.78125 0.519253621511834
27.8125 0.519253698591529
27.84375 0.519253774384923
27.875 0.519253848913479
27.90625 0.519253922198306
27.9375 0.519253994260159
27.96875 0.519254065119445
28 0.519254134796233
28.03125 0.519254203310257
28.0625 0.51925427068092
28.09375 0.519254336927303
28.125 0.519254402068166
28.15625 0.519254466121959
28.1875 0.519254529106823
28.21875 0.519254591040595
28.25 0.519254651940815
28.28125 0.519254711824733
28.3125 0.519254770709307
28.34375 0.519254828611214
28.375 0.519254885546853
28.40625 0.519254941532348
28.4375 0.519254996583556
28.46875 0.519255050716068
28.5 0.519255103945215
28.53125 0.519255156286071
28.5625 0.519255207753462
28.59375 0.519255258361962
28.625 0.519255308125905
28.65625 0.519255357059385
28.6875 0.519255405176261
28.71875 0.519255452490159
28.75 0.519255499014481
28.78125 0.519255544762402
28.8125 0.519255589746878
28.84375 0.519255633980651
28.875 0.519255677476247
28.90625 0.519255720245985
28.9375 0.519255762301979
28.96875 0.519255803656139
29 0.519255844320178
29.03125 0.519255884305612
29.0625 0.519255923623765
29.09375 0.519255962285774
29.125 0.519256000302588
29.15625 0.519256037684974
29.1875 0.519256074443518
29.21875 0.519256110588633
29.25 0.519256146130554
29.28125 0.519256181079349
29.3125 0.519256215444914
29.34375 0.519256249236983
29.375 0.519256282465126
29.40625 0.519256315138754
29.4375 0.519256347267122
29.46875 0.519256378859327
29.5 0.519256409924318
29.53125 0.519256440470893
29.5625 0.519256470507703
29.59375 0.519256500043255
29.625 0.519256529085914
29.65625 0.519256557643905
29.6875 0.519256585725318
29.71875 0.519256613338103
29.75 0.519256640490084
29.78125 0.519256667188948
29.8125 0.519256693442258
29.84375 0.51925671925745
29.875 0.519256744641834
29.90625 0.519256769602599
29.9375 0.519256794146817
29.96875 0.519256818281436
30 0.519256842013294
30.03125 0.519256865349111
30.0625 0.519256888295497
30.09375 0.51925691085895
30.125 0.519256933045861
30.15625 0.519256954862513
30.1875 0.519256976315085
30.21875 0.519256997409654
30.25 0.519257018152194
30.28125 0.519257038548579
30.3125 0.519257058604585
30.34375 0.519257078325894
30.375 0.519257097718091
30.40625 0.519257116786667
30.4375 0.519257135537024
30.46875 0.519257153974472
30.5 0.519257172104233
30.53125 0.519257189931442
30.5625 0.519257207461147
30.59375 0.519257224698313
30.625 0.519257241647823
30.65625 0.519257258314476
30.6875 0.519257274702993
30.71875 0.519257290818017
30.75 0.519257306664109
30.78125 0.51925732224576
30.8125 0.519257337567381
30.84375 0.519257352633312
30.875 0.519257367447821
30.90625 0.519257382015102
30.9375 0.519257396339282
30.96875 0.519257410424418
31 0.519257424274498
31.03125 0.519257437893445
31.0625 0.519257451285117
31.09375 0.519257464453307
31.125 0.519257477401743
31.15625 0.519257490134094
31.1875 0.519257502653964
31.21875 0.519257514964901
31.25 0.51925752707039
31.28125 0.519257538973861
31.3125 0.519257550678685
31.34375 0.519257562188176
31.375 0.519257573505595
31.40625 0.519257584634146
31.4375 0.519257595576982
31.46875 0.519257606337202
31.5 0.519257616917853
31.53125 0.519257627321933
31.5625 0.519257637552387
31.59375 0.519257647612113
31.625 0.519257657503961
31.65625 0.519257667230732
31.6875 0.51925767679518
31.71875 0.519257686200015
31.75 0.5192576954479
31.78125 0.519257704541455
31.8125 0.519257713483255
31.84375 0.519257722275832
31.875 0.519257730921677
31.90625 0.519257739423238
31.9375 0.519257747782924
31.96875 0.519257756003101
32 0.519257764086099
Total steps: 4096
