0 0
0.25 0.00266508535758972
0.5 0.00568115331407669
0.75 0.00908923631582135
1 0.0129336717788153
1.25 0.0172619290083126
1.5 0.0221242771233172
1.75 0.0275732554581624
2 0.0336629060881272
2.25 0.0404477291798682
2.5 0.0479813271533644
2.75 0.0563147146444022
3 0.0654942893939618
3.25 0.0755594854990879
3.5 0.0865401651549291
3.75 0.0984538469766919
4 0.111302915246918
4.25 0.125071999849342
4.5 0.139725753974906
4.75 0.155207277215767
5 0.171437426628675
5.25 0.188315220942235
5.5 0.205719470775916
5.75 0.223511664249277
6 0.241540013483245
6.25 0.259644440174101
6.5 0.277662167881572
6.75 0.295433514138122
7 0.312807450605434
7.25 0.329646528899897
7.5 0.34583084779426
7.75 0.361260849952488
8 0.375858863730743
8.25 0.389569427904917
8.5 0.402358538097033
8.75 0.414212023057999
9 0.425133293700263
9.25 0.435140710773331
9.5 0.44426479529348
9.75 0.452545468001245
10 0.460029458766105
10.25 0.466767981034255
10.5 0.472814725071666
10.75 0.478224189711874
11 0.483050346605458
11.25 0.487345613322136
11.5 0.491160101026715
11.75 0.494541097425145
12 0.497532744789988
12.25 0.500175874793828
12.5 0.502507965502063
12.75 0.504563190356583
13 0.506372533713512
13.25 0.507963952080396
13.5 0.509362564390582
13.75 0.510590858333159
14 0.51166890288587
14.25 0.512614559788458
14.5 0.513443688788949
14.75 0.514170343154335
15 0.514806953224262
15.25 0.515364496764451
15.5 0.515852655603118
15.75 0.516279958559447
16 0.516653911041291
16.25 0.516981111935769
16.5 0.517267358570487
16.75 0.517517740608417
17 0.517736723774375
17.25 0.517928224310228
17.5 0.518095675030347
17.75 0.518242083806947
18 0.51837008526307
18.25 0.518481986393673
18.5 0.518579806775921
18.75 0.518665313970717
19 0.518740054660288
19.25 0.518805382012292
19.5 0.518862479710169
19.75 0.518912383042424
20 0.518955997400585
20.25 0.518994114496395
20.5 0.519027426573509
20.75 0.519056538857146
21 0.51908198045668
21.25 0.519104213910777
21.5 0.519123643542066
21.75 0.519140622768258
22 0.519155460498903
22.25 0.519168426731219
22.5 0.519179757444598
22.75 0.519189658881162
23 0.519198311288971
23.25 0.519205872195045
23.5 0.519212479267013
23.75 0.519218252814926
24 0.519223297978336
24.25 0.519227706638139
24.5 0.519231559087732
24.75 0.519234925493736
25 0.519237867172718
25.25 0.519240437707079
25.5 0.519242683920317
25.75 0.519244646729385
26 0.519246361889608
26.25 0.519247860645689
26.5 0.519249170300641
26.75 0.51925031471298
27 0.519251314731221
27.25 0.519252188573575
27.5 0.51925295215977
27.75 0.519253619401002
28 0.519254202453333
28.25 0.519254711939115
28.5 0.519255157140481
28.75 0.519255546168436
29 0.519255886110609
29.25 0.51925618316037
29.5 0.519256442729656
29.75 0.519256669547563
30 0.519256867746504
30.25 0.519257040937485
30.5 0.519257192275899
30.75 0.519257324519008
31 0.519257440076177
31.25 0.51925754105277
31.5 0.519257629288505
31.75 0.519257706390974
32 0.519257773764929
Total steps: 512
