0 0
1 0.0132066740974435
2 0.03442703345025
3 0.0669273004314695
4 0.113327502748056
5 0.173563802763837
6 0.243118715368333
7 0.313573679154334
8 0.37610354447422
9 0.425296442341068
10 0.460329062589278
11 0.483473855869383
12 0.497986696791057
13 0.506781723712923
14 0.511999485492169
15 0.515036483134753
16 0.516809302233974
17 0.517865054030949
18 0.518466537784857
19 0.51880862400135
20 0.519002989661481
21 0.519113361983754
22 0.519176017967624
23 0.519211579986131
24 0.519231762054579
25 0.519243215064675
26 0.51924971425496
27 0.519253402253263
28 0.519255495004215
29 0.519256682526477
30 0.519257356378416
31 0.51925773875066
32 0.519257955724691
Total steps: 154
