0 0
0.015625 0.000156862542775811
0.03125 0.000314954601938404
0.046875 0.00047428502746693
0.0625 0.000634862720165368
0.078125 0.000796696631737175
0.09375 0.000959795764855738
0.109375 0.00112416917323056
0.125 0.00128982596166908
0.140625 0.001456775286134
0.15625 0.00162502635379615
0.171875 0.00179458842308256
0.1875 0.00196547080371997
0.203125 0.0021376828567733
0.21875 0.00231123399467939
0.234375 0.00248613368127552
0.25 0.00266239143182292
0.265625 0.00284001681302498
0.28125 0.00301901944304014
0.296875 0.00319940899148934
0.3125 0.00338119517945789
0.328125 0.00356438777949173
0.34375 0.00374899661558792
0.359375 0.00393503156317922
0.375 0.00412250254911274
0.390625 0.00431141955162246
0.40625 0.0045017926002956
0.421875 0.00469363177603263
0.4375 0.00488694721100085
0.453125 0.00508174908858149
0.46875 0.00527804764331006
0.484375 0.00547585316081001
0.5 0.00567517597771943
0.515625 0.00587602648161079
0.53125 0.00607841511090348
0.546875 0.00628235235476918
0.5625 0.00648784875302978
0.578125 0.00669491489604782
0.59375 0.0069035614246093
0.609375 0.00711379902979875
0.625 0.00732563845286642
0.640625 0.00753909048508742
0.65625 0.00775416596761278
0.671875 0.00797087579131217
0.6875 0.00818923089660831
0.703125 0.00840924227330278
0.71875 0.00863092096039316
0.734375 0.00885427804588142
0.75 0.00907932466657334
0.765625 0.00930607200786884
0.78125 0.00953453130354316
0.796875 0.00976471383551863
0.8125 0.00999663093362697
0.828125 0.010230293975362
0.84375 0.0104657143856226
0.859375 0.0107029036364454
0.875 0.0109418732467284
0.890625 0.0111826347819429
0.90625 0.0114251998538365
0.921875 0.0116695801201248
0.9375 0.0119157872841729
0.953125 0.0121638330946653
0.96875 0.0124137293452665
0.984375 0.0126654878742686
1 0.0129191205642289
1.015625 0.0131746393415962
1.03125 0.0134320561763244
1.046875 0.0136913830814762
1.0625 0.013952632112813
1.078125 0.0142158153683747
1.09375 0.0144809449880458
1.109375 0.0147480331531104
1.125 0.0150170920857942
1.140625 0.0152881340487937
1.15625 0.0155611713447932
1.171875 0.0158362163159687
1.1875 0.0161132813434787
1.203125 0.0163923788469416
1.21875 0.0166735212839001
1.234375 0.0169567211492721
1.25 0.0172419909747875
1.265625 0.0175293433284115
1.28125 0.0178187908137539
1.296875 0.0181103460694645
1.3125 0.0184040217686135
1.328125 0.018699830618058
1.34375 0.0189977853577942
1.359375 0.019297898760294
1.375 0.0196001836298272
1.390625 0.019904652801769
1.40625 0.0202113191418914
1.421875 0.0205201955456399
1.4375 0.0208312949373943
1.453125 0.0211446302697147
1.46875 0.0214602145225699
1.484375 0.0217780607025518
1.5 0.0220981818420727
1.515625 0.022420590998546
1.53125 0.0227453012535512
1.546875 0.0230723257119821
1.5625 0.0234016775011782
1.578125 0.0237333697700392
1.59375 0.0240674156881227
1.609375 0.0244038284447244
1.625 0.0247426212479416
1.640625 0.0250838073237188
1.65625 0.0254273999148758
1.671875 0.0257734122801182
1.6875 0.0261218576930301
1.703125 0.0264727494410487
1.71875 0.0268261008244212
1.734375 0.0271819251551426
1.75 0.0275402357558762
1.765625 0.0279010459588549
1.78125 0.0282643691047641
1.796875 0.0286302185416061
1.8125 0.0289986076235452
1.828125 0.0293695497097344
1.84375 0.0297430581631225
1.859375 0.0301191463492422
1.875 0.0304978276349794
1.890625 0.0308791153873221
1.90625 0.0312630229720908
1.921875 0.0316495637526487
1.9375 0.0320387510885923
1.953125 0.0324305983344225
1.96875 0.0328251188381956
1.984375 0.0332223259401542
2 0.0336222329713383
2.015625 0.0340248532521764
2.03125 0.0344302000910558
2.046875 0.0348382867828736
2.0625 0.0352491266075662
2.078125 0.0356627328286195
2.09375 0.0360791186915578
2.109375 0.036498297422413
2.125 0.0369202822261721
2.140625 0.0373450862852055
2.15625 0.0377727227576737
2.171875 0.0382032047759133
2.1875 0.038636545444803
2.203125 0.0390727578401081
2.21875 0.0395118550068047
2.234375 0.0399538499573832
2.25 0.0403987556701306
2.265625 0.0408465850873922
2.28125 0.0412973511138128
2.296875 0.0417510666145569
2.3125 0.0422077444135082
2.328125 0.0426673972914481
2.34375 0.0431300379842139
2.359375 0.0435956791808363
2.375 0.0440643335216558
2.390625 0.0445360135964191
2.40625 0.045010731942355
2.421875 0.0454885010422286
2.4375 0.0459693333223773
2.453125 0.046453241150724
2.46875 0.0469402368347723
2.484375 0.04743033261958
2.5 0.0479235406857129
2.515625 0.0484198731471792
2.53125 0.0489193420493437
2.546875 0.0494219593668217
2.5625 0.0499277370013546
2.578125 0.0504366867796645
2.59375 0.0509488204512911
2.609375 0.051464149686408
2.625 0.051982686073621
2.640625 0.052504441117747
2.65625 0.0530294262375749
2.671875 0.053557652763607
2.6875 0.0540891319357833
2.703125 0.0546238749011872
2.71875 0.055161892711733
2.734375 0.0557031963218367
2.75 0.0562477965860686
2.765625 0.0567957042567896
2.78125 0.0573469299817694
2.796875 0.0579014843017897
2.8125 0.0584593776482296
2.828125 0.0590206203406361
2.84375 0.0595852225842779
2.859375 0.0601531944676848
2.875 0.0607245459601708
2.890625 0.0612992869093436
2.90625 0.0618774270385989
2.921875 0.0624589759446003
2.9375 0.0630439430947469
2.953125 0.0636323378246256
2.96875 0.064224169335452
2.984375 0.0648194466914978
3 0.0654181788175064
3.015625 0.0660203744960966
3.03125 0.0666260423651548
3.046875 0.0672351909152163
3.0625 0.0678478284868369
3.078125 0.0684639632679531
3.09375 0.0690836032912338
3.109375 0.0697067564314226
3.125 0.0703334304026717
3.140625 0.0709636327558674
3.15625 0.0715973708759485
3.171875 0.0722346519792172
3.1875 0.072875483110644
3.203125 0.0735198711411663
3.21875 0.0741678227649819
3.234375 0.0748193444968377
3.25 0.0754744426693137
3.265625 0.0761331234301044
3.28125 0.0767953927392961
3.296875 0.0774612563666428
3.3125 0.0781307198888394
3.328125 0.0788037886867947
3.34375 0.0794804679429034
3.359375 0.0801607626383185
3.375 0.0808446775502247
3.390625 0.081532217249113
3.40625 0.0822233860960581
3.421875 0.0829181882399984
3.4375 0.0836166276150199
3.453125 0.0843187079376447
3.46875 0.0850244327041241
3.484375 0.0857338051877385
3.5 0.0864468284361032
3.515625 0.0871635052684823
3.53125 0.0878838382731102
3.546875 0.088607829804523
3.5625 0.089335481980899
3.578125 0.0900667966814104
3.59375 0.090801775543586
3.609375 0.0915404199606865
3.625 0.0922827310790933
3.640625 0.0930287097957106
3.65625 0.0937783567553828
3.671875 0.0945316723483277
3.6875 0.095288656707586
3.703125 0.0960493097064885
3.71875 0.0968136309561419
3.734375 0.097581619802933
3.75 0.0983532753260544
3.765625 0.0991285963350503
3.78125 0.0999075813673843
3.796875 0.100690228686031
3.8125 0.10147653627709
3.828125 0.102266501847428
3.84375 0.10306012282234
3.859375 0.103857396343244
3.875 0.104658319265404
3.890625 0.10546288815567
3.90625 0.106271099290264
3.921875 0.107082948652585
3.9375 0.107898431931048
3.953125 0.108717544516956
3.96875 0.109540281502411
3.984375 0.110366637678247
4 0.111196607532008
4.015625 0.112030185245963
4.03125 0.11286736469515
4.046875 0.113708139445467
4.0625 0.114552502751797
4.078125 0.115400447556175
4.09375 0.116251966485997
4.109375 0.117107051852268
4.125 0.117965695647899
4.140625 0.118827889546039
4.15625 0.119693624898464
4.171875 0.120562892734002
4.1875 0.121435683757008
4.203125 0.122311988345888
4.21875 0.123191796551675
4.234375 0.124075098096646
4.25 0.124961882372999
4.265625 0.125852138441574
4.28125 0.126745855030635
4.296875 0.127643020534699
4.3125 0.128543623013418
4.328125 0.129447650190527
4.34375 0.130355089452834
4.359375 0.131265927849277
4.375 0.132180152090038
4.390625 0.13309774854571
4.40625 0.134018703246532
4.421875 0.134943001881676
4.4375 0.135870629798603
4.453125 0.136801572002473
4.46875 0.13773581315563
4.484375 0.138673337577136
4.5 0.139614129242382
4.515625 0.140558171782755
4.53125 0.141505448485378
4.546875 0.142455942292915
4.5625 0.143409635803437
4.578125 0.144366511270366
4.59375 0.145326550602482
4.609375 0.146289735363999
4.625 0.147256046774713
4.640625 0.148225465710222
4.65625 0.149197972702213
4.671875 0.150173547938823
4.6875 0.151152171265074
4.703125 0.15213382218338
4.71875 0.153118479854122
4.734375 0.154106123096308
4.75 0.155096730388296
4.765625 0.156090279868597
4.78125 0.157086749336755
4.796875 0.158086116254298
4.8125 0.159088357745768
4.828125 0.160093450599826
4.84375 0.161101371270434
4.859375 0.16211209587811
4.875 0.16312560021127
4.890625 0.164141859727636
4.90625 0.165160849555726
4.921875 0.166182544496427
4.9375 0.167206919024632
4.953125 0.168233947290971
4.96875 0.169263603123611
4.984375 0.170295860030131
5 0.171330691199484
5.015625 0.172368069504031
5.03125 0.173407967501655
5.046875 0.17445035743795
5.0625 0.175495211248494
5.078125 0.176542500561192
5.09375 0.177592196698704
5.109375 0.178644270680943
5.125 0.179698693227657
5.140625 0.180755434761083
5.15625 0.18181446540868
5.171875 0.182875755005935
5.1875 0.183939273099252
5.203125 0.185004988948907
5.21875 0.186072871532088
5.234375 0.187142889545998
5.25 0.188215011411045
5.265625 0.189289205274096
5.28125 0.190365439011808
5.296875 0.191443680234031
5.3125 0.192523896287285
5.328125 0.193606054258301
5.34375 0.194690120977644
5.359375 0.195776063023394
5.375 0.196863846724905
5.390625 0.197953438166629
5.40625 0.199044803192007
5.421875 0.200137907407427
5.4375 0.201232716186248
5.453125 0.202329194672891
5.46875 0.20342730778699
5.484375 0.204527020227612
5.5 0.205628296477531
5.515625 0.20673110080757
5.53125 0.207835397281002
5.546875 0.208941149758006
5.5625 0.210048321900185
5.578125 0.211156877175138
5.59375 0.212266778861093
5.609375 0.213377990051583
5.625 0.214490473660191
5.640625 0.215604192425331
5.65625 0.216719108915093
5.671875 0.217835185532127
5.6875 0.218952384518584
5.703125 0.220070667961098
5.71875 0.221189997795812
5.734375 0.222310335813455
5.75 0.223431643664458
5.765625 0.224553882864108
5.78125 0.225677014797744
5.796875 0.226801000725998
5.8125 0.227925801790061
5.828125 0.229051379016992
5.84375 0.230177693325059
5.859375 0.231304705529114
5.875 0.232432376345994
5.890625 0.233560666399958
5.90625 0.234689536228145
5.921875 0.235818946286059
5.9375 0.236948856953086
5.953125 0.238079228538023
5.96875 0.239210021284635
5.984375 0.240341195377229
6 0.241472710946247
6.015625 0.242604528073873
6.03125 0.243736606799658
6.046875 0.244868907126154
6.0625 0.246001389024561
6.078125 0.247134012440386
6.09375 0.248266737299102
6.109375 0.249399523511824
6.125 0.250532330980978
6.140625 0.251665119605981
6.15625 0.252797849288919
6.171875 0.253930479940223
6.1875 0.255062971484342
6.203125 0.256195283865417
6.21875 0.257327377052945
6.234375 0.258459211047432
6.25 0.259590745886043
6.265625 0.260721941648241
6.28125 0.261852758461405
6.296875 0.262983156506445
6.3125 0.264113096023393
6.328125 0.265242537316976
6.34375 0.266371440762178
6.359375 0.26749976680977
6.375 0.268627475991827
6.390625 0.269754528927211
6.40625 0.270880886327038
6.421875 0.272006509000113
6.4375 0.273131357858331
6.453125 0.274255393922057
6.46875 0.275378578325468
6.484375 0.276500872321862
6.5 0.277622237288929
6.515625 0.278742634733995
6.53125 0.279862026299215
6.546875 0.280980373766735
6.5625 0.282097639063809
6.578125 0.283213784267878
6.59375 0.284328771611596
6.609375 0.285442563487822
6.625 0.286555122454555
6.640625 0.28766641123983
6.65625 0.288776392746557
6.671875 0.289885030057314
6.6875 0.290992286439084
6.703125 0.292098125347947
6.71875 0.293202510433707
6.734375 0.294305405544473
6.75 0.295406774731175
6.765625 0.296506582252028
6.78125 0.297604792576936
6.796875 0.298701370391833
6.8125 0.299796280602969
6.828125 0.300889488341126
6.84375 0.301980958965779
6.859375 0.303070658069184
6.875 0.304158551480413
6.890625 0.305244605269309
6.90625 0.30632878575039
6.921875 0.307411059486668
6.9375 0.308491393293418
6.953125 0.30956975424186
6.96875 0.310646109662786
6.984375 0.311720427150111
7 0.312792674564346
7.015625 0.313862820036012
7.03125 0.31493083196897
7.046875 0.315996679043685
7.0625 0.317060330220415
7.078125 0.318121754742324
7.09375 0.319180922138519
7.109375 0.32023780222702
7.125 0.321292365117642
7.140625 0.322344581214815
7.15625 0.323394421220315
7.171875 0.324441856135929
7.1875 0.325486857266033
7.203125 0.326529396220105
7.21875 0.327569444915147
7.234375 0.328606975578044
7.25 0.32964196074783
7.265625 0.330674373277891
7.28125 0.331704186338078
7.296875 0.33273137341675
7.3125 0.333755908322735
7.328125 0.334777765187216
7.34375 0.335796918465532
7.359375 0.336813342938914
7.375 0.337827013716127
7.390625 0.33883790623505
7.40625 0.339845996264164
7.421875 0.340851259903974
7.4375 0.341853673588349
7.453125 0.342853214085782
7.46875 0.34384985850058
7.484375 0.344843584273969
7.5 0.345834369185135
7.515625 0.346822191352173
7.53125 0.347807029232976
7.546875 0.348788861626037
7.5625 0.349767667671186
7.578125 0.350743426850245
7.59375 0.35171611898761
7.609375 0.352685724250768
7.625 0.353652223150729
7.640625 0.354615596542393
7.65625 0.355575825624845
7.671875 0.356532891941576
7.6875 0.357486777380636
7.703125 0.358437464174714
7.71875 0.359384934901151
7.734375 0.360329172481884
7.75 0.361270160183318
7.765625 0.362207881616141
7.78125 0.363142320735057
7.796875 0.364073461838465
7.8125 0.365001289568069
7.828125 0.365925788908423
7.84375 0.366846945186412
7.859375 0.36776474407067
7.875 0.368679171570936
7.890625 0.369590214037351
7.90625 0.37049785815969
7.921875 0.371402090966537
7.9375 0.372302899824402
7.953125 0.373200272436777
7.96875 0.374094196843137
7.984375 0.374984661417885
8 0.375871654869237
8.015625 0.376755166238063
8.03125 0.377635184896661
8.046875 0.378511700547488
8.0625 0.379384703221836
8.078125 0.380254183278459
8.09375 0.381120131402142
8.109375 0.381982538602237
8.125 0.382841396211134
8.140625 0.383696695882694
8.15625 0.384548429590636
8.171875 0.385396589626879
8.1875 0.38624116859983
8.203125 0.387082159432648
8.21875 0.387919555361444
8.234375 0.388753349933459
8.25 0.389583537005184
8.265625 0.390410110740461
8.28125 0.391233065608523
8.296875 0.392052396382014
8.3125 0.392868098134969
8.328125 0.393680166240748
8.34375 0.394488596369952
8.359375 0.395293384488294
8.375 0.396094526854437
8.390625 0.396892020017812
8.40625 0.397685860816391
8.421875 0.398476046374441
8.4375 0.399262574100243
8.453125 0.400045441683789
8.46875 0.400824647094444
8.484375 0.401600188578592
8.5 0.402372064657249
8.515625 0.403140274123659
8.53125 0.403904816040858
8.546875 0.404665689739229
8.5625 0.40542289481402
8.578125 0.406176431122856
8.59375 0.406926298783222
8.609375 0.407672498169937
8.625 0.408415029912594
8.640625 0.409153894893007
8.65625 0.409889094242619
8.671875 0.41062062933991
8.6875 0.411348501807785
8.703125 0.412072713510953
8.71875 0.412793266553285
8.734375 0.413510163275172
8.75 0.41422340625086
8.765625 0.41493299828579
8.78125 0.415638942413913
8.796875 0.416341241895006
8.8125 0.417039900211981
8.828125 0.417734921068183
8.84375 0.418426308384683
8.859375 0.419114066297569
8.875 0.419798199155228
8.890625 0.420478711515627
8.90625 0.42115560814359
8.921875 0.421828894008074
8.9375 0.422498574279443
8.953125 0.423164654326736
8.96875 0.423827139714946
8.984375 0.424486036202286
9 0.425141349737466
9.015625 0.425793086456969
9.03125 0.426441252682327
9.046875 0.427085854917403
9.0625 0.427726899845671
9.078125 0.428364394327511
9.09375 0.428998345397497
9.109375 0.429628760261699
9.125 0.430255646294982
9.140625 0.430879011038325
9.15625 0.431498862196129
9.171875 0.43211520763355
9.1875 0.43272805537383
9.203125 0.433337413595636
9.21875 0.433943290630414
9.234375 0.434545694959749
9.25 0.435144635212735
9.265625 0.435740120163354
9.28125 0.436332158727871
9.296875 0.436920759962234
9.3125 0.437505933059491
9.328125 0.438087687347214
9.34375 0.438666032284943
9.359375 0.439240977461635
9.375 0.43981253259313
9.390625 0.44038070751963
9.40625 0.440945512203198
9.421875 0.441506956725258
9.4375 0.442065051284123
9.453125 0.442619806192533
9.46875 0.443171231875206
9.484375 0.443719338866407
9.5 0.444264137807535
9.515625 0.444805639444725
9.53125 0.445343854626463
9.546875 0.445878794301222
9.5625 0.446410469515116
9.578125 0.446938891409565
9.59375 0.447464071218986
9.609375 0.447986020268496
9.625 0.448504749971634
9.640625 0.449020271828103
9.65625 0.44953259742153
9.671875 0.45004173841724
9.6875 0.45054770656006
9.703125 0.451050513672128
9.71875 0.45155017165073
9.734375 0.452046692466157
9.75 0.452540088159574
9.765625 0.453030370840918
9.78125 0.453517552686806
9.796875 0.454001645938475
9.8125 0.454482662899725
9.828125 0.454960615934901
9.84375 0.45543551746688
9.859375 0.455907379975087
9.875 0.456376215993528
9.890625 0.456842038108842
9.90625 0.45730485895838
9.921875 0.457764691228294
9.9375 0.458221547651658
9.953125 0.458675441006599
9.96875 0.45912638411446
9.984375 0.45957438983797
10 0.460019471079448
10.015625 0.460461640779021
10.03125 0.460900911912861
10.046875 0.461337297491448
10.0625 0.461770810557851
10.078125 0.46220146418603
10.09375 0.462629271479157
10.109375 0.463054245567963
10.125 0.4634763996091
10.140625 0.463895746783525
10.15625 0.464312300294908
10.171875 0.464726073368058
10.1875 0.465137079247371
10.203125 0.465545331195292
10.21875 0.46595084249081
10.234375 0.466353626427963
10.25 0.466753696314368
10.265625 0.467151065469767
10.28125 0.467545747224602
10.296875 0.467937754918601
10.3125 0.468327101899388
10.328125 0.468713801521113
10.34375 0.469097867143105
10.359375 0.469479312128536
10.375 0.469858149843114
10.390625 0.470234393653794
10.40625 0.470608056927502
10.421875 0.470979153029887
10.4375 0.471347695324087
10.453125 0.471713697169517
10.46875 0.472077171920674
10.484375 0.472438132925964
10.5 0.472796593526544
10.515625 0.473152567055187
10.53125 0.473506066835163
10.546875 0.47385710617914
10.5625 0.474205698388101
10.578125 0.474551856750283
10.59375 0.474895594540134
10.609375 0.475236925017281
10.625 0.475575861425529
10.640625 0.475912416991865
10.65625 0.476246604925488
10.671875 0.476578438416849
10.6875 0.476907930636721
10.703125 0.477235094735272
10.71875 0.477559943841164
10.734375 0.477882491060664
10.75 0.478202749476781
10.765625 0.478520732148404
10.78125 0.478836452109475
10.796875 0.47914992236816
10.8125 0.479461155906053
10.828125 0.479770165677385
10.84375 0.480076964608252
10.859375 0.480381565595864
10.875 0.480683981507796
10.890625 0.480984225181274
10.90625 0.481282309422459
10.921875 0.481578247005755
10.9375 0.481872050673131
10.953125 0.482163733133457
10.96875 0.482453307061855
10.984375 0.482740785099061
11 0.483026179850814
11.015625 0.483309503887238
11.03125 0.48359076974226
11.046875 0.483869989913031
11.0625 0.484147176859356
11.078125 0.484422343003152
11.09375 0.484695500727906
11.109375 0.484966662378155
11.125 0.485235840258973
11.140625 0.485503046635477
11.15625 0.485768293732341
11.171875 0.486031593733327
11.1875 0.486292958780821
11.203125 0.486552400975395
11.21875 0.486809932375367
11.234375 0.487065564996379
11.25 0.487319310810992
11.265625 0.487571181748283
11.28125 0.487821189693461
11.296875 0.488069346487492
11.3125 0.488315663926736
11.328125 0.488560153762595
11.34375 0.488802827701169
11.359375 0.489043697402932
11.375 0.489282774482404
11.390625 0.489520070507851
11.40625 0.489755597000982
11.421875 0.489989365436661
11.4375 0.490221387242631
11.453125 0.490451673799246
11.46875 0.490680236439213
11.484375 0.490907086447344
11.5 0.491132235060318
11.515625 0.491355693466453
11.53125 0.491577472805485
11.546875 0.491797584168357
11.5625 0.492016038597023
11.578125 0.492232847084249
11.59375 0.492448020573435
11.609375 0.492661569958438
11.625 0.492873506083403
11.640625 0.493083839742613
11.65625 0.493292581680333
11.671875 0.493499742590668
11.6875 0.493705333117436
11.703125 0.493909363854037
11.71875 0.494111845343338
11.734375 0.494312788077561
11.75 0.494512202498182
11.765625 0.494710098995837
11.78125 0.49490648791023
11.796875 0.495101379530058
11.8125 0.495294784092932
11.828125 0.495486711785313
11.84375 0.495677172742453
11.859375 0.495866177048338
11.875 0.496053734735645
11.890625 0.496239855785698
11.90625 0.496424550128439
11.921875 0.496607827642395
11.9375 0.496789698154658
11.953125 0.496970171440871
11.96875 0.497149257225216
11.984375 0.497326965180412
12 0.497503304927713
12.015625 0.497678286036919
12.03125 0.497851918026387
12.046875 0.498024210363047
12.0625 0.49819517246243
12.078125 0.498364813688689
12.09375 0.498533143354642
12.109375 0.498700170721799
12.125 0.498865905000417
12.140625 0.499030355349537
12.15625 0.499193530877043
12.171875 0.499355440639719
12.1875 0.499516093643307
12.203125 0.499675498842577
12.21875 0.499833665141392
12.234375 0.499990601392789
12.25 0.500146316399051
12.265625 0.500300818911796
12.28125 0.500454117632058
12.296875 0.500606221210378
12.3125 0.500757138246901
12.328125 0.500906877291472
12.34375 0.501055446843738
12.359375 0.50120285535325
12.375 0.501349111219575
12.390625 0.501494222792406
12.40625 0.501638198371676
12.421875 0.501781046207678
12.4375 0.501922774501183
12.453125 0.502063391403569
12.46875 0.502202905016944
12.484375 0.502341323394277
12.5 0.502478654539532
12.515625 0.502614906407805
12.53125 0.502750086905458
12.546875 0.502884203890263
12.5625 0.503017265171545
12.578125 0.50314927851033
12.59375 0.503280251619487
12.609375 0.503410192163889
12.625 0.503539107760554
12.640625 0.503667005978811
12.65625 0.50379389434045
12.671875 0.503919780319887
12.6875 0.50404467134432
12.703125 0.504168574793897
12.71875 0.50429149800188
12.734375 0.504413448254812
12.75 0.504534432792686
12.765625 0.504654458809115
12.78125 0.504773533451509
12.796875 0.504891663821242
12.8125 0.505008856973835
12.828125 0.505125119919127
12.84375 0.505240459621459
12.859375 0.50535488299985
12.875 0.505468396928184
12.890625 0.505581008235385
12.90625 0.50569272370561
12.921875 0.505803550078426
12.9375 0.505913494049005
12.953125 0.506022562268304
12.96875 0.50613076134326
12.984375 0.506238097836977
13 0.506344578268916
13.015625 0.506450209115089
13.03125 0.506554996808252
13.046875 0.506658947738096
13.0625 0.506762068251446
13.078125 0.506864364652452
13.09375 0.506965843202786
13.109375 0.507066510121841
13.125 0.507166371586927
13.140625 0.50726543373347
13.15625 0.507363702655209
13.171875 0.507461184404398
13.1875 0.507557884992002
13.203125 0.507653810387903
13.21875 0.507748966521094
13.234375 0.507843359279889
13.25 0.507936994512115
13.265625 0.508029878025322
13.28125 0.50812201558698
13.296875 0.508213412924686
13.3125 0.508304075726364
13.328125 0.508394009640471
13.34375 0.508483220276196
13.359375 0.508571713203668
13.375 0.508659493954159
13.390625 0.508746568020288
13.40625 0.508832940856223
13.421875 0.508918617877886
13.4375 0.50900360446316
13.453125 0.509087905952091
13.46875 0.509171527647091
13.484375 0.509254474813145
13.5 0.509336752678014
13.515625 0.509418366432439
13.53125 0.509499321230345
13.546875 0.509579622189045
13.5625 0.509659274389446
13.578125 0.509738282876248
13.59375 0.509816652658153
13.609375 0.509894388708063
13.625 0.509971495963288
13.640625 0.510047979325745
13.65625 0.510123843662163
13.671875 0.510199093804286
13.6875 0.51027373454907
13.703125 0.510347770658893
13.71875 0.510421206861748
13.734375 0.510494047851449
13.75 0.510566298287833
13.765625 0.510637962796955
13.78125 0.510709045971293
13.796875 0.510779552369945
13.8125 0.510849486518828
13.828125 0.510918852910879
13.84375 0.510987656006251
13.859375 0.511055900232511
13.875 0.51112358998484
13.890625 0.511190729626224
13.90625 0.511257323487658
13.921875 0.511323375868335
13.9375 0.511388891035846
13.953125 0.511453873226372
13.96875 0.511518326644879
13.984375 0.511582255465312
14 0.511645663830789
14.015625 0.51170855585379
14.03125 0.511770935616352
14.046875 0.511832807170261
14.0625 0.511894174537239
14.078125 0.511955041709137
14.09375 0.512015412648125
14.109375 0.512075291286875
14.125 0.512134681528759
14.140625 0.512193587248028
14.15625 0.51225201229
14.171875 0.512309960471251
14.1875 0.512367435579796
14.203125 0.512424441375274
14.21875 0.512480981589134
14.234375 0.512537059924818
14.25 0.512592680057941
14.265625 0.512647845636476
14.28125 0.512702560280934
14.296875 0.512756827584545
14.3125 0.512810651113436
14.328125 0.512864034406811
14.34375 0.512916980977131
14.359375 0.512969494310289
14.375 0.513021577865787
14.390625 0.513073235076914
14.40625 0.513124469350918
14.421875 0.513175284069184
14.4375 0.513225682587404
14.453125 0.513275668235752
14.46875 0.513325244319057
14.484375 0.513374414116973
14.5 0.513423180884149
14.515625 0.513471547850398
14.53125 0.513519518220869
14.546875 0.513567095176213
14.5625 0.513614281872751
14.578125 0.51366108144264
14.59375 0.513707496994038
14.609375 0.513753531611271
14.625 0.513799188354995
14.640625 0.513844470262362
14.65625 0.513889380347179
14.671875 0.513933921600072
14.6875 0.513978096988645
14.703125 0.514021909457645
14.71875 0.514065361929112
14.734375 0.514108457302548
14.75 0.514151198455065
14.765625 0.51419358824155
14.78125 0.514235629494814
14.796875 0.514277325025752
14.8125 0.514318677623494
14.828125 0.514359690055561
14.84375 0.514400365068015
14.859375 0.514440705385615
14.875 0.514480713711962
14.890625 0.514520392729655
14.90625 0.514559745100434
14.921875 0.514598773465337
14.9375 0.514637480444838
14.953125 0.514675868639002
14.96875 0.514713940627625
14.984375 0.514751698970385
15 0.514789146206979
15.015625 0.514826284857275
15.03125 0.514863117421447
15.046875 0.514899646380122
15.0625 0.514935874194518
15.078125 0.514971803306588
15.09375 0.515007436139155
15.109375 0.515042775096053
15.125 0.515077822562264
15.140625 0.515112580904058
15.15625 0.515147052469123
15.171875 0.515181239586707
15.1875 0.515215144567748
15.203125 0.51524876970501
15.21875 0.515282117273215
15.234375 0.515315189529176
15.25 0.515347988711927
15.265625 0.515380517042854
15.28125 0.515412776725826
15.296875 0.515444769947323
15.3125 0.515476498876565
15.328125 0.515507965665636
15.34375 0.515539172449615
15.359375 0.5155701213467
15.375 0.515600814458332
15.390625 0.515631253869321
15.40625 0.515661441647969
15.421875 0.515691379846189
15.4375 0.515721070499635
15.453125 0.515750515627815
15.46875 0.515779717234215
15.484375 0.51580867730642
15.5 0.515837397816228
15.515625 0.515865880719773
15.53125 0.515894127957641
15.546875 0.515922141454984
15.5625 0.515949923121639
15.578125 0.515977474852241
15.59375 0.516004798526337
15.609375 0.516031896008503
15.625 0.516058769148452
15.640625 0.516085419781149
15.65625 0.516111849726922
15.671875 0.516138060791573
15.6875 0.516164054766485
15.703125 0.516189833428733
15.71875 0.516215398541196
15.734375 0.516240751852657
15.75 0.516265895097918
15.765625 0.516290829997899
15.78125 0.516315558259749
15.796875 0.516340081576949
15.8125 0.516364401629414
15.828125 0.5163885200836
15.84375 0.516412438592604
15.859375 0.516436158796268
15.875 0.516459682321279
15.890625 0.516483010781268
15.90625 0.516506145776915
15.921875 0.516529088896043
15.9375 0.516551841713719
15.953125 0.516574405792352
15.96875 0.51659678268179
15.984375 0.516618973919416
16 0.516640981030243
16.015625 0.516662805527014
16.03125 0.516684448910288
16.046875 0.516705912668544
16.0625 0.516727198278265
16.078125 0.516748307204037
16.09375 0.516769240898639
16.109375 0.516790000803132
16.125 0.516810588346953
16.140625 0.516831004948004
16.15625 0.516851252012741
16.171875 0.516871330936262
16.1875 0.516891243102396
16.203125 0.516910989883792
16.21875 0.516930572642002
16.234375 0.516949992727571
16.25 0.516969251480122
16.265625 0.51698835022844
16.28125 0.517007290290555
16.296875 0.51702607297383
16.3125 0.517044699575041
16.328125 0.51706317138046
16.34375 0.517081489665937
16.359375 0.517099655696985
16.375 0.517117670728855
16.390625 0.517135536006619
16.40625 0.517153252765252
16.421875 0.517170822229708
16.4375 0.517188245614999
16.453125 0.517205524126274
16.46875 0.517222658958896
16.484375 0.517239651298519
16.5 0.517256502321165
16.515625 0.517273213193296
16.53125 0.517289785071895
16.546875 0.517306219104537
16.5625 0.517322516429463
16.578125 0.517338678175655
16.59375 0.517354705462907
16.609375 0.517370599401901
16.625 0.517386361094276
16.640625 0.517401991632699
16.65625 0.517417492100939
16.671875 0.517432863573933
16.6875 0.51744810711786
16.703125 0.517463223790209
16.71875 0.517478214639846
16.734375 0.517493080707083
16.75 0.51750782302375
16.765625 0.517522442613254
16.78125 0.517536940490655
16.796875 0.517551317662724
16.8125 0.517565575128015
16.828125 0.517579713876927
16.84375 0.51759373489177
16.859375 0.51760763914683
16.875 0.517621427608429
16.890625 0.517635101234993
16.90625 0.517648660977115
16.921875 0.517662107777612
16.9375 0.517675442571593
16.953125 0.517688666286516
16.96875 0.517701779842254
16.984375 0.517714784151149
17 0.517727680118077
17.015625 0.517740468640507
17.03125 0.51775315060856
17.046875 0.517765726905065
17.0625 0.51777819840562
17.078125 0.51779056597865
17.09375 0.517802830485465
17.109375 0.517814992780314
17.125 0.517827053710442
17.140625 0.517839014116151
17.15625 0.51785087483085
17.171875 0.517862636681111
17.1875 0.517874300486728
17.203125 0.517885867060766
17.21875 0.517897337209619
17.234375 0.517908711733063
17.25 0.517919991424305
17.265625 0.517931177070044
17.28125 0.517942269450514
17.296875 0.517953269339543
17.3125 0.517964177504602
17.328125 0.517974994706853
17.34375 0.517985721701208
17.359375 0.51799635923637
17.375 0.518006908054889
17.390625 0.51801736889321
17.40625 0.518027742481723
17.421875 0.518038029544809
17.4375 0.518048230800892
17.453125 0.518058346962484
17.46875 0.518068378736236
17.484375 0.518078326822982
17.5 0.518088191917788
17.515625 0.51809797471
17.53125 0.518107675883285
17.546875 0.518117296115684
17.5625 0.51812683607965
17.578125 0.5181362964421
17.59375 0.518145677864457
17.609375 0.518154981002691
17.625 0.51816420650737
17.640625 0.5181733550237
17.65625 0.518182427191565
17.671875 0.518191423645578
17.6875 0.518200345015118
17.703125 0.518209191924374
17.71875 0.518217964992386
17.734375 0.518226664833091
17.75 0.518235292055358
17.765625 0.518243847263033
17.78125 0.518252331054982
17.796875 0.518260744025124
17.8125 0.518269086762481
17.828125 0.51827735985121
17.84375 0.518285563870644
17.859375 0.518293699395334
17.875 0.518301766995088
17.890625 0.518309767235005
17.90625 0.518317700675518
17.921875 0.518325567872429
17.9375 0.51833336937695
17.953125 0.518341105735736
17.96875 0.518348777490926
17.984375 0.518356385180178
18 0.518363929336706
18.015625 0.518371410489314
18.03125 0.518378829162436
18.046875 0.518386185876171
18.0625 0.518393481146312
18.078125 0.518400715484392
18.09375 0.518407889397709
18.109375 0.518415003389365
18.125 0.518422057958301
18.140625 0.518429053599329
18.15625 0.518435990803166
18.171875 0.518442870056467
18.1875 0.518449691841862
18.203125 0.518456456637984
18.21875 0.518463164919503
18.234375 0.51846981715716
18.25 0.518476413817799
18.265625 0.518482955364396
18.28125 0.518489442256094
18.296875 0.518495874948233
18.3125 0.518502253892382
18.328125 0.518508579536367
18.34375 0.518514852324306
18.359375 0.518521072696635
18.375 0.518527241090143
18.390625 0.518533357937995
18.40625 0.518539423669771
18.421875 0.518545438711485
18.4375 0.518551403485624
18.453125 0.51855731841117
18.46875 0.518563183903632
18.484375 0.518569000375072
18.5 0.518574768234137
18.515625 0.518580487886083
18.53125 0.518586159732808
18.546875 0.518591784172872
18.5625 0.518597361601533
18.578125 0.518602892410766
18.59375 0.518608376989296
18.609375 0.518613815722622
18.625 0.518619208993045
18.640625 0.518624557179692
18.65625 0.518629860658544
18.671875 0.51863511980246
18.6875 0.518640334981206
18.703125 0.518645506561477
18.71875 0.518650634906924
18.734375 0.518655720378178
18.75 0.518660763332876
18.765625 0.518665764125687
18.78125 0.51867072310833
18.796875 0.518675640629607
18.8125 0.518680517035422
18.828125 0.518685352668803
18.84375 0.518690147869932
18.859375 0.518694902976162
18.875 0.518699618322046
18.890625 0.518704294239353
18.90625 0.5187089310571
18.921875 0.518713529101566
18.9375 0.518718088696321
18.953125 0.518722610162243
18.96875 0.518727093817544
18.984375 0.518731539977793
19 0.518735948955933
19.015625 0.518740321062306
19.03125 0.518744656604673
19.046875 0.518748955888238
19.0625 0.518753219215666
19.078125 0.518757446887105
19.09375 0.518761639200207
19.109375 0.518765796450149
19.125 0.518769918929651
19.140625 0.518774006929001
19.15625 0.51877806073607
19.171875 0.518782080636336
19.1875 0.518786066912901
19.203125 0.51879001984651
19.21875 0.518793939715576
19.234375 0.518797826796192
19.25 0.518801681362155
19.265625 0.518805503684983
19.28125 0.518809294033934
19.296875 0.518813052676026
19.3125 0.518816779876054
19.328125 0.518820475896608
19.34375 0.518824140998095
19.359375 0.51882777543875
19.375 0.518831379474662
19.390625 0.518834953359786
19.40625 0.518838497345962
19.421875 0.518842011682935
19.4375 0.518845496618369
19.453125 0.518848952397865
19.46875 0.51885237926498
19.484375 0.518855777461243
19.5 0.51885914722617
19.515625 0.518862488797283
19.53125 0.518865802410124
19.546875 0.518869088298275
19.5625 0.518872346693371
19.578125 0.518875577825118
19.59375 0.518878781921308
19.609375 0.518881959207834
19.625 0.518885109908709
19.640625 0.518888234246077
19.65625 0.518891332440234
19.671875 0.518894404709638
19.6875 0.518897451270926
19.703125 0.518900472338931
19.71875 0.518903468126696
19.734375 0.518906438845487
19.75 0.518909384704809
19.765625 0.518912305912421
19.78125 0.518915202674352
19.796875 0.51891807519491
19.8125 0.518920923676703
19.828125 0.518923748320648
19.84375 0.518926549325988
19.859375 0.518929326890304
19.875 0.51893208120953
19.890625 0.518934812477966
19.90625 0.518937520888292
19.921875 0.518940206631581
19.9375 0.518942869897314
19.953125 0.518945510873389
19.96875 0.51894812974614
19.984375 0.518950726700344
20 0.51895330191924
20.015625 0.518955855584536
20.03125 0.518958387876425
20.046875 0.518960898973599
20.0625 0.518963389053255
20.078125 0.518965858291117
20.09375 0.518968306861439
20.109375 0.518970734937022
20.125 0.518973142689228
20.140625 0.518975530287985
20.15625 0.518977897901807
20.171875 0.5189802456978
20.1875 0.518982573841676
20.203125 0.518984882497763
20.21875 0.51898717182902
20.234375 0.518989441997045
20.25 0.518991693162088
20.265625 0.518993925483059
20.28125 0.518996139117545
20.296875 0.518998334221816
20.3125 0.519000510950838
20.328125 0.519002669458284
20.34375 0.519004809896544
20.359375 0.519006932416736
20.375 0.519009037168715
20.390625 0.519011124301088
20.40625 0.51901319396122
20.421875 0.519015246295244
20.4375 0.519017281448075
20.453125 0.519019299563419
20.46875 0.519021300783779
20.484375 0.519023285250471
20.5 0.51902525310363
20.515625 0.519027204482221
20.53125 0.519029139524048
20.546875 0.519031058365766
20.5625 0.519032961142887
20.578125 0.519034847989792
20.59375 0.519036719039739
20.609375 0.519038574424876
20.625 0.519040414276244
20.640625 0.51904223872379
20.65625 0.519044047896379
20.671875 0.519045841921795
20.6875 0.519047620926757
20.703125 0.519049385036927
20.71875 0.519051134376915
20.734375 0.519052869070291
20.75 0.519054589239593
20.765625 0.519056295006334
20.78125 0.519057986491014
20.796875 0.519059663813125
20.8125 0.51906132709116
20.828125 0.519062976442626
20.84375 0.519064611984042
20.859375 0.519066233830959
20.875 0.51906784209796
20.890625 0.519069436898671
20.90625 0.519071018345769
20.921875 0.519072586550989
20.9375 0.519074141625132
20.953125 0.519075683678074
20.96875 0.519077212818773
20.984375 0.519078729155276
21 0.519080232794726
21.015625 0.519081723843374
21.03125 0.519083202406578
21.046875 0.519084668588821
21.0625 0.519086122493709
21.078125 0.519087564223983
21.09375 0.519088993881526
21.109375 0.519090411567369
21.125 0.519091817381698
21.140625 0.519093211423863
21.15625 0.519094593792383
21.171875 0.519095964584952
21.1875 0.519097323898451
21.203125 0.519098671828946
21.21875 0.519100008471706
21.234375 0.519101333921198
21.25 0.519102648271103
21.265625 0.519103951614318
21.28125 0.519105244042963
21.296875 0.519106525648387
21.3125 0.519107796521177
21.328125 0.519109056751161
21.34375 0.519110306427419
21.359375 0.519111545638283
21.375 0.519112774471347
21.390625 0.519113993013475
21.40625 0.519115201350801
21.421875 0.519116399568743
21.4375 0.519117587752001
21.453125 0.51911876598457
21.46875 0.519119934349739
21.484375 0.519121092930105
21.5 0.51912224180757
21.515625 0.519123381063354
21.53125 0.519124510777997
21.546875 0.519125631031366
21.5625 0.519126741902658
21.578125 0.519127843470411
21.59375 0.519128935812504
21.609375 0.519130019006164
21.625 0.519131093127974
21.640625 0.519132158253877
21.65625 0.519133214459178
21.671875 0.519134261818555
21.6875 0.51913530040606
21.703125 0.519136330295127
21.71875 0.519137351558572
21.734375 0.519138364268608
21.75 0.519139368496839
21.765625 0.519140364314272
21.78125 0.51914135179132
21.796875 0.519142330997807
21.8125 0.519143302002973
21.828125 0.519144264875479
21.84375 0.519145219683412
21.859375 0.519146166494287
21.875 0.519147105375057
21.890625 0.519148036392115
21.90625 0.519148959611297
21.921875 0.519149875097888
21.9375 0.519150782916629
21.953125 0.519151683131718
21.96875 0.519152575806815
21.984375 0.51915346100505
22 0.519154338789022
22.015625 0.519155209220808
22.03125 0.519156072361966
22.046875 0.519156928273538
22.0625 0.519157777016056
22.078125 0.519158618649544
22.09375 0.519159453233526
22.109375 0.519160280827026
22.125 0.519161101488577
22.140625 0.519161915276218
22.15625 0.519162722247506
22.171875 0.519163522459515
22.1875 0.519164315968841
22.203125 0.519165102831609
22.21875 0.51916588310347
22.234375 0.519166656839613
22.25 0.519167424094764
22.265625 0.51916818492319
22.28125 0.519168939378707
22.296875 0.519169687514677
22.3125 0.519170429384017
22.328125 0.519171165039202
22.34375 0.519171894532267
22.359375 0.519172617914812
22.375 0.519173335238004
22.390625 0.519174046552584
22.40625 0.519174751908865
22.421875 0.519175451356743
22.4375 0.519176144945694
22.453125 0.51917683272478
22.46875 0.519177514742653
22.484375 0.519178191047558
22.5 0.519178861687335
22.515625 0.519179526709425
22.53125 0.519180186160872
22.546875 0.519180840088325
22.5625 0.519181488538044
22.578125 0.5191821315559
22.59375 0.519182769187383
22.609375 0.519183401477598
22.625 0.519184028471278
22.640625 0.519184650212776
22.65625 0.519185266746077
22.671875 0.519185878114798
22.6875 0.519186484362189
22.703125 0.51918708553114
22.71875 0.519187681664181
22.734375 0.519188272803485
22.75 0.519188858990875
22.765625 0.519189440267821
22.78125 0.519190016675446
22.796875 0.519190588254531
22.8125 0.519191155045515
22.828125 0.519191717088496
22.84375 0.519192274423239
22.859375 0.519192827089175
22.875 0.519193375125407
22.890625 0.519193918570706
22.90625 0.519194457463523
22.921875 0.519194991841986
22.9375 0.519195521743902
22.953125 0.519196047206764
22.96875 0.519196568267749
22.984375 0.519197084963725
23 0.519197597331248
23.015625 0.519198105406572
23.03125 0.519198609225645
23.046875 0.519199108824114
23.0625 0.519199604237329
23.078125 0.519200095500343
23.09375 0.519200582647915
23.109375 0.519201065714516
23.125 0.519201544734323
23.140625 0.519202019741233
23.15625 0.519202490768855
23.171875 0.519202957850518
23.1875 0.519203421019272
23.203125 0.519203880307889
23.21875 0.51920433574887
23.234375 0.519204787374441
23.25 0.519205235216558
23.265625 0.51920567930691
23.28125 0.519206119676923
23.296875 0.519206556357756
23.3125 0.51920698938031
23.328125 0.519207418775227
23.34375 0.51920784457289
23.359375 0.51920826680343
23.375 0.519208685496725
23.390625 0.519209100682404
23.40625 0.519209512389846
23.421875 0.519209920648184
23.4375 0.519210325486309
23.453125 0.519210726932869
23.46875 0.519211125016272
23.484375 0.519211519764688
23.5 0.519211911206051
23.515625 0.519212299368063
23.53125 0.519212684278191
23.546875 0.519213065963674
23.5625 0.519213444451522
23.578125 0.51921381976852
23.59375 0.519214191941229
23.609375 0.519214560995984
23.625 0.519214926958904
23.640625 0.519215289855887
23.65625 0.519215649712614
23.671875 0.519216006554552
23.6875 0.519216360406954
23.703125 0.519216711294861
23.71875 0.519217059243107
23.734375 0.519217404276314
23.75 0.519217746418901
23.765625 0.519218085695081
23.78125 0.519218422128865
23.796875 0.519218755744062
23.8125 0.519219086564283
23.828125 0.51921941461294
23.84375 0.51921973991325
23.859375 0.519220062488234
23.875 0.519220382360721
23.890625 0.519220699553351
23.90625 0.519221014088571
23.921875 0.519221325988641
23.9375 0.519221635275637
23.953125 0.519221941971446
23.96875 0.519222246097775
23.984375 0.519222547676148
24 0.519222846727908
24.015625 0.519223143274221
24.03125 0.519223437336075
24.046875 0.519223728934282
24.0625 0.519224018089479
24.078125 0.519224304822132
24.09375 0.519224589152534
24.109375 0.519224871100808
24.125 0.51922515068691
24.140625 0.519225427930627
24.15625 0.519225702851582
24.171875 0.519225975469233
24.1875 0.519226245802875
24.203125 0.51922651387164
24.21875 0.519226779694503
24.234375 0.519227043290276
24.25 0.519227304677618
24.265625 0.519227563875027
24.28125 0.51922782090085
24.296875 0.519228075773279
24.3125 0.519228328510352
24.328125 0.519228579129958
24.34375 0.519228827649836
24.359375 0.519229074087575
24.375 0.519229318460618
24.390625 0.519229560786262
24.40625 0.519229801081657
24.421875 0.519230039363813
24.4375 0.519230275649595
24.453125 0.519230509955727
24.46875 0.519230742298793
24.484375 0.519230972695238
24.5 0.519231201161371
24.515625 0.519231427713362
24.53125 0.519231652367246
24.546875 0.519231875138925
24.5625 0.519232096044167
24.578125 0.519232315098607
24.59375 0.519232532317752
24.609375 0.519232747716975
24.625 0.519232961311524
24.640625 0.519233173116517
24.65625 0.519233383146945
24.671875 0.519233591417676
24.6875 0.519233797943452
24.703125 0.51923400273889
24.71875 0.519234205818487
24.734375 0.519234407196618
24.75 0.519234606887536
24.765625 0.519234804905376
24.78125 0.519235001264155
24.796875 0.519235195977772
24.8125 0.519235389060009
24.828125 0.519235580524534
24.84375 0.519235770384899
24.859375 0.519235958654543
24.875 0.519236145346792
24.890625 0.519236330474863
24.90625 0.519236514051858
24.921875 0.519236696090773
24.9375 0.519236876604492
24.953125 0.519237055605795
24.96875 0.51923723310735
24.984375 0.519237409121724
25 0.519237583661374
25.015625 0.519237756738657
25.03125 0.519237928365823
25.046875 0.519238098555021
25.0625 0.519238267318299
25.078125 0.519238434667602
25.09375 0.519238600614776
25.109375 0.519238765171569
25.125 0.519238928349628
25.140625 0.519239090160505
25.15625 0.519239250615653
25.171875 0.519239409726432
25.1875 0.519239567504102
25.203125 0.519239723959835
25.21875 0.519239879104703
25.234375 0.519240032949691
25.25 0.519240185505688
25.265625 0.519240336783492
25.28125 0.519240486793814
25.296875 0.519240635547272
25.3125 0.519240783054395
25.328125 0.519240929325625
25.34375 0.519241074371318
25.359375 0.51924121820174
25.375 0.519241360827073
25.390625 0.519241502257413
25.40625 0.519241642502771
25.421875 0.519241781573077
25.4375 0.519241919478174
25.453125 0.519242056227824
25.46875 0.519242191831708
25.484375 0.519242326299425
25.5 0.519242459640495
25.515625 0.519242591864355
25.53125 0.519242722980367
25.546875 0.519242852997812
25.5625 0.519242981925894
25.578125 0.51924310977374
25.59375 0.5192432365504
25.609375 0.519243362264848
25.625 0.519243486925984
25.640625 0.519243610542633
25.65625 0.519243733123546
25.671875 0.5192438546774
25.6875 0.5192439752128
25.703125 0.519244094738279
25.71875 0.519244213262299
25.734375 0.519244330793248
25.75 0.519244447339449
25.765625 0.519244562909151
25.78125 0.519244677510535
25.796875 0.519244791151715
25.8125 0.519244903840735
25.828125 0.519245015585572
25.84375 0.519245126394138
25.859375 0.519245236274276
25.875 0.519245345233765
25.890625 0.519245453280319
25.90625 0.519245560421586
25.921875 0.519245666665151
25.9375 0.519245772018535
25.953125 0.519245876489197
25.96875 0.519245980084532
25.984375 0.519246082811874
26 0.519246184678495
26.015625 0.519246285691607
26.03125 0.51924638585836
26.046875 0.519246485185846
26.0625 0.519246583681097
26.078125 0.519246681351084
26.09375 0.519246778202724
26.109375 0.519246874242871
26.125 0.519246969478324
26.140625 0.519247063915827
26.15625 0.519247157562064
26.171875 0.519247250423665
26.1875 0.519247342507204
26.203125 0.5192474338192
26.21875 0.519247524366117
26.234375 0.519247614154365
26.25 0.519247703190301
26.265625 0.519247791480228
26.28125 0.519247879030395
26.296875 0.519247965847003
26.3125 0.519248051936195
26.328125 0.519248137304067
26.34375 0.519248221956663
26.359375 0.519248305899976
26.375 0.519248389139947
26.390625 0.51924847168247
26.40625 0.519248553533389
26.421875 0.519248634698498
26.4375 0.519248715183543
26.453125 0.519248794994222
26.46875 0.519248874136186
26.484375 0.519248952615036
26.5 0.51924903043633
26.515625 0.519249107605575
26.53125 0.519249184128236
26.546875 0.51924926000973
26.5625 0.519249335255429
26.578125 0.519249409870659
26.59375 0.519249483860704
26.609375 0.519249557230802
26.625 0.519249629986146
26.640625 0.519249702131887
26.65625 0.519249773673134
26.671875 0.51924984461495
26.6875 0.519249914962358
26.703125 0.519249984720339
26.71875 0.519250053893831
26.734375 0.51925012248773
26.75 0.519250190506894
26.765625 0.519250257956138
26.78125 0.519250324840237
26.796875 0.519250391163925
26.8125 0.519250456931899
26.828125 0.519250522148815
26.84375 0.519250586819289
26.859375 0.5192506509479
26.875 0.519250714539188
26.890625 0.519250777597655
26.90625 0.519250840127766
26.921875 0.519250902133946
26.9375 0.519250963620587
26.953125 0.519251024592041
26.96875 0.519251085052625
26.984375 0.519251145006619
27 0.519251204458267
27.015625 0.519251263411778
27.03125 0.519251321871327
27.046875 0.519251379841052
27.0625 0.519251437325057
27.078125 0.519251494327412
27.09375 0.519251550852152
27.109375 0.519251606903279
27.125 0.519251662484761
27.140625 0.519251717600533
27.15625 0.519251772254498
27.171875 0.519251826450525
27.1875 0.51925188019245
27.203125 0.519251933484078
27.21875 0.519251986329182
27.234375 0.519252038731504
27.25 0.519252090694754
27.265625 0.51925214222261
27.28125 0.51925219331872
27.296875 0.519252243986702
27.3125 0.519252294230142
27.328125 0.519252344052599
27.34375 0.519252393457599
27.359375 0.51925244244864
27.375 0.519252491029191
27.390625 0.51925253920269
27.40625 0.519252586972549
27.421875 0.51925263434215
27.4375 0.519252681314845
27.453125 0.519252727893962
27.46875 0.519252774082796
27.484375 0.519252819884619
27.5 0.519252865302673
27.515625 0.519252910340174
27.53125 0.519252955000309
27.546875 0.519252999286242
27.5625 0.519253043201107
27.578125 0.519253086748014
27.59375 0.519253129930044
27.609375 0.519253172750257
27.625 0.519253215211683
27.640625 0.519253257317328
27.65625 0.519253299070174
27.671875 0.519253340473176
27.6875 0.519253381529265
27.703125 0.51925342224135
27.71875 0.51925346261231
27.734375 0.519253502645006
27.75 0.519253542342271
27.765625 0.519253581706916
27.78125 0.519253620741727
27.796875 0.519253659449469
27.8125 0.519253697832881
27.828125 0.519253735894681
27.84375 0.519253773637564
27.859375 0.519253811064202
27.875 0.519253848177245
27.890625 0.519253884979321
27.90625 0.519253921473034
27.921875 0.519253957660969
27.9375 0.519253993545687
27.953125 0.51925402912973
27.96875 0.519254064415616
27.984375 0.519254099405843
28 0.51925413410289
28.015625 0.519254168509212
28.03125 0.519254202627246
28.046875 0.519254236459406
28.0625 0.519254270008089
28.078125 0.519254303275669
28.09375 0.519254336264502
28.109375 0.519254368976923
28.125 0.519254401415249
28.140625 0.519254433581775
28.15625 0.51925446547878
28.171875 0.519254497108521
28.1875 0.519254528473238
28.203125 0.519254559575152
28.21875 0.519254590416464
28.234375 0.519254620999358
28.25 0.519254651326
28.265625 0.519254681398535
28.28125 0.519254711219095
28.296875 0.519254740789789
28.3125 0.519254770112711
28.328125 0.519254799189938
28.34375 0.519254828023528
28.359375 0.519254856615522
28.375 0.519254884967944
28.390625 0.519254913082803
28.40625 0.519254940962089
28.421875 0.519254968607775
28.4375 0.519254996021818
28.453125 0.51925502320616
28.46875 0.519255050162726
28.484375 0.519255076893423
28.5 0.519255103400145
28.515625 0.519255129684767
28.53125 0.519255155749151
28.546875 0.519255181595143
28.5625 0.519255207224571
28.578125 0.519255232639252
28.59375 0.519255257840983
28.609375 0.51925528283155
28.625 0.519255307612721
28.640625 0.519255332186251
28.65625 0.51925535655388
28.671875 0.519255380717334
28.6875 0.519255404678322
28.703125 0.519255428438542
28.71875 0.519255451999675
28.734375 0.51925547536339
28.75 0.519255498531341
28.765625 0.519255521505168
28.78125 0.519255544286497
28.796875 0.519255566876942
28.8125 0.519255589278102
28.828125 0.519255611491564
28.84375 0.519255633518898
28.859375 0.519255655361666
28.875 0.519255677021414
28.890625 0.519255698499675
28.90625 0.51925571979797
28.921875 0.519255740917806
28.9375 0.51925576186068
28.953125 0.519255782628073
28.96875 0.519255803221457
28.984375 0.519255823642289
29 0.519255843892015
29.015625 0.519255863972068
29.03125 0.519255883883871
29.046875 0.519255903628833
29.0625 0.519255923208352
29.078125 0.519255942623814
29.09375 0.519255961876594
29.109375 0.519255980968055
29.125 0.519255999899549
29.140625 0.519256018672416
29.15625 0.519256037287985
29.171875 0.519256055747574
29.1875 0.51925607405249
29.203125 0.51925609220403
29.21875 0.519256110203477
29.234375 0.519256128052107
29.25 0.519256145751184
29.265625 0.519256163301959
29.28125 0.519256180705677
29.296875 0.519256197963569
29.3125 0.519256215076857
29.328125 0.519256232046752
29.34375 0.519256248874457
29.359375 0.519256265561162
29.375 0.519256282108049
29.390625 0.51925629851629
29.40625 0.519256314787046
29.421875 0.519256330921469
29.4375 0.519256346920702
29.453125 0.519256362785877
29.46875 0.519256378518117
29.484375 0.519256394118537
29.5 0.519256409588241
29.515625 0.519256424928324
29.53125 0.519256440139872
29.546875 0.519256455223962
29.5625 0.519256470181663
29.578125 0.519256485014033
29.59375 0.519256499722122
29.609375 0.519256514306972
29.625 0.519256528769615
29.640625 0.519256543111076
29.65625 0.519256557332369
29.671875 0.519256571434502
29.6875 0.519256585418473
29.703125 0.519256599285271
29.71875 0.51925661303588
29.734375 0.519256626671272
29.75 0.519256640192413
29.765625 0.51925665360026
29.78125 0.519256666895762
29.796875 0.519256680079861
29.8125 0.519256693153491
29.828125 0.519256706117576
29.84375 0.519256718973034
29.859375 0.519256731720777
29.875 0.519256744361706
29.890625 0.519256756896716
29.90625 0.519256769326695
29.921875 0.519256781652523
29.9375 0.519256793875073
29.953125 0.51925680599521
29.96875 0.519256818013791
29.984375 0.519256829931669
30 0.519256841749686
30.015625 0.519256853468681
30.03125 0.519256865089481
30.046875 0.51925687661291
30.0625 0.519256888039784
30.078125 0.519256899370913
30.09375 0.519256910607097
30.109375 0.519256921749133
30.125 0.519256932797809
30.140625 0.519256943753909
30.15625 0.519256954618207
30.171875 0.519256965391472
30.1875 0.519256976074469
30.203125 0.519256986667952
30.21875 0.519256997172672
30.234375 0.519257007589372
30.25 0.519257017918791
30.265625 0.519257028161659
30.28125 0.519257038318702
30.296875 0.519257048390639
30.3125 0.519257058378183
30.328125 0.51925706828204
30.34375 0.519257078102913
30.359375 0.519257087841497
30.375 0.51925709749848
30.390625 0.519257107074548
30.40625 0.519257116570377
30.421875 0.51925712598664
30.4375 0.519257135324005
30.453125 0.519257144583131
30.46875 0.519257153764674
30.484375 0.519257162869285
30.5 0.519257171897608
30.515625 0.519257180850283
30.53125 0.519257189727943
30.546875 0.519257198531216
30.5625 0.519257207260727
30.578125 0.519257215917093
30.59375 0.519257224500926
30.609375 0.519257233012836
30.625 0.519257241453424
30.640625 0.519257249823288
30.65625 0.51925725812302
30.671875 0.519257266353209
30.6875 0.519257274514436
30.703125 0.519257282607281
30.71875 0.519257290632315
30.734375 0.519257298590107
30.75 0.51925730648122
30.765625 0.519257314306214
30.78125 0.519257322065641
30.796875 0.519257329760052
30.8125 0.519257337389991
30.828125 0.519257344955999
30.84375 0.51925735245861
30.859375 0.519257359898358
30.875 0.519257367275767
30.890625 0.51925737459136
30.90625 0.519257381845656
30.921875 0.519257389039168
30.9375 0.519257396172405
30.953125 0.519257403245872
30.96875 0.51925741026007
30.984375 0.519257417215496
31 0.519257424112643
31.015625 0.519257430951998
31.03125 0.519257437734045
31.046875 0.519257444459266
31.0625 0.519257451128135
31.078125 0.519257457741126
31.09375 0.519257464298706
31.109375 0.51925747080134
31.125 0.519257477249489
31.140625 0.519257483643608
31.15625 0.51925748998415
31.171875 0.519257496271564
31.1875 0.519257502506296
31.203125 0.519257508688787
31.21875 0.519257514819475
31.234375 0.519257520898793
31.25 0.519257526927173
31.265625 0.51925753290504
31.28125 0.519257538832818
31.296875 0.519257544710928
31.3125 0.519257550539784
31.328125 0.5192575563198
31.34375 0.519257562051385
31.359375 0.519257567734945
31.375 0.519257573370882
31.390625 0.519257578959595
31.40625 0.519257584501481
31.421875 0.51925758999693
31.4375 0.519257595446333
31.453125 0.519257600850075
31.46875 0.519257606208539
31.484375 0.519257611522104
31.5 0.519257616791146
31.515625 0.519257622016039
31.53125 0.519257627197152
31.546875 0.519257632334852
31.5625 0.519257637429503
31.578125 0.519257642481466
31.59375 0.519257647491098
31.609375 0.519257652458755
31.625 0.519257657384787
31.640625 0.519257662269543
31.65625 0.51925766711337
31.671875 0.519257671916611
31.6875 0.519257676679604
31.703125 0.519257681402689
31.71875 0.519257686086198
31.734375 0.519257690730464
31.75 0.519257695335815
31.765625 0.519257699902578
31.78125 0.519257704431076
31.796875 0.51925770892163
31.8125 0.519257713374556
31.828125 0.519257717790172
31.84375 0.519257722168789
31.859375 0.519257726510717
31.875 0.519257730816263
31.890625 0.519257735085734
31.90625 0.51925773931943
31.921875 0.519257743517652
31.9375 0.519257747680697
31.953125 0.519257751808859
31.96875 0.519257755902432
31.984375 0.519257759961704
32 0.519257763986963
Total steps: 8192
