0 0
0.25 0.00284939184509277
0.5 0.00609700366590333
0.75 0.00979125265977588
1 0.0139842450441471
1.25 0.0187313743938882
1.5 0.0240906649858483
1.75 0.0301218078310591
2 0.0368848407133204
2.25 0.0444384342059226
2.5 0.0528377654223006
2.75 0.0621319918425214
3 0.0723613795176732
3.25 0.083554191971794
3.5 0.0957235042303328
3.75 0.108864163538021
4 0.122950164526705
4.25 0.137932730187976
4.5 0.153739379896036
4.75 0.170274214453657
5 0.18741955499025
5.25 0.205038945610395
5.5 0.222981385750764
5.75 0.241086519973726
6 0.25919040411835
6.25 0.277131406293528
6.5 0.294755798638016
6.75 0.311922649089818
7 0.328507719242256
7.25 0.344406195735135
7.5 0.35953420784758
7.75 0.373829195125228
8 0.387249273821813
8.25 0.399771804217395
8.5 0.411391383072844
8.75 0.422117481477907
9 0.431971925300825
9.25 0.440986380961466
9.5 0.44919997010726
9.75 0.456657098218113
10 0.463405547710443
10.25 0.469494857659109
10.5 0.474974990441386
10.75 0.479895270168082
11 0.484303567906294
11.25 0.488245703370322
11.5 0.491765030873444
11.75 0.494902177891018
12 0.497694906735242
12.25 0.500178072910615
12.5 0.50238365720397
12.75 0.504340852111145
13 0.50607618658338
13.25 0.507613676154296
13.5 0.508974988215612
13.75 0.510179614527076
14 0.511245044984914
14.25 0.512186938263125
14.5 0.513019286222478
14.75 0.513754569995464
15 0.514403906443661
15.25 0.514977184285754
15.5 0.515483189644616
15.75 0.515929721090434
16 0.516323694489419
16.25 0.516671238125335
16.5 0.516977778661347
16.75 0.517248118566487
17 0.517486505655641
17.25 0.517696695393117
17.5 0.51788200659446
17.75 0.518045371134568
18 0.518189378236283
18.25 0.518316313875571
18.5 0.518428195799346
18.75 0.518526804611591
19 0.518613711343767
19.25 0.518690301887406
19.5 0.518757798630709
19.75 0.51881727960728
20 0.518869695433859
20.25 0.518915884285215
20.5 0.518956585128152
20.75 0.518992449412704
21 0.519024051397067
21.25 0.519051897263342
21.5 0.519076433163709
21.75 0.519098052320956
22 0.519117101293315
22.25 0.519133885501015
22.5 0.519148674100826
22.75 0.519161704284964
23 0.519173185071886
23.25 0.519183300648703
23.5 0.519192213317965
23.75 0.519200066095468
24 0.519206985000228
24.25 0.51921308107299
24.5 0.519218452155355
24.75 0.519223184457837
25 0.519227353941835
25.25 0.519231027537561
25.5 0.519234264217351
25.75 0.519237115941523
26 0.519239628491877
26.25 0.519241842206174
26.5 0.519243792625355
26.75 0.519245511063841
27 0.519247025112059
27.25 0.519248359079237
27.5 0.519249534383569
27.75 0.519250569895993
28 0.519251482243103
28.25 0.519252286074046
28.5 0.519252994295685
28.75 0.5192536182798
29 0.519254168045652
29.25 0.519254652420839
29.5 0.519255079183018
29.75 0.519255455184783
30 0.519255786463682
30.25 0.519256078339155
30.5 0.519256335497948
30.75 0.519256562069357
31 0.519256761691536
31.25 0.519256937569911
31.5 0.519257092528645
31.75 0.519257229055992
32 0.519257349344244
Total steps: 512
