0 0
0.5 0.00569445116210938
1 0.0129659977275632
1.5 0.022194470076079
2 0.0337815737378549
2.5 0.0481574762699599
3 0.065732540271818
3.5 0.0868374956479292
4 0.111645953997656
4.5 0.140085090263589
5 0.171783084180442
5.5 0.206019541873404
6 0.241769026372423
6.5 0.277808791603067
7 0.312877868279126
7.5 0.345846015354635
8 0.375840029556332
8.5 0.402329175969536
9 0.425110814117079
9.5 0.44425894516851
10 0.46004322246807
10.5 0.472846415734437
11 0.483095801189456
11.5 0.491214395500153
12 0.49759127525129
12.5 0.502578172013528
13 0.506447082694023
13.5 0.509436321880075
14 0.511738552561691
14.5 0.513507313220484
15 0.514863649936672
15.5 0.515902218134998
16 0.516696581003024
16.5 0.517303642517075
17 0.517767263874368
17.5 0.518121161719493
18 0.518391201208466
18.5 0.51859719332846
19 0.518754293905534
19.5 0.51887408695166
20 0.518965420325933
20.5 0.519035048458603
21 0.519088125594266
21.5 0.519128583688337
22 0.519159421564965
22.5 0.519182925961792
23 0.519200840382825
23.5 0.519214494011139
24 0.519224900087248
24.5 0.519232830961418
25 0.51923887533664
25.5 0.51924348192017
26 0.519246992705968
26.5 0.519249668348404
27 0.519251707504951
27.5 0.519253261580431
28 0.519254445965497
28.5 0.519255348602605
29 0.519256036514824
29.5 0.519256560781847
30 0.519256960332473
30.5 0.519257264835
31 0.519257496900107
31.5 0.519257673759725
32 0.519257808546548
Total steps: 271
