0 0
0.125 0.00129017631196916
0.25 0.00266313041215429
0.375 0.00412367066135963
0.5 0.0056768159024974
0.625 0.00732779497405964
0.75 0.00908204455922305
0.875 0.0109452051234425
1 0.0129231146751307
1.125 0.0150218000669658
1.25 0.0172474655402219
1.375 0.0196064782021024
1.5 0.0221053501173412
1.625 0.0247507166914165
1.75 0.0275493110248251
1.875 0.0305079339273423
2 0.033633419299498
2.125 0.0369325946171445
2.25 0.0404122362955324
2.375 0.0440790197632488
2.5 0.0479394641451128
2.625 0.0519998715378646
2.75 0.0562662609641124
2.875 0.0607442972089623
3 0.0654392148799351
3.125 0.0703557381833172
3.25 0.0754979970773172
3.375 0.0808694406415994
3.5 0.086472748690164
3.625 0.0923097428451746
3.75 0.0983812984770583
3.875 0.104687259093733
4 0.111226354920885
4.125 0.117996127546772
4.25 0.124992862599607
4.375 0.132211532473718
4.5 0.139645751113473
4.625 0.147287742793631
4.75 0.155128326695401
4.875 0.163156918865512
5 0.171361552860505
5.125 0.179728920023371
5.25 0.188244429921301
5.375 0.196892291002514
5.5 0.205655611021339
5.625 0.214516516251622
5.75 0.223456287979434
5.875 0.232455514258612
6 0.241494254449023
6.125 0.250552213658545
6.25 0.25960892389446
6.375 0.268643928513297
6.5 0.2776369664509
6.625 0.286568152721767
6.75 0.295418151798304
6.875 0.304168340710404
7 0.312800959032547
7.125 0.321299243333658
7.25 0.329647544135248
7.375 0.337831423934508
7.5 0.345837735379166
7.625 0.353654679208228
7.75 0.361271842077451
7.875 0.36868021485309
8 0.37587219236817
8.125 0.382841555982014
8.25 0.389583440559658
8.375 0.396094287690533
8.5 0.402371787096329
8.625 0.408414808240104
8.75 0.41422332414863
8.875 0.41979832940575
9 0.425141754174943
9.125 0.430256375974047
9.25 0.435145730763421
9.375 0.439814024729798
9.5 0.444266047959812
9.625 0.448507091006773
9.75 0.452542865167786
9.875 0.45637942711051
10 0.460023108323397
10.125 0.463480449712696
10.25 0.466758141535479
10.375 0.469862968741116
10.5 0.47280176169412
10.625 0.475581352168554
10.75 0.478208534437288
10.875 0.48069003122719
11 0.483032464272269
11.125 0.485242329169454
11.25 0.48732597422455
11.375 0.489289582967323
11.5 0.491139160013394
11.625 0.492880519955113
11.75 0.49451927897281
11.875 0.496060848870583
12 0.497510433256183
12.125 0.498873025601785
12.25 0.500153408940778
12.375 0.501356156974604
12.5 0.502485636382719
12.625 0.503546010147434
12.75 0.504541241723608
12.875 0.505475099900559
13 0.506351164220022
13.125 0.507172830829457
13.25 0.507943318664368
13.375 0.508665675866557
13.5 0.509342786357364
13.625 0.509977376496018
13.75 0.51057202176323
13.875 0.511129153419149
14 0.511651065092871
14.125 0.51213991926788
14.25 0.512597753634123
14.375 0.513026487283076
14.5 0.513427926727023
14.625 0.513803771728112
14.75 0.51415562092642
14.875 0.514484977259523
15 0.514793253168797
15.125 0.515081775590006
15.25 0.515351790727779
15.375 0.515604468615168
15.5 0.515840907460926
15.625 0.516062137788249
15.75 0.51626912636964
15.875 0.516462779963316
16 0.51664394885712
16.125 0.516813430226333
16.25 0.516971971312104
16.375 0.517120272427409
16.5 0.51725898979756
16.625 0.51738873824236
16.75 0.51751009370694
16.875 0.51762359564829
17 0.517729749284354
17.125 0.517829027712429
17.25 0.517921873903441
17.375 0.518008702578472
17.5 0.518089901973709
17.625 0.518165835499768
17.75 0.518236843301116
17.875 0.518303243721084
18 0.518365334677744
18.125 0.518423394955654
18.25 0.518477685418293
18.375 0.518528450145731
18.5 0.518575917501904
18.625 0.51862030113559
18.75 0.518661800919027
18.875 0.51870060382787
19 0.518736884765999
19.125 0.518770807338507
19.25 0.518802524575993
19.375 0.518832179613138
19.5 0.518859906324357
19.625 0.518885829919154
19.75 0.51891006749968
19.875 0.518932728582822
20 0.518953915589039
20.125 0.518973724300002
20.25 0.518992244287002
20.375 0.519009559311956
20.5 0.519025747702725
20.625 0.519040882704373
20.75 0.519055032807877
20.875 0.519068262057728
21 0.519080630339741
21.125 0.519092193650356
21.25 0.519103004348581
21.375 0.519113111391711
21.5 0.519122560555829
21.625 0.519131394642087
21.75 0.519139653669665
21.875 0.519147375056256
22 0.519154593786888
22.125 0.51916134257183
22.25 0.519167651994274
22.375 0.51917355064846
22.5 0.519179065268859
22.625 0.519184220850979
22.75 0.519189040764354
22.875 0.519193546858197
23 0.519197759560206
23.125 0.519201697968965
23.25 0.519205379940343
23.375 0.519208822168293
23.5 0.519212040260398
23.625 0.519215048808521
23.75 0.519217861454857
23.875 0.519220490953709
24 0.519222949229233
24.125 0.519225247429449
24.25 0.519227395976725
24.375 0.519229404614998
24.5 0.519231282453909
24.625 0.51923303801008
24.75 0.5192346792457
24.875 0.51923621360461
25 0.519237648046033
25.125 0.519238989076115
25.25 0.519240242777414
25.375 0.519241414836471
25.5 0.519242510569585
25.625 0.519243534946915
25.75 0.519244492615011
25.875 0.519245387917879
26 0.519246224916677
26.125 0.519247007408128
26.25 0.519247738941737
26.375 0.519248422835882
26.5 0.519249062192867
26.625 0.519249659912983
26.75 0.519250218707666
26.875 0.519250741111791
27 0.519251229495167
27.125 0.519251686073286
27.25 0.519252112917371
27.375 0.519252511963767
27.5 0.519252885022726
27.625 0.519253233786619
27.75 0.519253559837607
27.875 0.51925386465482
28 0.519254149621068
28.125 0.519254416029107
28.25 0.519254665087512
28.375 0.519254897926149
28.5 0.519255115601309
28.625 0.519255319100492
28.75 0.519255509346892
28.875 0.51925568720358
29 0.519255853477425
29.125 0.519256008922747
29.25 0.519256154244744
29.375 0.519256290102689
29.5 0.519256417112923
29.625 0.519256535851645
29.75 0.519256646857532
29.875 0.519256750634182
30 0.519256847652394
30.125 0.519256938352308
30.25 0.519257023145401
30.375 0.519257102416352
30.5 0.519257176524788
30.625 0.519257245806916
30.75 0.519257310577049
30.875 0.519257371129029
31 0.519257427737563
31.125 0.519257480659465
31.25 0.519257530134828
31.375 0.519257576388107
31.5 0.519257619629139
31.625 0.519257660054097
31.75 0.519257697846378
31.875 0.519257733177434
32 0.519257766207552
Total steps: 1024
